[INFO] Scanning for projects...
[WARNING] 
[WARNING] Some problems were encountered while building the effective model for org.phoebus:core-formula:jar:5.0.2
[WARNING] 'dependencies.dependency.(groupId:artifactId:type:classifier)' must be unique: org.phoebus:core-util:jar -> duplicate declaration of version 5.0.2 @ line 38, column 19
[WARNING] 
[WARNING] Some problems were encountered while building the effective model for org.phoebus:fnal-product:jar:5.0.2-85
[WARNING] 'version' contains an expression but should be a constant. @ org.phoebus:fnal-product:${fnal.phoebus.version}, C:\myLocalRepo\phoebus-fnal\product-fnal\pom.xml, line 6, column 12
[WARNING] 
[WARNING] Some problems were encountered while building the effective model for org.phoebus:fnal-alarm-server:jar:5.0.2-85
[WARNING] 'version' contains an expression but should be a constant. @ org.phoebus:fnal-alarm-server:${fnal.phoebus.version}, C:\myLocalRepo\phoebus-fnal\alarm-server-fnal\pom.xml, line 12, column 12
[WARNING] 
[WARNING] Some problems were encountered while building the effective model for org.phoebus:fnal-scan-server:jar:5.0.2-85
[WARNING] 'version' contains an expression but should be a constant. @ org.phoebus:fnal-scan-server:${fnal.phoebus.version}, C:\myLocalRepo\phoebus-fnal\scan-server-fnal\pom.xml, line 12, column 12
[WARNING] 
[WARNING] It is highly recommended to fix these problems because they threaten the stability of your build.
[WARNING] 
[WARNING] For this reason, future Maven versions might no longer support building such malformed projects.
[WARNING] 
[INFO] ------------------------------------------------------------------------
[INFO] Reactor Build Order:
[INFO] 
[INFO] phoebus (parent)                                                   [pom]
[INFO] dependencies                                                       [pom]
[INFO] install-jars                                                       [jar]
[INFO] phoebus-target                                                     [jar]
[INFO] core                                                               [pom]
[INFO] core-pva                                                           [jar]
[INFO] core-vtype                                                         [jar]
[INFO] core-util                                                          [jar]
[INFO] core-formula                                                       [jar]
[INFO] core-framework                                                     [jar]
[INFO] core-types                                                         [jar]
[INFO] core-pv                                                            [jar]
[INFO] core-pv-ca                                                         [jar]
[INFO] core-pv-jackie                                                     [jar]
[INFO] core-pv-mqtt                                                       [jar]
[INFO] core-pv-opva                                                       [jar]
[INFO] core-pv-pva                                                        [jar]
[INFO] core-pv-tango                                                      [jar]
[INFO] core-security                                                      [jar]
[INFO] core-ui                                                            [jar]
[INFO] core-logbook                                                       [jar]
[INFO] core-email                                                         [jar]
[INFO] core-launcher                                                      [jar]
[INFO] app                                                                [pom]
[INFO] app-diag                                                           [jar]
[INFO] app-log-configuration                                              [jar]
[INFO] app-probe                                                          [jar]
[INFO] app-pvtable                                                        [jar]
[INFO] app-pvtree                                                         [jar]
[INFO] app-update                                                         [jar]
[INFO] app-email                                                          [pom]
[INFO] app-email-ui                                                       [jar]
[INFO] app-errlog                                                         [jar]
[INFO] app-filebrowser                                                    [jar]
[INFO] app-logbook                                                        [pom]
[INFO] app-logbook-inmemory                                               [jar]
[INFO] app-logbook-ui                                                     [jar]
[INFO] app-logbook-olog                                                   [pom]
[INFO] app-logbook-olog-client                                            [jar]
[INFO] app-logbook-olog-client-es                                         [jar]
[INFO] app-logbook-olog-ui                                                [jar]
[INFO] app-logbook-elog                                                   [jar]
[INFO] app-rtplot                                                         [jar]
[INFO] app-trends                                                         [pom]
[INFO] app-trends-archive-reader                                          [jar]
[INFO] app-databrowser                                                    [jar]
[INFO] app-databrowser-json                                               [jar]
[INFO] app-databrowser-timescale                                          [jar]
[INFO] app-display                                                        [pom]
[INFO] app-display-model                                                  [jar]
[INFO] app-display-representation                                         [jar]
[INFO] app-3d-viewer                                                      [jar]
[INFO] app-display-representation-javafx                                  [jar]
[INFO] app-display-fonts                                                  [jar]
[INFO] app-display-actions                                                [jar]
[INFO] app-display-runtime                                                [jar]
[INFO] app-display-editor                                                 [jar]
[INFO] app-display-convert-medm                                           [jar]
[INFO] app-display-convert-edm                                            [jar]
[INFO] app-display-navigation                                             [jar]
[INFO] app-display-adapters                                               [jar]
[INFO] app-display-thumbwheel                                             [jar]
[INFO] app-display-linearmeter                                            [jar]
[INFO] app-alarm                                                          [pom]
[INFO] app-alarm-model                                                    [jar]
[INFO] app-alarm-ui                                                       [jar]
[INFO] app-alarm-logging-ui                                               [jar]
[INFO] app-alarm-datasouce                                                [jar]
[INFO] app-alarm-freetts-annunciator                                      [jar]
[INFO] app-alarm-audio-annunciator                                        [jar]
[INFO] app-scan                                                           [pom]
[INFO] app-scan-model                                                     [jar]
[INFO] app-scan-client                                                    [jar]
[INFO] app-scan-ui                                                        [jar]
[INFO] app-channel                                                        [pom]
[INFO] app-channel-channelfinder                                          [jar]
[INFO] app-channel-utility                                                [jar]
[INFO] app-channel-views                                                  [jar]
[INFO] app-perfmon                                                        [jar]
[INFO] app-pace                                                           [jar]
[INFO] app-save-and-restore                                               [pom]
[INFO] save-and-restore-model                                             [jar]
[INFO] save-and-restore-util                                              [jar]
[INFO] app-trends-archive-datasource                                      [jar]
[INFO] save-and-restore                                                   [jar]
[INFO] save-and-restore-logging                                           [jar]
[INFO] app-console                                                        [jar]
[INFO] app-trends-rich-adapters                                           [jar]
[INFO] app-trends-simple-adapters                                         [jar]
[INFO] app-utility                                                        [pom]
[INFO] app-utility-preference-manager                                     [jar]
[INFO] app-imageviewer                                                    [jar]
[INFO] app-credentials-management                                         [jar]
[INFO] app-eslog                                                          [jar]
[INFO] product                                                            [jar]
[INFO] services                                                           [pom]
[INFO] service-alarm-server                                               [jar]
[INFO] service-archive-engine                                             [jar]
[INFO] service-scan-server                                                [jar]
[INFO] service-alarm-logger                                               [jar]
[INFO] service-alarm-config-logger                                        [jar]
[INFO] service-save-and-restore                                           [jar]
[INFO] FNAL Phoebus Product                                               [pom]
[INFO] acnet-setting                                                      [jar]
[INFO] byte-monitor-labels                                                [jar]
[INFO] FNAL Phoebus Product                                               [jar]
[INFO] fnal-alarm-server                                                  [jar]
[INFO] org.phoebus:app-scan                                               [pom]
[INFO] org.phoebus:app-scan-model                                         [jar]
[INFO] org.phoebus:app-scan-client                                        [jar]
[INFO] org.phoebus:app-scan-ui                                            [jar]
[INFO] fnal-scan-server                                                   [jar]
[INFO] 
[INFO] -------------------------< org.phoebus:parent >-------------------------
[INFO] Building phoebus (parent) 5.0.2                                  [1/112]
[INFO]   from lib\phoebus\pom.xml
[INFO] --------------------------------[ pom ]---------------------------------
[INFO] 
[INFO] --- maven-clean-plugin:2.5:clean (default-clean) @ parent ---
[INFO] 
[INFO] --- git-commit-id-maven-plugin:9.0.1:revision (get-the-git-infos) @ parent ---
[INFO] 
[INFO] --- maven-failsafe-plugin:2.22.0:integration-test (default) @ parent ---
[INFO] Tests are skipped.
[INFO] 
[INFO] --- maven-failsafe-plugin:2.22.0:verify (default) @ parent ---
[INFO] Tests are skipped.
[INFO] 
[INFO] --- maven-install-plugin:2.4:install (default-install) @ parent ---
[INFO] Installing C:\myLocalRepo\phoebus-fnal\lib\phoebus\pom.xml to C:\Users\zyuan\.m2\repository\org\phoebus\parent\5.0.2\parent-5.0.2.pom
[INFO] 
[INFO] ----------------------< org.phoebus:dependencies >----------------------
[INFO] Building dependencies 5.0.2                                      [2/112]
[INFO]   from lib\phoebus\dependencies\pom.xml
[INFO] --------------------------------[ pom ]---------------------------------
[INFO] 
[INFO] --- maven-clean-plugin:2.5:clean (default-clean) @ dependencies ---
[INFO] 
[INFO] --- git-commit-id-maven-plugin:9.0.1:revision (get-the-git-infos) @ dependencies ---
[INFO] 
[INFO] --- maven-failsafe-plugin:2.22.0:integration-test (default) @ dependencies ---
[INFO] Tests are skipped.
[INFO] 
[INFO] --- maven-failsafe-plugin:2.22.0:verify (default) @ dependencies ---
[INFO] Tests are skipped.
[INFO] 
[INFO] --- maven-install-plugin:2.4:install (default-install) @ dependencies ---
[INFO] Installing C:\myLocalRepo\phoebus-fnal\lib\phoebus\dependencies\pom.xml to C:\Users\zyuan\.m2\repository\org\phoebus\dependencies\5.0.2\dependencies-5.0.2.pom
[INFO] 
[INFO] ----------------------< org.phoebus:install-jars >----------------------
[INFO] Building install-jars 5.0.2                                      [3/112]
[INFO]   from lib\phoebus\dependencies\install-jars\pom.xml
[INFO] --------------------------------[ jar ]---------------------------------
[INFO] 
[INFO] --- maven-clean-plugin:2.5:clean (default-clean) @ install-jars ---
[INFO] Deleting C:\myLocalRepo\phoebus-fnal\lib\phoebus\dependencies\install-jars\target
[INFO] 
[INFO] --- maven-install-plugin:2.5.2:install-file (install-pbraw) @ install-jars ---
[INFO] Installing C:\myLocalRepo\phoebus-fnal\lib\phoebus\dependencies\install-jars\lib\pbraw\pbrawclient-0.0.10.jar to C:\Users\zyuan\.m2\repository\org\epics\pbrawclient\0.0.10\pbrawclient-0.0.10.jar
[INFO] Installing C:\myLocalRepo\phoebus-fnal\lib\phoebus\dependencies\install-jars\lib\pbraw\pom.xml to C:\Users\zyuan\.m2\repository\org\epics\pbrawclient\0.0.10\pbrawclient-0.0.10.pom
[INFO] 
[INFO] --- git-commit-id-maven-plugin:9.0.1:revision (get-the-git-infos) @ install-jars ---
[INFO] 
[INFO] --- maven-resources-plugin:2.6:resources (default-resources) @ install-jars ---
[INFO] Using 'UTF-8' encoding to copy filtered resources.
[INFO] skip non existing resourceDirectory C:\myLocalRepo\phoebus-fnal\lib\phoebus\dependencies\install-jars\src\main\resources
[INFO] 
[INFO] --- maven-compiler-plugin:3.6.2:compile (default-compile) @ install-jars ---
[INFO] No sources to compile
[INFO] 
[INFO] --- maven-resources-plugin:2.6:testResources (default-testResources) @ install-jars ---
[INFO] Using 'UTF-8' encoding to copy filtered resources.
[INFO] skip non existing resourceDirectory C:\myLocalRepo\phoebus-fnal\lib\phoebus\dependencies\install-jars\src\test\resources
[INFO] 
[INFO] --- maven-compiler-plugin:3.6.2:testCompile (default-testCompile) @ install-jars ---
[INFO] No sources to compile
[INFO] 
[INFO] --- maven-surefire-plugin:3.0.0-M7:test (default-test) @ install-jars ---
[INFO] Tests are skipped.
[INFO] 
[INFO] --- maven-jar-plugin:3.3.0:jar (default-jar) @ install-jars ---
[INFO] Building jar: C:\myLocalRepo\phoebus-fnal\lib\phoebus\dependencies\install-jars\target\install-jars-5.0.2.jar
[INFO] 
[INFO] --- maven-failsafe-plugin:2.22.0:integration-test (default) @ install-jars ---
[INFO] Tests are skipped.
[INFO] 
[INFO] --- maven-failsafe-plugin:2.22.0:verify (default) @ install-jars ---
[INFO] Tests are skipped.
[INFO] 
[INFO] --- maven-install-plugin:2.5.2:install (default-install) @ install-jars ---
[INFO] Installing C:\myLocalRepo\phoebus-fnal\lib\phoebus\dependencies\install-jars\target\install-jars-5.0.2.jar to C:\Users\zyuan\.m2\repository\org\phoebus\install-jars\5.0.2\install-jars-5.0.2.jar
[INFO] Installing C:\myLocalRepo\phoebus-fnal\lib\phoebus\dependencies\install-jars\pom.xml to C:\Users\zyuan\.m2\repository\org\phoebus\install-jars\5.0.2\install-jars-5.0.2.pom
[INFO] 
[INFO] ---------------------< org.phoebus:phoebus-target >---------------------
[INFO] Building phoebus-target 5.0.2                                    [4/112]
[INFO]   from lib\phoebus\dependencies\phoebus-target\pom.xml
[INFO] --------------------------------[ jar ]---------------------------------
[INFO] 
[INFO] --- maven-clean-plugin:2.5:clean (default-clean) @ phoebus-target ---
[INFO] Deleting C:\myLocalRepo\phoebus-fnal\lib\phoebus\dependencies\phoebus-target\target
[INFO] 
[INFO] --- git-commit-id-maven-plugin:9.0.1:revision (get-the-git-infos) @ phoebus-target ---
[INFO] 
[INFO] --- maven-resources-plugin:2.6:resources (default-resources) @ phoebus-target ---
[INFO] Using 'UTF-8' encoding to copy filtered resources.
[INFO] skip non existing resourceDirectory C:\myLocalRepo\phoebus-fnal\lib\phoebus\dependencies\phoebus-target\src\main\resources
[INFO] 
[INFO] --- maven-compiler-plugin:3.6.2:compile (default-compile) @ phoebus-target ---
[INFO] No sources to compile
[INFO] 
[INFO] --- maven-resources-plugin:2.6:testResources (default-testResources) @ phoebus-target ---
[INFO] Using 'UTF-8' encoding to copy filtered resources.
[INFO] skip non existing resourceDirectory C:\myLocalRepo\phoebus-fnal\lib\phoebus\dependencies\phoebus-target\src\test\resources
[INFO] 
[INFO] --- maven-compiler-plugin:3.6.2:testCompile (default-testCompile) @ phoebus-target ---
[INFO] No sources to compile
[INFO] 
[INFO] --- maven-surefire-plugin:3.0.0-M7:test (default-test) @ phoebus-target ---
[INFO] Tests are skipped.
[INFO] 
[INFO] --- maven-dependency-plugin:2.8:copy-dependencies (copy-dependencies) @ phoebus-target ---
[INFO] Copying spring-boot-starter-json-2.7.3.jar to C:\myLocalRepo\phoebus-fnal\lib\phoebus\dependencies\phoebus-target\target\lib\spring-boot-starter-json-2.7.3.jar
[INFO] Copying commonmark-0.15.2.jar to C:\myLocalRepo\phoebus-fnal\lib\phoebus\dependencies\phoebus-target\target\lib\commonmark-0.15.2.jar
[INFO] Copying cal10n-api-0.8.1.jar to C:\myLocalRepo\phoebus-fnal\lib\phoebus\dependencies\phoebus-target\target\lib\cal10n-api-0.8.1.jar
[INFO] Copying javafx-fxml-21.0.3.jar to C:\myLocalRepo\phoebus-fnal\lib\phoebus\dependencies\phoebus-target\target\lib\javafx-fxml-21.0.3.jar
[INFO] Copying nanocontainer-remoting-1.0-RC-1.jar to C:\myLocalRepo\phoebus-fnal\lib\phoebus\dependencies\phoebus-target\target\lib\nanocontainer-remoting-1.0-RC-1.jar
[INFO] Copying jaxb-runtime-2.3.0.jar to C:\myLocalRepo\phoebus-fnal\lib\phoebus\dependencies\phoebus-target\target\lib\jaxb-runtime-2.3.0.jar
[INFO] Copying javafx-swing-21.0.3.jar to C:\myLocalRepo\phoebus-fnal\lib\phoebus\dependencies\phoebus-target\target\lib\javafx-swing-21.0.3.jar
[INFO] Copying parsson-1.0.0.jar to C:\myLocalRepo\phoebus-fnal\lib\phoebus\dependencies\phoebus-target\target\lib\parsson-1.0.0.jar
[INFO] Copying javafx-web-21.0.3-win.jar to C:\myLocalRepo\phoebus-fnal\lib\phoebus\dependencies\phoebus-target\target\lib\javafx-web-21.0.3-win.jar
[INFO] Copying mysql-connector-j-8.4.0.jar to C:\myLocalRepo\phoebus-fnal\lib\phoebus\dependencies\phoebus-target\target\lib\mysql-connector-j-8.4.0.jar
[INFO] Copying swagger-annotations-2.2.9.jar to C:\myLocalRepo\phoebus-fnal\lib\phoebus\dependencies\phoebus-target\target\lib\swagger-annotations-2.2.9.jar
[INFO] Copying opentest4j-1.2.0.jar to C:\myLocalRepo\phoebus-fnal\lib\phoebus\dependencies\phoebus-target\target\lib\opentest4j-1.2.0.jar
[INFO] Copying httpasyncclient-4.1.4.jar to C:\myLocalRepo\phoebus-fnal\lib\phoebus\dependencies\phoebus-target\target\lib\httpasyncclient-4.1.4.jar
[INFO] Copying springdoc-openapi-webmvc-core-1.7.0.jar to C:\myLocalRepo\phoebus-fnal\lib\phoebus\dependencies\phoebus-target\target\lib\springdoc-openapi-webmvc-core-1.7.0.jar
[INFO] Copying xml-apis-ext-1.3.04.jar to C:\myLocalRepo\phoebus-fnal\lib\phoebus\dependencies\phoebus-target\target\lib\xml-apis-ext-1.3.04.jar
[INFO] Copying j2objc-annotations-1.3.jar to C:\myLocalRepo\phoebus-fnal\lib\phoebus\dependencies\phoebus-target\target\lib\j2objc-annotations-1.3.jar
[INFO] Copying junit-jupiter-api-5.8.2.jar to C:\myLocalRepo\phoebus-fnal\lib\phoebus\dependencies\phoebus-target\target\lib\junit-jupiter-api-5.8.2.jar
[INFO] Copying javafx-media-21.0.3-win.jar to C:\myLocalRepo\phoebus-fnal\lib\phoebus\dependencies\phoebus-target\target\lib\javafx-media-21.0.3-win.jar
[INFO] Copying jaxb-api-2.3.0.jar to C:\myLocalRepo\phoebus-fnal\lib\phoebus\dependencies\phoebus-target\target\lib\jaxb-api-2.3.0.jar
[INFO] Copying jzlib-1.1.3.jar to C:\myLocalRepo\phoebus-fnal\lib\phoebus\dependencies\phoebus-target\target\lib\jzlib-1.1.3.jar
[INFO] Copying javax.mail-1.6.1.jar to C:\myLocalRepo\phoebus-fnal\lib\phoebus\dependencies\phoebus-target\target\lib\javax.mail-1.6.1.jar
[INFO] Copying javafx-swing-21.0.3-win.jar to C:\myLocalRepo\phoebus-fnal\lib\phoebus\dependencies\phoebus-target\target\lib\javafx-swing-21.0.3-win.jar
[INFO] Copying jetty-util-9.4.30.v20200611.jar to C:\myLocalRepo\phoebus-fnal\lib\phoebus\dependencies\phoebus-target\target\lib\jetty-util-9.4.30.v20200611.jar
[INFO] Copying jacorb-3.9.jar to C:\myLocalRepo\phoebus-fnal\lib\phoebus\dependencies\phoebus-target\target\lib\jacorb-3.9.jar
[INFO] Copying pbrawclient-0.0.10.jar to C:\myLocalRepo\phoebus-fnal\lib\phoebus\dependencies\phoebus-target\target\lib\pbrawclient-0.0.10.jar
[INFO] Copying commonmark-ext-image-attributes-0.15.2.jar to C:\myLocalRepo\phoebus-fnal\lib\phoebus\dependencies\phoebus-target\target\lib\commonmark-ext-image-attributes-0.15.2.jar
[INFO] Copying junit-jupiter-params-5.8.2.jar to C:\myLocalRepo\phoebus-fnal\lib\phoebus\dependencies\phoebus-target\target\lib\junit-jupiter-params-5.8.2.jar
[INFO] Copying accessors-smart-2.4.7.jar to C:\myLocalRepo\phoebus-fnal\lib\phoebus\dependencies\phoebus-target\target\lib\accessors-smart-2.4.7.jar
[INFO] Copying spring-test-5.3.22.jar to C:\myLocalRepo\phoebus-fnal\lib\phoebus\dependencies\phoebus-target\target\lib\spring-test-5.3.22.jar
[INFO] Copying spring-webmvc-5.3.22.jar to C:\myLocalRepo\phoebus-fnal\lib\phoebus\dependencies\phoebus-target\target\lib\spring-webmvc-5.3.22.jar
[INFO] Copying ant-launcher-1.8.2.jar to C:\myLocalRepo\phoebus-fnal\lib\phoebus\dependencies\phoebus-target\target\lib\ant-launcher-1.8.2.jar
[INFO] Copying postgresql-42.6.2.jar to C:\myLocalRepo\phoebus-fnal\lib\phoebus\dependencies\phoebus-target\target\lib\postgresql-42.6.2.jar
[INFO] Copying javafx-graphics-21.0.3-win.jar to C:\myLocalRepo\phoebus-fnal\lib\phoebus\dependencies\phoebus-target\target\lib\javafx-graphics-21.0.3-win.jar
[INFO] Copying jakarta.xml.bind-api-2.3.3.jar to C:\myLocalRepo\phoebus-fnal\lib\phoebus\dependencies\phoebus-target\target\lib\jakarta.xml.bind-api-2.3.3.jar
[INFO] Copying javafx-web-21.0.3.jar to C:\myLocalRepo\phoebus-fnal\lib\phoebus\dependencies\phoebus-target\target\lib\javafx-web-21.0.3.jar
[INFO] Copying sshd-osgi-2.12.0.jar to C:\myLocalRepo\phoebus-fnal\lib\phoebus\dependencies\phoebus-target\target\lib\sshd-osgi-2.12.0.jar
[INFO] Copying springdoc-openapi-common-1.7.0.jar to C:\myLocalRepo\phoebus-fnal\lib\phoebus\dependencies\phoebus-target\target\lib\springdoc-openapi-common-1.7.0.jar
[INFO] Copying rhino-1.7.12.jar to C:\myLocalRepo\phoebus-fnal\lib\phoebus\dependencies\phoebus-target\target\lib\rhino-1.7.12.jar
[INFO] Copying org.eclipse.jgit.archive-6.9.0.202403050737-r.jar to C:\myLocalRepo\phoebus-fnal\lib\phoebus\dependencies\phoebus-target\target\lib\org.eclipse.jgit.archive-6.9.0.202403050737-r.jar
[INFO] Copying jetty-http-9.4.30.v20200611.jar to C:\myLocalRepo\phoebus-fnal\lib\phoebus\dependencies\phoebus-target\target\lib\jetty-http-9.4.30.v20200611.jar
[INFO] Copying epics-pvdata-6.1.9.jar to C:\myLocalRepo\phoebus-fnal\lib\phoebus\dependencies\phoebus-target\target\lib\epics-pvdata-6.1.9.jar
[INFO] Copying stax-ex-1.7.8.jar to C:\myLocalRepo\phoebus-fnal\lib\phoebus\dependencies\phoebus-target\target\lib\stax-ex-1.7.8.jar
[INFO] Copying jsch-0.1.55.jar to C:\myLocalRepo\phoebus-fnal\lib\phoebus\dependencies\phoebus-target\target\lib\jsch-0.1.55.jar
[INFO] Copying testfx-junit-4.0.13-alpha.jar to C:\myLocalRepo\phoebus-fnal\lib\phoebus\dependencies\phoebus-target\target\lib\testfx-junit-4.0.13-alpha.jar
[INFO] Copying txw2-2.3.0.jar to C:\myLocalRepo\phoebus-fnal\lib\phoebus\dependencies\phoebus-target\target\lib\txw2-2.3.0.jar
[INFO] Copying antlr-2.7.2.jar to C:\myLocalRepo\phoebus-fnal\lib\phoebus\dependencies\phoebus-target\target\lib\antlr-2.7.2.jar
[INFO] Copying spring-boot-starter-tomcat-2.7.3.jar to C:\myLocalRepo\phoebus-fnal\lib\phoebus\dependencies\phoebus-target\target\lib\spring-boot-starter-tomcat-2.7.3.jar
[INFO] Copying mockito-core-2.23.4.jar to C:\myLocalRepo\phoebus-fnal\lib\phoebus\dependencies\phoebus-target\target\lib\mockito-core-2.23.4.jar
[INFO] Copying epics-pvaccess-5.1.9.jar to C:\myLocalRepo\phoebus-fnal\lib\phoebus\dependencies\phoebus-target\target\lib\epics-pvaccess-5.1.9.jar
[INFO] Copying jython-standalone-2.7.4b1.jar to C:\myLocalRepo\phoebus-fnal\lib\phoebus\dependencies\phoebus-target\target\lib\jython-standalone-2.7.4b1.jar
[INFO] Copying c3p0-0.9.5.4.jar to C:\myLocalRepo\phoebus-fnal\lib\phoebus\dependencies\phoebus-target\target\lib\c3p0-0.9.5.4.jar
[INFO] Copying json-smart-2.4.7.jar to C:\myLocalRepo\phoebus-fnal\lib\phoebus\dependencies\phoebus-target\target\lib\json-smart-2.4.7.jar
[INFO] Copying org.osgi.core-6.0.0.jar to C:\myLocalRepo\phoebus-fnal\lib\phoebus\dependencies\phoebus-target\target\lib\org.osgi.core-6.0.0.jar
[INFO] Copying jnacl-1.0.0.jar to C:\myLocalRepo\phoebus-fnal\lib\phoebus\dependencies\phoebus-target\target\lib\jnacl-1.0.0.jar
[INFO] Copying mchange-commons-java-0.2.15.jar to C:\myLocalRepo\phoebus-fnal\lib\phoebus\dependencies\phoebus-target\target\lib\mchange-commons-java-0.2.15.jar
[INFO] Copying rocksdbjni-7.9.2.jar to C:\myLocalRepo\phoebus-fnal\lib\phoebus\dependencies\phoebus-target\target\lib\rocksdbjni-7.9.2.jar
[INFO] Copying JTangoCommons-9.7.0.jar to C:\myLocalRepo\phoebus-fnal\lib\phoebus\dependencies\phoebus-target\target\lib\JTangoCommons-9.7.0.jar
[INFO] Copying jsonassert-1.5.1.jar to C:\myLocalRepo\phoebus-fnal\lib\phoebus\dependencies\phoebus-target\target\lib\jsonassert-1.5.1.jar
[INFO] Copying jakarta.validation-api-2.0.2.jar to C:\myLocalRepo\phoebus-fnal\lib\phoebus\dependencies\phoebus-target\target\lib\jakarta.validation-api-2.0.2.jar
[INFO] Copying JavaEWAH-1.2.3.jar to C:\myLocalRepo\phoebus-fnal\lib\phoebus\dependencies\phoebus-target\target\lib\JavaEWAH-1.2.3.jar
[INFO] Copying org.eclipse.jgit.ssh.jsch-6.9.0.202403050737-r.jar to C:\myLocalRepo\phoebus-fnal\lib\phoebus\dependencies\phoebus-target\target\lib\org.eclipse.jgit.ssh.jsch-6.9.0.202403050737-r.jar
[INFO] Copying py4j-0.10.2.1.jar to C:\myLocalRepo\phoebus-fnal\lib\phoebus\dependencies\phoebus-target\target\lib\py4j-0.10.2.1.jar
[INFO] Copying jackson-databind-2.12.3.jar to C:\myLocalRepo\phoebus-fnal\lib\phoebus\dependencies\phoebus-target\target\lib\jackson-databind-2.12.3.jar
[INFO] Copying mx4j-3.0.1.jar to C:\myLocalRepo\phoebus-fnal\lib\phoebus\dependencies\phoebus-target\target\lib\mx4j-3.0.1.jar
[INFO] Copying javafx-controls-21.0.3-win.jar to C:\myLocalRepo\phoebus-fnal\lib\phoebus\dependencies\phoebus-target\target\lib\javafx-controls-21.0.3-win.jar
[INFO] Copying TangORB-9.7.0.jar to C:\myLocalRepo\phoebus-fnal\lib\phoebus\dependencies\phoebus-target\target\lib\TangORB-9.7.0.jar
[INFO] Copying spring-boot-2.7.3.jar to C:\myLocalRepo\phoebus-fnal\lib\phoebus\dependencies\phoebus-target\target\lib\spring-boot-2.7.3.jar
[INFO] Copying listenablefuture-9999.0-empty-to-avoid-conflict-with-guava.jar to C:\myLocalRepo\phoebus-fnal\lib\phoebus\dependencies\phoebus-target\target\lib\listenablefuture-9999.0-empty-to-avoid-conflict-with-guava.jar
[INFO] Copying spring-jcl-5.3.22.jar to C:\myLocalRepo\phoebus-fnal\lib\phoebus\dependencies\phoebus-target\target\lib\spring-jcl-5.3.22.jar
[INFO] Copying HikariCP-java7-2.4.13.jar to C:\myLocalRepo\phoebus-fnal\lib\phoebus\dependencies\phoebus-target\target\lib\HikariCP-java7-2.4.13.jar
[INFO] Copying reactive-streams-1.0.3.jar to C:\myLocalRepo\phoebus-fnal\lib\phoebus\dependencies\phoebus-target\target\lib\reactive-streams-1.0.3.jar
[INFO] Copying validation-api-2.0.1.Final.jar to C:\myLocalRepo\phoebus-fnal\lib\phoebus\dependencies\phoebus-target\target\lib\validation-api-2.0.1.Final.jar
[INFO] Copying assertj-core-3.9.1.jar to C:\myLocalRepo\phoebus-fnal\lib\phoebus\dependencies\phoebus-target\target\lib\assertj-core-3.9.1.jar
[INFO] Copying spring-aop-5.3.22.jar to C:\myLocalRepo\phoebus-fnal\lib\phoebus\dependencies\phoebus-target\target\lib\spring-aop-5.3.22.jar
[INFO] Copying JTangoClientLang-9.7.0.jar to C:\myLocalRepo\phoebus-fnal\lib\phoebus\dependencies\phoebus-target\target\lib\JTangoClientLang-9.7.0.jar
[INFO] Copying cglib-full-2.0.jar to C:\myLocalRepo\phoebus-fnal\lib\phoebus\dependencies\phoebus-target\target\lib\cglib-full-2.0.jar
[INFO] Copying jakarta.activation-api-1.2.2.jar to C:\myLocalRepo\phoebus-fnal\lib\phoebus\dependencies\phoebus-target\target\lib\jakarta.activation-api-1.2.2.jar
[INFO] Copying ant-1.8.2.jar to C:\myLocalRepo\phoebus-fnal\lib\phoebus\dependencies\phoebus-target\target\lib\ant-1.8.2.jar
[INFO] Copying commons-compress-1.26.1.jar to C:\myLocalRepo\phoebus-fnal\lib\phoebus\dependencies\phoebus-target\target\lib\commons-compress-1.26.1.jar
[INFO] Copying snappy-java-1.1.10.5.jar to C:\myLocalRepo\phoebus-fnal\lib\phoebus\dependencies\phoebus-target\target\lib\snappy-java-1.1.10.5.jar
[INFO] Copying failureaccess-1.0.1.jar to C:\myLocalRepo\phoebus-fnal\lib\phoebus\dependencies\phoebus-target\target\lib\failureaccess-1.0.1.jar
[INFO] Copying jackson-module-parameter-names-2.13.3.jar to C:\myLocalRepo\phoebus-fnal\lib\phoebus\dependencies\phoebus-target\target\lib\jackson-module-parameter-names-2.13.3.jar
[INFO] Copying javax.jms-api-2.0.1.jar to C:\myLocalRepo\phoebus-fnal\lib\phoebus\dependencies\phoebus-target\target\lib\javax.jms-api-2.0.1.jar
[INFO] Copying jfxtras-agenda-9.0-r1.jar to C:\myLocalRepo\phoebus-fnal\lib\phoebus\dependencies\phoebus-target\target\lib\jfxtras-agenda-9.0-r1.jar
[INFO] Copying zstd-jni-1.5.5-1.jar to C:\myLocalRepo\phoebus-fnal\lib\phoebus\dependencies\phoebus-target\target\lib\zstd-jni-1.5.5-1.jar
[INFO] Copying json-path-2.7.0.jar to C:\myLocalRepo\phoebus-fnal\lib\phoebus\dependencies\phoebus-target\target\lib\json-path-2.7.0.jar
[INFO] Copying mx4j-impl-2.1.1.jar to C:\myLocalRepo\phoebus-fnal\lib\phoebus\dependencies\phoebus-target\target\lib\mx4j-impl-2.1.1.jar
[INFO] Copying jfxtras-controls-9.0-r1.jar to C:\myLocalRepo\phoebus-fnal\lib\phoebus\dependencies\phoebus-target\target\lib\jfxtras-controls-9.0-r1.jar
[INFO] Copying ehcache-core-2.3.0.jar to C:\myLocalRepo\phoebus-fnal\lib\phoebus\dependencies\phoebus-target\target\lib\ehcache-core-2.3.0.jar
[INFO] Copying jacorb-omgapi-3.8.jar to C:\myLocalRepo\phoebus-fnal\lib\phoebus\dependencies\phoebus-target\target\lib\jacorb-omgapi-3.8.jar
[INFO] Copying jsr305-3.0.2.jar to C:\myLocalRepo\phoebus-fnal\lib\phoebus\dependencies\phoebus-target\target\lib\jsr305-3.0.2.jar
[INFO] Copying java_cup-0.9e.jar to C:\myLocalRepo\phoebus-fnal\lib\phoebus\dependencies\phoebus-target\target\lib\java_cup-0.9e.jar
[INFO] Copying proxytoys-0.1.jar to C:\myLocalRepo\phoebus-fnal\lib\phoebus\dependencies\phoebus-target\target\lib\proxytoys-0.1.jar
[INFO] Copying jacorb-services-3.9.jar to C:\myLocalRepo\phoebus-fnal\lib\phoebus\dependencies\phoebus-target\target\lib\jacorb-services-3.9.jar
[INFO] Copying junit-jupiter-5.8.2.jar to C:\myLocalRepo\phoebus-fnal\lib\phoebus\dependencies\phoebus-target\target\lib\junit-jupiter-5.8.2.jar
[INFO] Copying spring-boot-autoconfigure-2.7.3.jar to C:\myLocalRepo\phoebus-fnal\lib\phoebus\dependencies\phoebus-target\target\lib\spring-boot-autoconfigure-2.7.3.jar
[INFO] Copying sshd-sftp-2.12.0.jar to C:\myLocalRepo\phoebus-fnal\lib\phoebus\dependencies\phoebus-target\target\lib\sshd-sftp-2.12.0.jar
[INFO] Copying tango-idl-java-5.jar to C:\myLocalRepo\phoebus-fnal\lib\phoebus\dependencies\phoebus-target\target\lib\tango-idl-java-5.jar
[INFO] Copying spring-expression-5.3.22.jar to C:\myLocalRepo\phoebus-fnal\lib\phoebus\dependencies\phoebus-target\target\lib\spring-expression-5.3.22.jar
[INFO] Copying snakeyaml-1.30.jar to C:\myLocalRepo\phoebus-fnal\lib\phoebus\dependencies\phoebus-target\target\lib\snakeyaml-1.30.jar
[INFO] Copying javafx-fxml-21.0.3-win.jar to C:\myLocalRepo\phoebus-fnal\lib\phoebus\dependencies\phoebus-target\target\lib\javafx-fxml-21.0.3-win.jar
[INFO] Copying org.eclipse.paho.client.mqttv3-1.2.2.jar to C:\myLocalRepo\phoebus-fnal\lib\phoebus\dependencies\phoebus-target\target\lib\org.eclipse.paho.client.mqttv3-1.2.2.jar
[INFO] Copying xmlgraphics-commons-2.4.jar to C:\myLocalRepo\phoebus-fnal\lib\phoebus\dependencies\phoebus-target\target\lib\xmlgraphics-commons-2.4.jar
[INFO] Copying javafx-media-21.0.3.jar to C:\myLocalRepo\phoebus-fnal\lib\phoebus\dependencies\phoebus-target\target\lib\javafx-media-21.0.3.jar
[INFO] Copying istack-commons-runtime-3.0.5.jar to C:\myLocalRepo\phoebus-fnal\lib\phoebus\dependencies\phoebus-target\target\lib\istack-commons-runtime-3.0.5.jar
[INFO] Copying geronimo-spec-ejb-2.1-rc2.jar to C:\myLocalRepo\phoebus-fnal\lib\phoebus\dependencies\phoebus-target\target\lib\geronimo-spec-ejb-2.1-rc2.jar
[INFO] Copying wrapper-3.1.0.jar to C:\myLocalRepo\phoebus-fnal\lib\phoebus\dependencies\phoebus-target\target\lib\wrapper-3.1.0.jar
[INFO] Copying xmlunit-core-2.9.0.jar to C:\myLocalRepo\phoebus-fnal\lib\phoebus\dependencies\phoebus-target\target\lib\xmlunit-core-2.9.0.jar
[INFO] Copying spring-boot-test-2.7.3.jar to C:\myLocalRepo\phoebus-fnal\lib\phoebus\dependencies\phoebus-target\target\lib\spring-boot-test-2.7.3.jar
[INFO] Copying byte-buddy-agent-1.9.3.jar to C:\myLocalRepo\phoebus-fnal\lib\phoebus\dependencies\phoebus-target\target\lib\byte-buddy-agent-1.9.3.jar
[INFO] Copying transmorph-3.1.3.jar to C:\myLocalRepo\phoebus-fnal\lib\phoebus\dependencies\phoebus-target\target\lib\transmorph-3.1.3.jar
[INFO] Copying objenesis-2.6.jar to C:\myLocalRepo\phoebus-fnal\lib\phoebus\dependencies\phoebus-target\target\lib\objenesis-2.6.jar
[INFO] Copying jacorb-idl-compiler-3.8.jar to C:\myLocalRepo\phoebus-fnal\lib\phoebus\dependencies\phoebus-target\target\lib\jacorb-idl-compiler-3.8.jar
[INFO] Copying mockito-junit-jupiter-4.5.1.jar to C:\myLocalRepo\phoebus-fnal\lib\phoebus\dependencies\phoebus-target\target\lib\mockito-junit-jupiter-4.5.1.jar
[INFO] Copying commons-io-2.15.1.jar to C:\myLocalRepo\phoebus-fnal\lib\phoebus\dependencies\phoebus-target\target\lib\commons-io-2.15.1.jar
[INFO] Copying slf4j-jdk14-1.7.28.jar to C:\myLocalRepo\phoebus-fnal\lib\phoebus\dependencies\phoebus-target\target\lib\slf4j-jdk14-1.7.28.jar
[INFO] Copying JTango-9.7.0.pom to C:\myLocalRepo\phoebus-fnal\lib\phoebus\dependencies\phoebus-target\target\lib\JTango-9.7.0.pom
[INFO] Copying commons-math3-3.6.1.jar to C:\myLocalRepo\phoebus-fnal\lib\phoebus\dependencies\phoebus-target\target\lib\commons-math3-3.6.1.jar
[INFO] Copying jackson-datatype-jdk8-2.13.3.jar to C:\myLocalRepo\phoebus-fnal\lib\phoebus\dependencies\phoebus-target\target\lib\jackson-datatype-jdk8-2.13.3.jar
[INFO] Copying logback-classic-1.2.3.jar to C:\myLocalRepo\phoebus-fnal\lib\phoebus\dependencies\phoebus-target\target\lib\logback-classic-1.2.3.jar
[INFO] Copying jackson-core-2.12.3.jar to C:\myLocalRepo\phoebus-fnal\lib\phoebus\dependencies\phoebus-target\target\lib\jackson-core-2.12.3.jar
[INFO] Copying org.eclipse.jgit-6.9.0.202403050737-r.jar to C:\myLocalRepo\phoebus-fnal\lib\phoebus\dependencies\phoebus-target\target\lib\org.eclipse.jgit-6.9.0.202403050737-r.jar
[INFO] Copying hawtbuf-1.11.jar to C:\myLocalRepo\phoebus-fnal\lib\phoebus\dependencies\phoebus-target\target\lib\hawtbuf-1.11.jar
[INFO] Copying activemq-client-5.18.4.jar to C:\myLocalRepo\phoebus-fnal\lib\phoebus\dependencies\phoebus-target\target\lib\activemq-client-5.18.4.jar
[INFO] Copying jfxtras-fxml-9.0-r1.jar to C:\myLocalRepo\phoebus-fnal\lib\phoebus\dependencies\phoebus-target\target\lib\jfxtras-fxml-9.0-r1.jar
[INFO] Copying junit-jupiter-engine-5.8.2.jar to C:\myLocalRepo\phoebus-fnal\lib\phoebus\dependencies\phoebus-target\target\lib\junit-jupiter-engine-5.8.2.jar
[INFO] Copying epics-jackie-common-3.1.0.jar to C:\myLocalRepo\phoebus-fnal\lib\phoebus\dependencies\phoebus-target\target\lib\epics-jackie-common-3.1.0.jar
[INFO] Copying hamcrest-all-1.3.jar to C:\myLocalRepo\phoebus-fnal\lib\phoebus\dependencies\phoebus-target\target\lib\hamcrest-all-1.3.jar
[INFO] Copying jackson-annotations-2.12.3.jar to C:\myLocalRepo\phoebus-fnal\lib\phoebus\dependencies\phoebus-target\target\lib\jackson-annotations-2.12.3.jar
[INFO] Copying jfxtras-common-9.0-r1.jar to C:\myLocalRepo\phoebus-fnal\lib\phoebus\dependencies\phoebus-target\target\lib\jfxtras-common-9.0-r1.jar
[INFO] Copying log4j-to-slf4j-2.17.1.jar to C:\myLocalRepo\phoebus-fnal\lib\phoebus\dependencies\phoebus-target\target\lib\log4j-to-slf4j-2.17.1.jar
[INFO] Copying junit-platform-engine-1.8.2.jar to C:\myLocalRepo\phoebus-fnal\lib\phoebus\dependencies\phoebus-target\target\lib\junit-platform-engine-1.8.2.jar
[INFO] Copying spring-boot-starter-2.7.3.jar to C:\myLocalRepo\phoebus-fnal\lib\phoebus\dependencies\phoebus-target\target\lib\spring-boot-starter-2.7.3.jar
[INFO] Copying kafka-streams-3.6.1.jar to C:\myLocalRepo\phoebus-fnal\lib\phoebus\dependencies\phoebus-target\target\lib\kafka-streams-3.6.1.jar
[INFO] Copying epics-jackie-client-3.1.0.jar to C:\myLocalRepo\phoebus-fnal\lib\phoebus\dependencies\phoebus-target\target\lib\epics-jackie-client-3.1.0.jar
[INFO] Copying controlsfx-11.1.2.jar to C:\myLocalRepo\phoebus-fnal\lib\phoebus\dependencies\phoebus-target\target\lib\controlsfx-11.1.2.jar
[INFO] Copying asm-9.1.jar to C:\myLocalRepo\phoebus-fnal\lib\phoebus\dependencies\phoebus-target\target\lib\asm-9.1.jar
[INFO] Copying junit-3.8.1.jar to C:\myLocalRepo\phoebus-fnal\lib\phoebus\dependencies\phoebus-target\target\lib\junit-3.8.1.jar
[INFO] Copying javafx-base-21.0.3.jar to C:\myLocalRepo\phoebus-fnal\lib\phoebus\dependencies\phoebus-target\target\lib\javafx-base-21.0.3.jar
[INFO] Copying activation-1.1.jar to C:\myLocalRepo\phoebus-fnal\lib\phoebus\dependencies\phoebus-target\target\lib\activation-1.1.jar
[INFO] Copying jmock-cglib-1.0.1.jar to C:\myLocalRepo\phoebus-fnal\lib\phoebus\dependencies\phoebus-target\target\lib\jmock-cglib-1.0.1.jar
[INFO] Copying elasticsearch-rest-client-8.2.0.jar to C:\myLocalRepo\phoebus-fnal\lib\phoebus\dependencies\phoebus-target\target\lib\elasticsearch-rest-client-8.2.0.jar
[INFO] Copying testfx-core-4.0.13-alpha.jar to C:\myLocalRepo\phoebus-fnal\lib\phoebus\dependencies\phoebus-target\target\lib\testfx-core-4.0.13-alpha.jar
[INFO] Copying logback-core-1.2.3.jar to C:\myLocalRepo\phoebus-fnal\lib\phoebus\dependencies\phoebus-target\target\lib\logback-core-1.2.3.jar
[INFO] Copying derbytools-10.16.1.1.jar to C:\myLocalRepo\phoebus-fnal\lib\phoebus\dependencies\phoebus-target\target\lib\derbytools-10.16.1.1.jar
[INFO] Copying commons-codec-1.16.1.jar to C:\myLocalRepo\phoebus-fnal\lib\phoebus\dependencies\phoebus-target\target\lib\commons-codec-1.16.1.jar
[INFO] Copying checker-qual-3.31.0.jar to C:\myLocalRepo\phoebus-fnal\lib\phoebus\dependencies\phoebus-target\target\lib\checker-qual-3.31.0.jar
[INFO] Copying javafx-controls-21.0.3.jar to C:\myLocalRepo\phoebus-fnal\lib\phoebus\dependencies\phoebus-target\target\lib\javafx-controls-21.0.3.jar
[INFO] Copying eddsa-0.3.0.jar to C:\myLocalRepo\phoebus-fnal\lib\phoebus\dependencies\phoebus-target\target\lib\eddsa-0.3.0.jar
[INFO] Copying httpcore-4.4.12.jar to C:\myLocalRepo\phoebus-fnal\lib\phoebus\dependencies\phoebus-target\target\lib\httpcore-4.4.12.jar
[INFO] Copying jackson-datatype-jsr310-2.12.3.jar to C:\myLocalRepo\phoebus-fnal\lib\phoebus\dependencies\phoebus-target\target\lib\jackson-datatype-jsr310-2.12.3.jar
[INFO] Copying hamcrest-2.2.jar to C:\myLocalRepo\phoebus-fnal\lib\phoebus\dependencies\phoebus-target\target\lib\hamcrest-2.2.jar
[INFO] Copying javax.servlet-api-3.1.0.jar to C:\myLocalRepo\phoebus-fnal\lib\phoebus\dependencies\phoebus-target\target\lib\javax.servlet-api-3.1.0.jar
[INFO] Copying javafx-base-21.0.3-win.jar to C:\myLocalRepo\phoebus-fnal\lib\phoebus\dependencies\phoebus-target\target\lib\javafx-base-21.0.3-win.jar
[INFO] Copying tomcat-embed-websocket-9.0.65.jar to C:\myLocalRepo\phoebus-fnal\lib\phoebus\dependencies\phoebus-target\target\lib\tomcat-embed-websocket-9.0.65.jar
[INFO] Copying spring-context-5.3.22.jar to C:\myLocalRepo\phoebus-fnal\lib\phoebus\dependencies\phoebus-target\target\lib\spring-context-5.3.22.jar
[INFO] Copying jboss-rmi-api_1.0_spec-1.0.6.Final.jar to C:\myLocalRepo\phoebus-fnal\lib\phoebus\dependencies\phoebus-target\target\lib\jboss-rmi-api_1.0_spec-1.0.6.Final.jar
[INFO] Copying mx4j-jmx-2.1.1.jar to C:\myLocalRepo\phoebus-fnal\lib\phoebus\dependencies\phoebus-target\target\lib\mx4j-jmx-2.1.1.jar
[INFO] Copying derbyshared-10.16.1.1.jar to C:\myLocalRepo\phoebus-fnal\lib\phoebus\dependencies\phoebus-target\target\lib\derbyshared-10.16.1.1.jar
[INFO] Copying spring-boot-test-autoconfigure-2.7.3.jar to C:\myLocalRepo\phoebus-fnal\lib\phoebus\dependencies\phoebus-target\target\lib\spring-boot-test-autoconfigure-2.7.3.jar
[INFO] Copying quartz-2.3.2.jar to C:\myLocalRepo\phoebus-fnal\lib\phoebus\dependencies\phoebus-target\target\lib\quartz-2.3.2.jar
[INFO] Copying spring-web-5.3.22.jar to C:\myLocalRepo\phoebus-fnal\lib\phoebus\dependencies\phoebus-target\target\lib\spring-web-5.3.22.jar
[INFO] Copying lz4-java-1.8.0.jar to C:\myLocalRepo\phoebus-fnal\lib\phoebus\dependencies\phoebus-target\target\lib\lz4-java-1.8.0.jar
[INFO] Copying springdoc-openapi-ui-1.7.0.jar to C:\myLocalRepo\phoebus-fnal\lib\phoebus\dependencies\phoebus-target\target\lib\springdoc-openapi-ui-1.7.0.jar
[INFO] Copying byte-buddy-1.9.3.jar to C:\myLocalRepo\phoebus-fnal\lib\phoebus\dependencies\phoebus-target\target\lib\byte-buddy-1.9.3.jar
[INFO] Copying swagger-models-2.2.9.jar to C:\myLocalRepo\phoebus-fnal\lib\phoebus\dependencies\phoebus-target\target\lib\swagger-models-2.2.9.jar
[INFO] Copying javax.ws.rs-api-2.1.jar to C:\myLocalRepo\phoebus-fnal\lib\phoebus\dependencies\phoebus-target\target\lib\javax.ws.rs-api-2.1.jar
[INFO] Copying jakarta.jms-api-2.0.3.jar to C:\myLocalRepo\phoebus-fnal\lib\phoebus\dependencies\phoebus-target\target\lib\jakarta.jms-api-2.0.3.jar
[INFO] Copying slf4j-api-1.7.36.jar to C:\myLocalRepo\phoebus-fnal\lib\phoebus\dependencies\phoebus-target\target\lib\slf4j-api-1.7.36.jar
[INFO] Copying spring-core-5.3.22.jar to C:\myLocalRepo\phoebus-fnal\lib\phoebus\dependencies\phoebus-target\target\lib\spring-core-5.3.22.jar
[INFO] Copying spring-boot-starter-test-2.7.3.jar to C:\myLocalRepo\phoebus-fnal\lib\phoebus\dependencies\phoebus-target\target\lib\spring-boot-starter-test-2.7.3.jar
[INFO] Copying freetts-1.2.2.jar to C:\myLocalRepo\phoebus-fnal\lib\phoebus\dependencies\phoebus-target\target\lib\freetts-1.2.2.jar
[INFO] Copying vtype-json-1.0.7.jar to C:\myLocalRepo\phoebus-fnal\lib\phoebus\dependencies\phoebus-target\target\lib\vtype-json-1.0.7.jar
[INFO] Copying javax.json-api-1.1.4.jar to C:\myLocalRepo\phoebus-fnal\lib\phoebus\dependencies\phoebus-target\target\lib\javax.json-api-1.1.4.jar
[INFO] Copying kafka-clients-3.6.1.jar to C:\myLocalRepo\phoebus-fnal\lib\phoebus\dependencies\phoebus-target\target\lib\kafka-clients-3.6.1.jar
[INFO] Copying org.eclipse.jgit.ssh.apache-6.9.0.202403050737-r.jar to C:\myLocalRepo\phoebus-fnal\lib\phoebus\dependencies\phoebus-target\target\lib\org.eclipse.jgit.ssh.apache-6.9.0.202403050737-r.jar
[INFO] Copying install-jars-5.0.2.jar to C:\myLocalRepo\phoebus-fnal\lib\phoebus\dependencies\phoebus-target\target\lib\install-jars-5.0.2.jar
[INFO] Copying jakarta.annotation-api-1.3.5.jar to C:\myLocalRepo\phoebus-fnal\lib\phoebus\dependencies\phoebus-target\target\lib\jakarta.annotation-api-1.3.5.jar
[INFO] Copying jcl-over-slf4j-1.7.32.jar to C:\myLocalRepo\phoebus-fnal\lib\phoebus\dependencies\phoebus-target\target\lib\jcl-over-slf4j-1.7.32.jar
[INFO] Copying tomcat-embed-el-9.0.65.jar to C:\myLocalRepo\phoebus-fnal\lib\phoebus\dependencies\phoebus-target\target\lib\tomcat-embed-el-9.0.65.jar
[INFO] Copying elasticsearch-rest-client-sniffer-8.2.0.jar to C:\myLocalRepo\phoebus-fnal\lib\phoebus\dependencies\phoebus-target\target\lib\elasticsearch-rest-client-sniffer-8.2.0.jar
[INFO] Copying spring-boot-starter-web-2.7.3.jar to C:\myLocalRepo\phoebus-fnal\lib\phoebus\dependencies\phoebus-target\target\lib\spring-boot-starter-web-2.7.3.jar
[INFO] Copying jmock-1.0.1.jar to C:\myLocalRepo\phoebus-fnal\lib\phoebus\dependencies\phoebus-target\target\lib\jmock-1.0.1.jar
[INFO] Copying guava-29.0-jre.jar to C:\myLocalRepo\phoebus-fnal\lib\phoebus\dependencies\phoebus-target\target\lib\guava-29.0-jre.jar
[INFO] Copying httpcore-nio-4.4.12.jar to C:\myLocalRepo\phoebus-fnal\lib\phoebus\dependencies\phoebus-target\target\lib\httpcore-nio-4.4.12.jar
[INFO] Copying bsh-2.0b5.jar to C:\myLocalRepo\phoebus-fnal\lib\phoebus\dependencies\phoebus-target\target\lib\bsh-2.0b5.jar
[INFO] Copying jeromq-0.5.1.jar to C:\myLocalRepo\phoebus-fnal\lib\phoebus\dependencies\phoebus-target\target\lib\jeromq-0.5.1.jar
[INFO] Copying hamcrest-core-1.3.jar to C:\myLocalRepo\phoebus-fnal\lib\phoebus\dependencies\phoebus-target\target\lib\hamcrest-core-1.3.jar
[INFO] Copying JTangoServer-9.7.0.jar to C:\myLocalRepo\phoebus-fnal\lib\phoebus\dependencies\phoebus-target\target\lib\JTangoServer-9.7.0.jar
[INFO] Copying spring-beans-5.3.22.jar to C:\myLocalRepo\phoebus-fnal\lib\phoebus\dependencies\phoebus-target\target\lib\spring-beans-5.3.22.jar
[INFO] Copying javax.activation-1.2.0.jar to C:\myLocalRepo\phoebus-fnal\lib\phoebus\dependencies\phoebus-target\target\lib\javax.activation-1.2.0.jar
[INFO] Copying swagger-ui-4.18.2.jar to C:\myLocalRepo\phoebus-fnal\lib\phoebus\dependencies\phoebus-target\target\lib\swagger-ui-4.18.2.jar
[INFO] Copying slf4j-ext-1.7.6.jar to C:\myLocalRepo\phoebus-fnal\lib\phoebus\dependencies\phoebus-target\target\lib\slf4j-ext-1.7.6.jar
[INFO] Copying jetty-servlet-9.4.30.v20200611.jar to C:\myLocalRepo\phoebus-fnal\lib\phoebus\dependencies\phoebus-target\target\lib\jetty-servlet-9.4.30.v20200611.jar
[INFO] Copying epics-ntypes-0.3.9.jar to C:\myLocalRepo\phoebus-fnal\lib\phoebus\dependencies\phoebus-target\target\lib\epics-ntypes-0.3.9.jar
[INFO] Copying jaxb-core-2.3.0.jar to C:\myLocalRepo\phoebus-fnal\lib\phoebus\dependencies\phoebus-target\target\lib\jaxb-core-2.3.0.jar
[INFO] Copying picocontainer-1.2.jar to C:\myLocalRepo\phoebus-fnal\lib\phoebus\dependencies\phoebus-target\target\lib\picocontainer-1.2.jar
[INFO] Copying epics-util-1.0.7.jar to C:\myLocalRepo\phoebus-fnal\lib\phoebus\dependencies\phoebus-target\target\lib\epics-util-1.0.7.jar
[INFO] Copying jetty-io-9.4.30.v20200611.jar to C:\myLocalRepo\phoebus-fnal\lib\phoebus\dependencies\phoebus-target\target\lib\jetty-io-9.4.30.v20200611.jar
[INFO] Copying junit-platform-commons-1.8.2.jar to C:\myLocalRepo\phoebus-fnal\lib\phoebus\dependencies\phoebus-target\target\lib\junit-platform-commons-1.8.2.jar
[INFO] Copying jetty-security-9.4.30.v20200611.jar to C:\myLocalRepo\phoebus-fnal\lib\phoebus\dependencies\phoebus-target\target\lib\jetty-security-9.4.30.v20200611.jar
[INFO] Copying error_prone_annotations-2.3.4.jar to C:\myLocalRepo\phoebus-fnal\lib\phoebus\dependencies\phoebus-target\target\lib\error_prone_annotations-2.3.4.jar
[INFO] Copying jackson-dataformat-yaml-2.14.2.jar to C:\myLocalRepo\phoebus-fnal\lib\phoebus\dependencies\phoebus-target\target\lib\jackson-dataformat-yaml-2.14.2.jar
[INFO] Copying commons-lang3-3.14.0.jar to C:\myLocalRepo\phoebus-fnal\lib\phoebus\dependencies\phoebus-target\target\lib\commons-lang3-3.14.0.jar
[INFO] Copying elasticsearch-java-8.2.0.jar to C:\myLocalRepo\phoebus-fnal\lib\phoebus\dependencies\phoebus-target\target\lib\elasticsearch-java-8.2.0.jar
[INFO] Copying tomcat-embed-core-9.0.65.jar to C:\myLocalRepo\phoebus-fnal\lib\phoebus\dependencies\phoebus-target\target\lib\tomcat-embed-core-9.0.65.jar
[INFO] Copying swagger-core-2.2.9.jar to C:\myLocalRepo\phoebus-fnal\lib\phoebus\dependencies\phoebus-target\target\lib\swagger-core-2.2.9.jar
[INFO] Copying httpclient-4.5.10.jar to C:\myLocalRepo\phoebus-fnal\lib\phoebus\dependencies\phoebus-target\target\lib\httpclient-4.5.10.jar
[INFO] Copying vtype-1.0.7.jar to C:\myLocalRepo\phoebus-fnal\lib\phoebus\dependencies\phoebus-target\target\lib\vtype-1.0.7.jar
[INFO] Copying log4j-api-2.17.1.jar to C:\myLocalRepo\phoebus-fnal\lib\phoebus\dependencies\phoebus-target\target\lib\log4j-api-2.17.1.jar
[INFO] Copying javafx-graphics-21.0.3.jar to C:\myLocalRepo\phoebus-fnal\lib\phoebus\dependencies\phoebus-target\target\lib\javafx-graphics-21.0.3.jar
[INFO] Copying rxjava-3.0.9.jar to C:\myLocalRepo\phoebus-fnal\lib\phoebus\dependencies\phoebus-target\target\lib\rxjava-3.0.9.jar
[INFO] Copying jca-2.4.9.jar to C:\myLocalRepo\phoebus-fnal\lib\phoebus\dependencies\phoebus-target\target\lib\jca-2.4.9.jar
[INFO] Copying protobuf-java-3.21.9.jar to C:\myLocalRepo\phoebus-fnal\lib\phoebus\dependencies\phoebus-target\target\lib\protobuf-java-3.21.9.jar
[INFO] Copying derby-10.16.1.1.jar to C:\myLocalRepo\phoebus-fnal\lib\phoebus\dependencies\phoebus-target\target\lib\derby-10.16.1.1.jar
[INFO] Copying jakarta.json-api-2.0.1.jar to C:\myLocalRepo\phoebus-fnal\lib\phoebus\dependencies\phoebus-target\target\lib\jakarta.json-api-2.0.1.jar
[INFO] Copying apiguardian-api-1.1.2.jar to C:\myLocalRepo\phoebus-fnal\lib\phoebus\dependencies\phoebus-target\target\lib\apiguardian-api-1.1.2.jar
[INFO] Copying jmatio-1.2.jar to C:\myLocalRepo\phoebus-fnal\lib\phoebus\dependencies\phoebus-target\target\lib\jmatio-1.2.jar
[INFO] Copying commons-logging-1.1.3.jar to C:\myLocalRepo\phoebus-fnal\lib\phoebus\dependencies\phoebus-target\target\lib\commons-logging-1.1.3.jar
[INFO] Copying jetty-server-9.4.30.v20200611.jar to C:\myLocalRepo\phoebus-fnal\lib\phoebus\dependencies\phoebus-target\target\lib\jetty-server-9.4.30.v20200611.jar
[INFO] Copying epics-core-7.0.10.pom to C:\myLocalRepo\phoebus-fnal\lib\phoebus\dependencies\phoebus-target\target\lib\epics-core-7.0.10.pom
[INFO] Copying FastInfoset-1.2.13.jar to C:\myLocalRepo\phoebus-fnal\lib\phoebus\dependencies\phoebus-target\target\lib\FastInfoset-1.2.13.jar
[INFO] Copying android-json-0.0.20131108.vaadin1.jar to C:\myLocalRepo\phoebus-fnal\lib\phoebus\dependencies\phoebus-target\target\lib\android-json-0.0.20131108.vaadin1.jar
[INFO] Copying commonmark-ext-gfm-tables-0.15.2.jar to C:\myLocalRepo\phoebus-fnal\lib\phoebus\dependencies\phoebus-target\target\lib\commonmark-ext-gfm-tables-0.15.2.jar
[INFO] Copying batik-all-1.17.jar to C:\myLocalRepo\phoebus-fnal\lib\phoebus\dependencies\phoebus-target\target\lib\batik-all-1.17.jar
[INFO] 
[INFO] --- maven-jar-plugin:3.3.0:jar (default-jar) @ phoebus-target ---
[INFO] Building jar: C:\myLocalRepo\phoebus-fnal\lib\phoebus\dependencies\phoebus-target\target\phoebus-target-5.0.2.jar
[INFO] 
[INFO] --- maven-failsafe-plugin:2.22.0:integration-test (default) @ phoebus-target ---
[INFO] Tests are skipped.
[INFO] 
[INFO] --- maven-failsafe-plugin:2.22.0:verify (default) @ phoebus-target ---
[INFO] Tests are skipped.
[INFO] 
[INFO] --- maven-install-plugin:2.4:install (default-install) @ phoebus-target ---
[INFO] Installing C:\myLocalRepo\phoebus-fnal\lib\phoebus\dependencies\phoebus-target\target\phoebus-target-5.0.2.jar to C:\Users\zyuan\.m2\repository\org\phoebus\phoebus-target\5.0.2\phoebus-target-5.0.2.jar
[INFO] Installing C:\myLocalRepo\phoebus-fnal\lib\phoebus\dependencies\phoebus-target\pom.xml to C:\Users\zyuan\.m2\repository\org\phoebus\phoebus-target\5.0.2\phoebus-target-5.0.2.pom
[INFO] 
[INFO] --------------------------< org.phoebus:core >--------------------------
[INFO] Building core 5.0.2                                              [5/112]
[INFO]   from lib\phoebus\core\pom.xml
[INFO] --------------------------------[ pom ]---------------------------------
[INFO] 
[INFO] --- maven-clean-plugin:2.5:clean (default-clean) @ core ---
[INFO] 
[INFO] --- git-commit-id-maven-plugin:9.0.1:revision (get-the-git-infos) @ core ---
[INFO] 
[INFO] --- maven-failsafe-plugin:2.22.0:integration-test (default) @ core ---
[INFO] Tests are skipped.
[INFO] 
[INFO] --- maven-failsafe-plugin:2.22.0:verify (default) @ core ---
[INFO] Tests are skipped.
[INFO] 
[INFO] --- maven-install-plugin:2.4:install (default-install) @ core ---
[INFO] Installing C:\myLocalRepo\phoebus-fnal\lib\phoebus\core\pom.xml to C:\Users\zyuan\.m2\repository\org\phoebus\core\5.0.2\core-5.0.2.pom
[INFO] 
[INFO] ------------------------< org.phoebus:core-pva >------------------------
[INFO] Building core-pva 5.0.2                                          [6/112]
[INFO]   from lib\phoebus\core\pva\pom.xml
[INFO] --------------------------------[ jar ]---------------------------------
[INFO] 
[INFO] --- maven-clean-plugin:2.5:clean (default-clean) @ core-pva ---
[INFO] Deleting C:\myLocalRepo\phoebus-fnal\lib\phoebus\core\pva\target
[INFO] 
[INFO] --- git-commit-id-maven-plugin:9.0.1:revision (get-the-git-infos) @ core-pva ---
[INFO] 
[INFO] --- maven-resources-plugin:2.6:resources (default-resources) @ core-pva ---
[INFO] Using 'UTF-8' encoding to copy filtered resources.
[INFO] Copying 1 resource
[INFO] 
[INFO] --- maven-compiler-plugin:3.6.2:compile (default-compile) @ core-pva ---
[INFO] Changes detected - recompiling the module!
[INFO] Compiling 129 source files to C:\myLocalRepo\phoebus-fnal\lib\phoebus\core\pva\target\classes
[INFO] 
[INFO] --- maven-resources-plugin:2.6:testResources (default-testResources) @ core-pva ---
[INFO] Using 'UTF-8' encoding to copy filtered resources.
[INFO] Copying 7 resources
[INFO] 
[INFO] --- maven-compiler-plugin:3.6.2:testCompile (default-testCompile) @ core-pva ---
[INFO] Changes detected - recompiling the module!
[INFO] Compiling 44 source files to C:\myLocalRepo\phoebus-fnal\lib\phoebus\core\pva\target\test-classes
[INFO] 
[INFO] --- maven-surefire-plugin:3.0.0-M7:test (default-test) @ core-pva ---
[INFO] Tests are skipped.
[INFO] 
[INFO] --- maven-jar-plugin:3.3.0:jar (default-jar) @ core-pva ---
[INFO] Building jar: C:\myLocalRepo\phoebus-fnal\lib\phoebus\core\pva\target\core-pva-5.0.2.jar
[INFO] 
[INFO] --- maven-failsafe-plugin:2.22.0:integration-test (default) @ core-pva ---
[INFO] Tests are skipped.
[INFO] 
[INFO] --- maven-failsafe-plugin:2.22.0:verify (default) @ core-pva ---
[INFO] Tests are skipped.
[INFO] 
[INFO] --- maven-install-plugin:2.4:install (default-install) @ core-pva ---
[INFO] Installing C:\myLocalRepo\phoebus-fnal\lib\phoebus\core\pva\target\core-pva-5.0.2.jar to C:\Users\zyuan\.m2\repository\org\phoebus\core-pva\5.0.2\core-pva-5.0.2.jar
[INFO] Installing C:\myLocalRepo\phoebus-fnal\lib\phoebus\core\pva\pom.xml to C:\Users\zyuan\.m2\repository\org\phoebus\core-pva\5.0.2\core-pva-5.0.2.pom
[INFO] 
[INFO] -----------------------< org.phoebus:core-vtype >-----------------------
[INFO] Building core-vtype 5.0.2                                        [7/112]
[INFO]   from lib\phoebus\core\vtype\pom.xml
[INFO] --------------------------------[ jar ]---------------------------------
[INFO] 
[INFO] --- maven-clean-plugin:2.5:clean (default-clean) @ core-vtype ---
[INFO] Deleting C:\myLocalRepo\phoebus-fnal\lib\phoebus\core\vtype\target
[INFO] 
[INFO] --- git-commit-id-maven-plugin:9.0.1:revision (get-the-git-infos) @ core-vtype ---
[INFO] 
[INFO] --- maven-resources-plugin:2.6:resources (default-resources) @ core-vtype ---
[INFO] Using 'UTF-8' encoding to copy filtered resources.
[INFO] skip non existing resourceDirectory C:\myLocalRepo\phoebus-fnal\lib\phoebus\core\vtype\src\main\resources
[INFO] 
[INFO] --- maven-compiler-plugin:3.6.2:compile (default-compile) @ core-vtype ---
[INFO] Changes detected - recompiling the module!
[INFO] Compiling 2 source files to C:\myLocalRepo\phoebus-fnal\lib\phoebus\core\vtype\target\classes
[INFO] 
[INFO] --- maven-resources-plugin:2.6:testResources (default-testResources) @ core-vtype ---
[INFO] Using 'UTF-8' encoding to copy filtered resources.
[INFO] skip non existing resourceDirectory C:\myLocalRepo\phoebus-fnal\lib\phoebus\core\vtype\src\test\resources
[INFO] 
[INFO] --- maven-compiler-plugin:3.6.2:testCompile (default-testCompile) @ core-vtype ---
[INFO] Changes detected - recompiling the module!
[INFO] Compiling 1 source file to C:\myLocalRepo\phoebus-fnal\lib\phoebus\core\vtype\target\test-classes
[INFO] 
[INFO] --- maven-surefire-plugin:3.0.0-M7:test (default-test) @ core-vtype ---
[INFO] Tests are skipped.
[INFO] 
[INFO] --- maven-jar-plugin:3.3.0:jar (default-jar) @ core-vtype ---
[INFO] Building jar: C:\myLocalRepo\phoebus-fnal\lib\phoebus\core\vtype\target\core-vtype-5.0.2.jar
[INFO] 
[INFO] --- maven-failsafe-plugin:2.22.0:integration-test (default) @ core-vtype ---
[INFO] Tests are skipped.
[INFO] 
[INFO] --- maven-failsafe-plugin:2.22.0:verify (default) @ core-vtype ---
[INFO] Tests are skipped.
[INFO] 
[INFO] --- maven-install-plugin:2.4:install (default-install) @ core-vtype ---
[INFO] Installing C:\myLocalRepo\phoebus-fnal\lib\phoebus\core\vtype\target\core-vtype-5.0.2.jar to C:\Users\zyuan\.m2\repository\org\phoebus\core-vtype\5.0.2\core-vtype-5.0.2.jar
[INFO] Installing C:\myLocalRepo\phoebus-fnal\lib\phoebus\core\vtype\pom.xml to C:\Users\zyuan\.m2\repository\org\phoebus\core-vtype\5.0.2\core-vtype-5.0.2.pom
[INFO] 
[INFO] -----------------------< org.phoebus:core-util >------------------------
[INFO] Building core-util 5.0.2                                         [8/112]
[INFO]   from lib\phoebus\core\util\pom.xml
[INFO] --------------------------------[ jar ]---------------------------------
[INFO] 
[INFO] --- maven-clean-plugin:2.5:clean (default-clean) @ core-util ---
[INFO] Deleting C:\myLocalRepo\phoebus-fnal\lib\phoebus\core\util\target
[INFO] 
[INFO] --- git-commit-id-maven-plugin:9.0.1:revision (get-the-git-infos) @ core-util ---
[INFO] 
[INFO] --- maven-resources-plugin:2.6:resources (default-resources) @ core-util ---
[INFO] Using 'UTF-8' encoding to copy filtered resources.
[INFO] skip non existing resourceDirectory C:\myLocalRepo\phoebus-fnal\lib\phoebus\core\util\src\main\resources
[INFO] 
[INFO] --- maven-compiler-plugin:3.6.2:compile (default-compile) @ core-util ---
[INFO] Changes detected - recompiling the module!
[INFO] Compiling 15 source files to C:\myLocalRepo\phoebus-fnal\lib\phoebus\core\util\target\classes
[INFO] 
[INFO] --- maven-resources-plugin:2.6:testResources (default-testResources) @ core-util ---
[INFO] Using 'UTF-8' encoding to copy filtered resources.
[INFO] Copying 9 resources
[INFO] 
[INFO] --- maven-compiler-plugin:3.6.2:testCompile (default-testCompile) @ core-util ---
[INFO] Changes detected - recompiling the module!
[INFO] Compiling 14 source files to C:\myLocalRepo\phoebus-fnal\lib\phoebus\core\util\target\test-classes
[INFO] 
[INFO] --- maven-surefire-plugin:3.0.0-M7:test (default-test) @ core-util ---
[INFO] Tests are skipped.
[INFO] 
[INFO] --- maven-jar-plugin:3.3.0:jar (default-jar) @ core-util ---
[INFO] Building jar: C:\myLocalRepo\phoebus-fnal\lib\phoebus\core\util\target\core-util-5.0.2.jar
[INFO] 
[INFO] --- maven-failsafe-plugin:2.22.0:integration-test (default) @ core-util ---
[INFO] Tests are skipped.
[INFO] 
[INFO] --- maven-failsafe-plugin:2.22.0:verify (default) @ core-util ---
[INFO] Tests are skipped.
[INFO] 
[INFO] --- maven-install-plugin:2.4:install (default-install) @ core-util ---
[INFO] Installing C:\myLocalRepo\phoebus-fnal\lib\phoebus\core\util\target\core-util-5.0.2.jar to C:\Users\zyuan\.m2\repository\org\phoebus\core-util\5.0.2\core-util-5.0.2.jar
[INFO] Installing C:\myLocalRepo\phoebus-fnal\lib\phoebus\core\util\pom.xml to C:\Users\zyuan\.m2\repository\org\phoebus\core-util\5.0.2\core-util-5.0.2.pom
[INFO] 
[INFO] ----------------------< org.phoebus:core-formula >----------------------
[INFO] Building core-formula 5.0.2                                      [9/112]
[INFO]   from lib\phoebus\core\formula\pom.xml
[INFO] --------------------------------[ jar ]---------------------------------
[INFO] 
[INFO] --- maven-clean-plugin:2.5:clean (default-clean) @ core-formula ---
[INFO] Deleting C:\myLocalRepo\phoebus-fnal\lib\phoebus\core\formula\target
[INFO] 
[INFO] --- git-commit-id-maven-plugin:9.0.1:revision (get-the-git-infos) @ core-formula ---
[INFO] 
[INFO] --- maven-resources-plugin:2.6:resources (default-resources) @ core-formula ---
[INFO] Using 'UTF-8' encoding to copy filtered resources.
[INFO] Copying 1 resource
[INFO] 
[INFO] --- maven-compiler-plugin:3.6.2:compile (default-compile) @ core-formula ---
[INFO] Changes detected - recompiling the module!
[INFO] Compiling 102 source files to C:\myLocalRepo\phoebus-fnal\lib\phoebus\core\formula\target\classes
[INFO] 
[INFO] --- maven-resources-plugin:2.6:testResources (default-testResources) @ core-formula ---
[INFO] Using 'UTF-8' encoding to copy filtered resources.
[INFO] skip non existing resourceDirectory C:\myLocalRepo\phoebus-fnal\lib\phoebus\core\formula\src\test\resources
[INFO] 
[INFO] --- maven-compiler-plugin:3.6.2:testCompile (default-testCompile) @ core-formula ---
[INFO] Changes detected - recompiling the module!
[INFO] Compiling 17 source files to C:\myLocalRepo\phoebus-fnal\lib\phoebus\core\formula\target\test-classes
[INFO] 
[INFO] --- maven-surefire-plugin:3.0.0-M7:test (default-test) @ core-formula ---
[INFO] Tests are skipped.
[INFO] 
[INFO] --- maven-jar-plugin:3.3.0:jar (default-jar) @ core-formula ---
[INFO] Building jar: C:\myLocalRepo\phoebus-fnal\lib\phoebus\core\formula\target\core-formula-5.0.2.jar
[INFO] 
[INFO] --- maven-failsafe-plugin:2.22.0:integration-test (default) @ core-formula ---
[INFO] Tests are skipped.
[INFO] 
[INFO] --- maven-failsafe-plugin:2.22.0:verify (default) @ core-formula ---
[INFO] Tests are skipped.
[INFO] 
[INFO] --- maven-install-plugin:2.4:install (default-install) @ core-formula ---
[INFO] Installing C:\myLocalRepo\phoebus-fnal\lib\phoebus\core\formula\target\core-formula-5.0.2.jar to C:\Users\zyuan\.m2\repository\org\phoebus\core-formula\5.0.2\core-formula-5.0.2.jar
[INFO] Installing C:\myLocalRepo\phoebus-fnal\lib\phoebus\core\formula\pom.xml to C:\Users\zyuan\.m2\repository\org\phoebus\core-formula\5.0.2\core-formula-5.0.2.pom
[INFO] 
[INFO] ---------------------< org.phoebus:core-framework >---------------------
[INFO] Building core-framework 5.0.2                                   [10/112]
[INFO]   from lib\phoebus\core\framework\pom.xml
[INFO] --------------------------------[ jar ]---------------------------------
[INFO] 
[INFO] --- maven-clean-plugin:2.5:clean (default-clean) @ core-framework ---
[INFO] Deleting C:\myLocalRepo\phoebus-fnal\lib\phoebus\core\framework\target
[INFO] 
[INFO] --- git-commit-id-maven-plugin:9.0.1:revision (get-the-git-infos) @ core-framework ---
[INFO] 
[INFO] --- maven-resources-plugin:2.6:resources (default-resources) @ core-framework ---
[INFO] Using 'UTF-8' encoding to copy filtered resources.
[INFO] Copying 4 resources
[INFO] 
[INFO] --- maven-compiler-plugin:3.6.2:compile (default-compile) @ core-framework ---
[INFO] Changes detected - recompiling the module!
[INFO] Compiling 67 source files to C:\myLocalRepo\phoebus-fnal\lib\phoebus\core\framework\target\classes
[INFO] 
[INFO] --- maven-resources-plugin:2.6:testResources (default-testResources) @ core-framework ---
[INFO] Using 'UTF-8' encoding to copy filtered resources.
[INFO] Copying 10 resources
[INFO] 
[INFO] --- maven-compiler-plugin:3.6.2:testCompile (default-testCompile) @ core-framework ---
[INFO] Changes detected - recompiling the module!
[INFO] Compiling 18 source files to C:\myLocalRepo\phoebus-fnal\lib\phoebus\core\framework\target\test-classes
[INFO] 
[INFO] --- maven-surefire-plugin:3.0.0-M7:test (default-test) @ core-framework ---
[INFO] Tests are skipped.
[INFO] 
[INFO] --- maven-jar-plugin:3.3.0:jar (default-jar) @ core-framework ---
[INFO] Building jar: C:\myLocalRepo\phoebus-fnal\lib\phoebus\core\framework\target\core-framework-5.0.2.jar
[INFO] 
[INFO] --- maven-failsafe-plugin:2.22.0:integration-test (default) @ core-framework ---
[INFO] Tests are skipped.
[INFO] 
[INFO] --- maven-failsafe-plugin:2.22.0:verify (default) @ core-framework ---
[INFO] Tests are skipped.
[INFO] 
[INFO] --- maven-install-plugin:2.4:install (default-install) @ core-framework ---
[INFO] Installing C:\myLocalRepo\phoebus-fnal\lib\phoebus\core\framework\target\core-framework-5.0.2.jar to C:\Users\zyuan\.m2\repository\org\phoebus\core-framework\5.0.2\core-framework-5.0.2.jar
[INFO] Installing C:\myLocalRepo\phoebus-fnal\lib\phoebus\core\framework\pom.xml to C:\Users\zyuan\.m2\repository\org\phoebus\core-framework\5.0.2\core-framework-5.0.2.pom
[INFO] 
[INFO] -----------------------< org.phoebus:core-types >-----------------------
[INFO] Building core-types 5.0.2                                       [11/112]
[INFO]   from lib\phoebus\core\types\pom.xml
[INFO] --------------------------------[ jar ]---------------------------------
[INFO] 
[INFO] --- maven-clean-plugin:2.5:clean (default-clean) @ core-types ---
[INFO] Deleting C:\myLocalRepo\phoebus-fnal\lib\phoebus\core\types\target
[INFO] 
[INFO] --- git-commit-id-maven-plugin:9.0.1:revision (get-the-git-infos) @ core-types ---
[INFO] 
[INFO] --- maven-resources-plugin:2.6:resources (default-resources) @ core-types ---
[INFO] Using 'UTF-8' encoding to copy filtered resources.
[INFO] skip non existing resourceDirectory C:\myLocalRepo\phoebus-fnal\lib\phoebus\core\types\src\main\resources
[INFO] 
[INFO] --- maven-compiler-plugin:3.6.2:compile (default-compile) @ core-types ---
[INFO] Changes detected - recompiling the module!
[INFO] Compiling 2 source files to C:\myLocalRepo\phoebus-fnal\lib\phoebus\core\types\target\classes
[INFO] 
[INFO] --- maven-resources-plugin:2.6:testResources (default-testResources) @ core-types ---
[INFO] Using 'UTF-8' encoding to copy filtered resources.
[INFO] skip non existing resourceDirectory C:\myLocalRepo\phoebus-fnal\lib\phoebus\core\types\src\test\resources
[INFO] 
[INFO] --- maven-compiler-plugin:3.6.2:testCompile (default-testCompile) @ core-types ---
[INFO] No sources to compile
[INFO] 
[INFO] --- maven-surefire-plugin:3.0.0-M7:test (default-test) @ core-types ---
[INFO] Tests are skipped.
[INFO] 
[INFO] --- maven-jar-plugin:3.3.0:jar (default-jar) @ core-types ---
[INFO] Building jar: C:\myLocalRepo\phoebus-fnal\lib\phoebus\core\types\target\core-types-5.0.2.jar
[INFO] 
[INFO] --- maven-failsafe-plugin:2.22.0:integration-test (default) @ core-types ---
[INFO] Tests are skipped.
[INFO] 
[INFO] --- maven-failsafe-plugin:2.22.0:verify (default) @ core-types ---
[INFO] Tests are skipped.
[INFO] 
[INFO] --- maven-install-plugin:2.4:install (default-install) @ core-types ---
[INFO] Installing C:\myLocalRepo\phoebus-fnal\lib\phoebus\core\types\target\core-types-5.0.2.jar to C:\Users\zyuan\.m2\repository\org\phoebus\core-types\5.0.2\core-types-5.0.2.jar
[INFO] Installing C:\myLocalRepo\phoebus-fnal\lib\phoebus\core\types\pom.xml to C:\Users\zyuan\.m2\repository\org\phoebus\core-types\5.0.2\core-types-5.0.2.pom
[INFO] 
[INFO] ------------------------< org.phoebus:core-pv >-------------------------
[INFO] Building core-pv 5.0.2                                          [12/112]
[INFO]   from lib\phoebus\core\pv\pom.xml
[INFO] --------------------------------[ jar ]---------------------------------
[INFO] 
[INFO] --- maven-clean-plugin:2.5:clean (default-clean) @ core-pv ---
[INFO] Deleting C:\myLocalRepo\phoebus-fnal\lib\phoebus\core\pv\target
[INFO] 
[INFO] --- git-commit-id-maven-plugin:9.0.1:revision (get-the-git-infos) @ core-pv ---
[INFO] 
[INFO] --- maven-resources-plugin:2.6:resources (default-resources) @ core-pv ---
[INFO] Using 'UTF-8' encoding to copy filtered resources.
[INFO] Copying 3 resources
[INFO] 
[INFO] --- maven-compiler-plugin:3.6.2:compile (default-compile) @ core-pv ---
[INFO] Changes detected - recompiling the module!
[INFO] Compiling 35 source files to C:\myLocalRepo\phoebus-fnal\lib\phoebus\core\pv\target\classes
[INFO] 
[INFO] --- maven-resources-plugin:2.6:testResources (default-testResources) @ core-pv ---
[INFO] Using 'UTF-8' encoding to copy filtered resources.
[INFO] Copying 1 resource
[INFO] 
[INFO] --- maven-compiler-plugin:3.6.2:testCompile (default-testCompile) @ core-pv ---
[INFO] Changes detected - recompiling the module!
[INFO] Compiling 7 source files to C:\myLocalRepo\phoebus-fnal\lib\phoebus\core\pv\target\test-classes
[INFO] 
[INFO] --- maven-surefire-plugin:3.0.0-M7:test (default-test) @ core-pv ---
[INFO] Tests are skipped.
[INFO] 
[INFO] --- maven-jar-plugin:3.3.0:jar (default-jar) @ core-pv ---
[INFO] Building jar: C:\myLocalRepo\phoebus-fnal\lib\phoebus\core\pv\target\core-pv-5.0.2.jar
[INFO] 
[INFO] --- maven-failsafe-plugin:2.22.0:integration-test (default) @ core-pv ---
[INFO] Tests are skipped.
[INFO] 
[INFO] --- maven-failsafe-plugin:2.22.0:verify (default) @ core-pv ---
[INFO] Tests are skipped.
[INFO] 
[INFO] --- maven-install-plugin:2.4:install (default-install) @ core-pv ---
[INFO] Installing C:\myLocalRepo\phoebus-fnal\lib\phoebus\core\pv\target\core-pv-5.0.2.jar to C:\Users\zyuan\.m2\repository\org\phoebus\core-pv\5.0.2\core-pv-5.0.2.jar
[INFO] Installing C:\myLocalRepo\phoebus-fnal\lib\phoebus\core\pv\pom.xml to C:\Users\zyuan\.m2\repository\org\phoebus\core-pv\5.0.2\core-pv-5.0.2.pom
[INFO] 
[INFO] -----------------------< org.phoebus:core-pv-ca >-----------------------
[INFO] Building core-pv-ca 5.0.2                                       [13/112]
[INFO]   from lib\phoebus\core\pv-ca\pom.xml
[INFO] --------------------------------[ jar ]---------------------------------
[INFO] 
[INFO] --- maven-clean-plugin:2.5:clean (default-clean) @ core-pv-ca ---
[INFO] Deleting C:\myLocalRepo\phoebus-fnal\lib\phoebus\core\pv-ca\target
[INFO] 
[INFO] --- git-commit-id-maven-plugin:9.0.1:revision (get-the-git-infos) @ core-pv-ca ---
[INFO] 
[INFO] --- maven-resources-plugin:2.6:resources (default-resources) @ core-pv-ca ---
[INFO] Using 'UTF-8' encoding to copy filtered resources.
[INFO] Copying 2 resources
[INFO] 
[INFO] --- maven-compiler-plugin:3.6.2:compile (default-compile) @ core-pv-ca ---
[INFO] Changes detected - recompiling the module!
[INFO] Compiling 5 source files to C:\myLocalRepo\phoebus-fnal\lib\phoebus\core\pv-ca\target\classes
[INFO] 
[INFO] --- maven-resources-plugin:2.6:testResources (default-testResources) @ core-pv-ca ---
[INFO] Using 'UTF-8' encoding to copy filtered resources.
[INFO] skip non existing resourceDirectory C:\myLocalRepo\phoebus-fnal\lib\phoebus\core\pv-ca\src\test\resources
[INFO] 
[INFO] --- maven-compiler-plugin:3.6.2:testCompile (default-testCompile) @ core-pv-ca ---
[INFO] Changes detected - recompiling the module!
[INFO] Compiling 1 source file to C:\myLocalRepo\phoebus-fnal\lib\phoebus\core\pv-ca\target\test-classes
[INFO] 
[INFO] --- maven-surefire-plugin:3.0.0-M7:test (default-test) @ core-pv-ca ---
[INFO] Tests are skipped.
[INFO] 
[INFO] --- maven-jar-plugin:3.3.0:jar (default-jar) @ core-pv-ca ---
[INFO] Building jar: C:\myLocalRepo\phoebus-fnal\lib\phoebus\core\pv-ca\target\core-pv-ca-5.0.2.jar
[INFO] 
[INFO] --- maven-failsafe-plugin:2.22.0:integration-test (default) @ core-pv-ca ---
[INFO] Tests are skipped.
[INFO] 
[INFO] --- maven-failsafe-plugin:2.22.0:verify (default) @ core-pv-ca ---
[INFO] Tests are skipped.
[INFO] 
[INFO] --- maven-install-plugin:2.4:install (default-install) @ core-pv-ca ---
[INFO] Installing C:\myLocalRepo\phoebus-fnal\lib\phoebus\core\pv-ca\target\core-pv-ca-5.0.2.jar to C:\Users\zyuan\.m2\repository\org\phoebus\core-pv-ca\5.0.2\core-pv-ca-5.0.2.jar
[INFO] Installing C:\myLocalRepo\phoebus-fnal\lib\phoebus\core\pv-ca\pom.xml to C:\Users\zyuan\.m2\repository\org\phoebus\core-pv-ca\5.0.2\core-pv-ca-5.0.2.pom
[INFO] 
[INFO] ---------------------< org.phoebus:core-pv-jackie >---------------------
[INFO] Building core-pv-jackie 5.0.2                                   [14/112]
[INFO]   from lib\phoebus\core\pv-jackie\pom.xml
[INFO] --------------------------------[ jar ]---------------------------------
[INFO] 
[INFO] --- maven-clean-plugin:2.5:clean (default-clean) @ core-pv-jackie ---
[INFO] Deleting C:\myLocalRepo\phoebus-fnal\lib\phoebus\core\pv-jackie\target
[INFO] 
[INFO] --- git-commit-id-maven-plugin:9.0.1:revision (get-the-git-infos) @ core-pv-jackie ---
[INFO] 
[INFO] --- maven-resources-plugin:2.6:resources (default-resources) @ core-pv-jackie ---
[INFO] Using 'UTF-8' encoding to copy filtered resources.
[INFO] Copying 2 resources
[INFO] 
[INFO] --- maven-compiler-plugin:3.6.2:compile (default-compile) @ core-pv-jackie ---
[INFO] Changes detected - recompiling the module!
[INFO] Compiling 5 source files to C:\myLocalRepo\phoebus-fnal\lib\phoebus\core\pv-jackie\target\classes
[INFO] 
[INFO] --- maven-resources-plugin:2.6:testResources (default-testResources) @ core-pv-jackie ---
[INFO] Using 'UTF-8' encoding to copy filtered resources.
[INFO] skip non existing resourceDirectory C:\myLocalRepo\phoebus-fnal\lib\phoebus\core\pv-jackie\src\test\resources
[INFO] 
[INFO] --- maven-compiler-plugin:3.6.2:testCompile (default-testCompile) @ core-pv-jackie ---
[INFO] Changes detected - recompiling the module!
[INFO] Compiling 2 source files to C:\myLocalRepo\phoebus-fnal\lib\phoebus\core\pv-jackie\target\test-classes
[INFO] 
[INFO] --- maven-surefire-plugin:3.0.0-M7:test (default-test) @ core-pv-jackie ---
[INFO] Tests are skipped.
[INFO] 
[INFO] --- maven-jar-plugin:3.3.0:jar (default-jar) @ core-pv-jackie ---
[INFO] Building jar: C:\myLocalRepo\phoebus-fnal\lib\phoebus\core\pv-jackie\target\core-pv-jackie-5.0.2.jar
[INFO] 
[INFO] --- maven-failsafe-plugin:2.22.0:integration-test (default) @ core-pv-jackie ---
[INFO] Tests are skipped.
[INFO] 
[INFO] --- maven-failsafe-plugin:2.22.0:verify (default) @ core-pv-jackie ---
[INFO] Tests are skipped.
[INFO] 
[INFO] --- maven-install-plugin:2.4:install (default-install) @ core-pv-jackie ---
[INFO] Installing C:\myLocalRepo\phoebus-fnal\lib\phoebus\core\pv-jackie\target\core-pv-jackie-5.0.2.jar to C:\Users\zyuan\.m2\repository\org\phoebus\core-pv-jackie\5.0.2\core-pv-jackie-5.0.2.jar
[INFO] Installing C:\myLocalRepo\phoebus-fnal\lib\phoebus\core\pv-jackie\pom.xml to C:\Users\zyuan\.m2\repository\org\phoebus\core-pv-jackie\5.0.2\core-pv-jackie-5.0.2.pom
[INFO] 
[INFO] ----------------------< org.phoebus:core-pv-mqtt >----------------------
[INFO] Building core-pv-mqtt 5.0.2                                     [15/112]
[INFO]   from lib\phoebus\core\pv-mqtt\pom.xml
[INFO] --------------------------------[ jar ]---------------------------------
[INFO] 
[INFO] --- maven-clean-plugin:2.5:clean (default-clean) @ core-pv-mqtt ---
[INFO] Deleting C:\myLocalRepo\phoebus-fnal\lib\phoebus\core\pv-mqtt\target
[INFO] 
[INFO] --- git-commit-id-maven-plugin:9.0.1:revision (get-the-git-infos) @ core-pv-mqtt ---
[INFO] 
[INFO] --- maven-resources-plugin:2.6:resources (default-resources) @ core-pv-mqtt ---
[INFO] Using 'UTF-8' encoding to copy filtered resources.
[INFO] Copying 2 resources
[INFO] 
[INFO] --- maven-compiler-plugin:3.6.2:compile (default-compile) @ core-pv-mqtt ---
[INFO] Changes detected - recompiling the module!
[INFO] Compiling 5 source files to C:\myLocalRepo\phoebus-fnal\lib\phoebus\core\pv-mqtt\target\classes
[INFO] 
[INFO] --- maven-resources-plugin:2.6:testResources (default-testResources) @ core-pv-mqtt ---
[INFO] Using 'UTF-8' encoding to copy filtered resources.
[INFO] skip non existing resourceDirectory C:\myLocalRepo\phoebus-fnal\lib\phoebus\core\pv-mqtt\src\test\resources
[INFO] 
[INFO] --- maven-compiler-plugin:3.6.2:testCompile (default-testCompile) @ core-pv-mqtt ---
[INFO] No sources to compile
[INFO] 
[INFO] --- maven-surefire-plugin:3.0.0-M7:test (default-test) @ core-pv-mqtt ---
[INFO] Tests are skipped.
[INFO] 
[INFO] --- maven-jar-plugin:3.3.0:jar (default-jar) @ core-pv-mqtt ---
[INFO] Building jar: C:\myLocalRepo\phoebus-fnal\lib\phoebus\core\pv-mqtt\target\core-pv-mqtt-5.0.2.jar
[INFO] 
[INFO] --- maven-failsafe-plugin:2.22.0:integration-test (default) @ core-pv-mqtt ---
[INFO] Tests are skipped.
[INFO] 
[INFO] --- maven-failsafe-plugin:2.22.0:verify (default) @ core-pv-mqtt ---
[INFO] Tests are skipped.
[INFO] 
[INFO] --- maven-install-plugin:2.4:install (default-install) @ core-pv-mqtt ---
[INFO] Installing C:\myLocalRepo\phoebus-fnal\lib\phoebus\core\pv-mqtt\target\core-pv-mqtt-5.0.2.jar to C:\Users\zyuan\.m2\repository\org\phoebus\core-pv-mqtt\5.0.2\core-pv-mqtt-5.0.2.jar
[INFO] Installing C:\myLocalRepo\phoebus-fnal\lib\phoebus\core\pv-mqtt\pom.xml to C:\Users\zyuan\.m2\repository\org\phoebus\core-pv-mqtt\5.0.2\core-pv-mqtt-5.0.2.pom
[INFO] 
[INFO] ----------------------< org.phoebus:core-pv-opva >----------------------
[INFO] Building core-pv-opva 5.0.2                                     [16/112]
[INFO]   from lib\phoebus\core\pv-opva\pom.xml
[INFO] --------------------------------[ jar ]---------------------------------
[INFO] 
[INFO] --- maven-clean-plugin:2.5:clean (default-clean) @ core-pv-opva ---
[INFO] Deleting C:\myLocalRepo\phoebus-fnal\lib\phoebus\core\pv-opva\target
[INFO] 
[INFO] --- git-commit-id-maven-plugin:9.0.1:revision (get-the-git-infos) @ core-pv-opva ---
[INFO] 
[INFO] --- maven-resources-plugin:2.6:resources (default-resources) @ core-pv-opva ---
[INFO] Using 'UTF-8' encoding to copy filtered resources.
[INFO] Copying 1 resource
[INFO] 
[INFO] --- maven-compiler-plugin:3.6.2:compile (default-compile) @ core-pv-opva ---
[INFO] Changes detected - recompiling the module!
[INFO] Compiling 10 source files to C:\myLocalRepo\phoebus-fnal\lib\phoebus\core\pv-opva\target\classes
[INFO] 
[INFO] --- maven-resources-plugin:2.6:testResources (default-testResources) @ core-pv-opva ---
[INFO] Using 'UTF-8' encoding to copy filtered resources.
[INFO] skip non existing resourceDirectory C:\myLocalRepo\phoebus-fnal\lib\phoebus\core\pv-opva\src\test\resources
[INFO] 
[INFO] --- maven-compiler-plugin:3.6.2:testCompile (default-testCompile) @ core-pv-opva ---
[INFO] No sources to compile
[INFO] 
[INFO] --- maven-surefire-plugin:3.0.0-M7:test (default-test) @ core-pv-opva ---
[INFO] Tests are skipped.
[INFO] 
[INFO] --- maven-jar-plugin:3.3.0:jar (default-jar) @ core-pv-opva ---
[INFO] Building jar: C:\myLocalRepo\phoebus-fnal\lib\phoebus\core\pv-opva\target\core-pv-opva-5.0.2.jar
[INFO] 
[INFO] --- maven-failsafe-plugin:2.22.0:integration-test (default) @ core-pv-opva ---
[INFO] Tests are skipped.
[INFO] 
[INFO] --- maven-failsafe-plugin:2.22.0:verify (default) @ core-pv-opva ---
[INFO] Tests are skipped.
[INFO] 
[INFO] --- maven-install-plugin:2.4:install (default-install) @ core-pv-opva ---
[INFO] Installing C:\myLocalRepo\phoebus-fnal\lib\phoebus\core\pv-opva\target\core-pv-opva-5.0.2.jar to C:\Users\zyuan\.m2\repository\org\phoebus\core-pv-opva\5.0.2\core-pv-opva-5.0.2.jar
[INFO] Installing C:\myLocalRepo\phoebus-fnal\lib\phoebus\core\pv-opva\pom.xml to C:\Users\zyuan\.m2\repository\org\phoebus\core-pv-opva\5.0.2\core-pv-opva-5.0.2.pom
[INFO] 
[INFO] ----------------------< org.phoebus:core-pv-pva >-----------------------
[INFO] Building core-pv-pva 5.0.2                                      [17/112]
[INFO]   from lib\phoebus\core\pv-pva\pom.xml
[INFO] --------------------------------[ jar ]---------------------------------
[INFO] 
[INFO] --- maven-clean-plugin:2.5:clean (default-clean) @ core-pv-pva ---
[INFO] Deleting C:\myLocalRepo\phoebus-fnal\lib\phoebus\core\pv-pva\target
[INFO] 
[INFO] --- git-commit-id-maven-plugin:9.0.1:revision (get-the-git-infos) @ core-pv-pva ---
[INFO] 
[INFO] --- maven-resources-plugin:2.6:resources (default-resources) @ core-pv-pva ---
[INFO] Using 'UTF-8' encoding to copy filtered resources.
[INFO] Copying 2 resources
[INFO] 
[INFO] --- maven-compiler-plugin:3.6.2:compile (default-compile) @ core-pv-pva ---
[INFO] Changes detected - recompiling the module!
[INFO] Compiling 11 source files to C:\myLocalRepo\phoebus-fnal\lib\phoebus\core\pv-pva\target\classes
[INFO] 
[INFO] --- maven-resources-plugin:2.6:testResources (default-testResources) @ core-pv-pva ---
[INFO] Using 'UTF-8' encoding to copy filtered resources.
[INFO] skip non existing resourceDirectory C:\myLocalRepo\phoebus-fnal\lib\phoebus\core\pv-pva\src\test\resources
[INFO] 
[INFO] --- maven-compiler-plugin:3.6.2:testCompile (default-testCompile) @ core-pv-pva ---
[INFO] Changes detected - recompiling the module!
[INFO] Compiling 2 source files to C:\myLocalRepo\phoebus-fnal\lib\phoebus\core\pv-pva\target\test-classes
[INFO] 
[INFO] --- maven-surefire-plugin:3.0.0-M7:test (default-test) @ core-pv-pva ---
[INFO] Tests are skipped.
[INFO] 
[INFO] --- maven-jar-plugin:3.3.0:jar (default-jar) @ core-pv-pva ---
[INFO] Building jar: C:\myLocalRepo\phoebus-fnal\lib\phoebus\core\pv-pva\target\core-pv-pva-5.0.2.jar
[INFO] 
[INFO] --- maven-failsafe-plugin:2.22.0:integration-test (default) @ core-pv-pva ---
[INFO] Tests are skipped.
[INFO] 
[INFO] --- maven-failsafe-plugin:2.22.0:verify (default) @ core-pv-pva ---
[INFO] Tests are skipped.
[INFO] 
[INFO] --- maven-install-plugin:2.4:install (default-install) @ core-pv-pva ---
[INFO] Installing C:\myLocalRepo\phoebus-fnal\lib\phoebus\core\pv-pva\target\core-pv-pva-5.0.2.jar to C:\Users\zyuan\.m2\repository\org\phoebus\core-pv-pva\5.0.2\core-pv-pva-5.0.2.jar
[INFO] Installing C:\myLocalRepo\phoebus-fnal\lib\phoebus\core\pv-pva\pom.xml to C:\Users\zyuan\.m2\repository\org\phoebus\core-pv-pva\5.0.2\core-pv-pva-5.0.2.pom
[INFO] 
[INFO] ---------------------< org.phoebus:core-pv-tango >----------------------
[INFO] Building core-pv-tango 5.0.2                                    [18/112]
[INFO]   from lib\phoebus\core\pv-tango\pom.xml
[INFO] --------------------------------[ jar ]---------------------------------
[INFO] 
[INFO] --- maven-clean-plugin:2.5:clean (default-clean) @ core-pv-tango ---
[INFO] Deleting C:\myLocalRepo\phoebus-fnal\lib\phoebus\core\pv-tango\target
[INFO] 
[INFO] --- git-commit-id-maven-plugin:9.0.1:revision (get-the-git-infos) @ core-pv-tango ---
[INFO] 
[INFO] --- maven-resources-plugin:2.6:resources (default-resources) @ core-pv-tango ---
[INFO] Using 'UTF-8' encoding to copy filtered resources.
[INFO] Copying 1 resource
[INFO] 
[INFO] --- maven-compiler-plugin:3.6.2:compile (default-compile) @ core-pv-tango ---
[INFO] Changes detected - recompiling the module!
[INFO] Compiling 7 source files to C:\myLocalRepo\phoebus-fnal\lib\phoebus\core\pv-tango\target\classes
[INFO] 
[INFO] --- maven-resources-plugin:2.6:testResources (default-testResources) @ core-pv-tango ---
[INFO] Using 'UTF-8' encoding to copy filtered resources.
[INFO] skip non existing resourceDirectory C:\myLocalRepo\phoebus-fnal\lib\phoebus\core\pv-tango\src\test\resources
[INFO] 
[INFO] --- maven-compiler-plugin:3.6.2:testCompile (default-testCompile) @ core-pv-tango ---
[INFO] No sources to compile
[INFO] 
[INFO] --- maven-surefire-plugin:3.0.0-M7:test (default-test) @ core-pv-tango ---
[INFO] Tests are skipped.
[INFO] 
[INFO] --- maven-jar-plugin:3.3.0:jar (default-jar) @ core-pv-tango ---
[INFO] Building jar: C:\myLocalRepo\phoebus-fnal\lib\phoebus\core\pv-tango\target\core-pv-tango-5.0.2.jar
[INFO] 
[INFO] --- maven-failsafe-plugin:2.22.0:integration-test (default) @ core-pv-tango ---
[INFO] Tests are skipped.
[INFO] 
[INFO] --- maven-failsafe-plugin:2.22.0:verify (default) @ core-pv-tango ---
[INFO] Tests are skipped.
[INFO] 
[INFO] --- maven-install-plugin:2.4:install (default-install) @ core-pv-tango ---
[INFO] Installing C:\myLocalRepo\phoebus-fnal\lib\phoebus\core\pv-tango\target\core-pv-tango-5.0.2.jar to C:\Users\zyuan\.m2\repository\org\phoebus\core-pv-tango\5.0.2\core-pv-tango-5.0.2.jar
[INFO] Installing C:\myLocalRepo\phoebus-fnal\lib\phoebus\core\pv-tango\pom.xml to C:\Users\zyuan\.m2\repository\org\phoebus\core-pv-tango\5.0.2\core-pv-tango-5.0.2.pom
[INFO] 
[INFO] ---------------------< org.phoebus:core-security >----------------------
[INFO] Building core-security 5.0.2                                    [19/112]
[INFO]   from lib\phoebus\core\security\pom.xml
[INFO] --------------------------------[ jar ]---------------------------------
[INFO] 
[INFO] --- maven-clean-plugin:2.5:clean (default-clean) @ core-security ---
[INFO] Deleting C:\myLocalRepo\phoebus-fnal\lib\phoebus\core\security\target
[INFO] 
[INFO] --- git-commit-id-maven-plugin:9.0.1:revision (get-the-git-infos) @ core-security ---
[INFO] 
[INFO] --- maven-resources-plugin:2.6:resources (default-resources) @ core-security ---
[INFO] Using 'UTF-8' encoding to copy filtered resources.
[INFO] Copying 2 resources
[INFO] 
[INFO] --- maven-compiler-plugin:3.6.2:compile (default-compile) @ core-security ---
[INFO] Changes detected - recompiling the module!
[INFO] Compiling 17 source files to C:\myLocalRepo\phoebus-fnal\lib\phoebus\core\security\target\classes
[INFO] 
[INFO] --- maven-resources-plugin:2.6:testResources (default-testResources) @ core-security ---
[INFO] Using 'UTF-8' encoding to copy filtered resources.
[INFO] skip non existing resourceDirectory C:\myLocalRepo\phoebus-fnal\lib\phoebus\core\security\src\test\resources
[INFO] 
[INFO] --- maven-compiler-plugin:3.6.2:testCompile (default-testCompile) @ core-security ---
[INFO] Changes detected - recompiling the module!
[INFO] Compiling 3 source files to C:\myLocalRepo\phoebus-fnal\lib\phoebus\core\security\target\test-classes
[INFO] 
[INFO] --- maven-surefire-plugin:3.0.0-M7:test (default-test) @ core-security ---
[INFO] Tests are skipped.
[INFO] 
[INFO] --- maven-jar-plugin:3.3.0:jar (default-jar) @ core-security ---
[INFO] Building jar: C:\myLocalRepo\phoebus-fnal\lib\phoebus\core\security\target\core-security-5.0.2.jar
[INFO] 
[INFO] --- maven-failsafe-plugin:2.22.0:integration-test (default) @ core-security ---
[INFO] Tests are skipped.
[INFO] 
[INFO] --- maven-failsafe-plugin:2.22.0:verify (default) @ core-security ---
[INFO] Tests are skipped.
[INFO] 
[INFO] --- maven-install-plugin:2.4:install (default-install) @ core-security ---
[INFO] Installing C:\myLocalRepo\phoebus-fnal\lib\phoebus\core\security\target\core-security-5.0.2.jar to C:\Users\zyuan\.m2\repository\org\phoebus\core-security\5.0.2\core-security-5.0.2.jar
[INFO] Installing C:\myLocalRepo\phoebus-fnal\lib\phoebus\core\security\pom.xml to C:\Users\zyuan\.m2\repository\org\phoebus\core-security\5.0.2\core-security-5.0.2.pom
[INFO] 
[INFO] ------------------------< org.phoebus:core-ui >-------------------------
[INFO] Building core-ui 5.0.2                                          [20/112]
[INFO]   from lib\phoebus\core\ui\pom.xml
[INFO] --------------------------------[ jar ]---------------------------------
[INFO] 
[INFO] --- maven-clean-plugin:2.5:clean (default-clean) @ core-ui ---
[INFO] Deleting C:\myLocalRepo\phoebus-fnal\lib\phoebus\core\ui\target
[INFO] 
[INFO] --- git-commit-id-maven-plugin:9.0.1:revision (get-the-git-infos) @ core-ui ---
[INFO] 
[INFO] --- maven-resources-plugin:2.6:resources (default-resources) @ core-ui ---
[INFO] Using 'UTF-8' encoding to copy filtered resources.
[INFO] Copying 85 resources
[INFO] 
[INFO] --- maven-compiler-plugin:3.6.2:compile (default-compile) @ core-ui ---
[INFO] Changes detected - recompiling the module!
[INFO] Compiling 128 source files to C:\myLocalRepo\phoebus-fnal\lib\phoebus\core\ui\target\classes
[INFO] 
[INFO] --- maven-resources-plugin:2.6:testResources (default-testResources) @ core-ui ---
[INFO] Using 'UTF-8' encoding to copy filtered resources.
[INFO] Copying 7 resources
[INFO] 
[INFO] --- maven-compiler-plugin:3.6.2:testCompile (default-testCompile) @ core-ui ---
[INFO] Changes detected - recompiling the module!
[INFO] Compiling 28 source files to C:\myLocalRepo\phoebus-fnal\lib\phoebus\core\ui\target\test-classes
[INFO] 
[INFO] --- maven-surefire-plugin:3.0.0-M7:test (default-test) @ core-ui ---
[INFO] Tests are skipped.
[INFO] 
[INFO] --- maven-jar-plugin:3.3.0:jar (default-jar) @ core-ui ---
[INFO] Building jar: C:\myLocalRepo\phoebus-fnal\lib\phoebus\core\ui\target\core-ui-5.0.2.jar
[INFO] 
[INFO] --- maven-failsafe-plugin:2.22.0:integration-test (default) @ core-ui ---
[INFO] Tests are skipped.
[INFO] 
[INFO] --- maven-failsafe-plugin:2.22.0:verify (default) @ core-ui ---
[INFO] Tests are skipped.
[INFO] 
[INFO] --- maven-install-plugin:2.4:install (default-install) @ core-ui ---
[INFO] Installing C:\myLocalRepo\phoebus-fnal\lib\phoebus\core\ui\target\core-ui-5.0.2.jar to C:\Users\zyuan\.m2\repository\org\phoebus\core-ui\5.0.2\core-ui-5.0.2.jar
[INFO] Installing C:\myLocalRepo\phoebus-fnal\lib\phoebus\core\ui\pom.xml to C:\Users\zyuan\.m2\repository\org\phoebus\core-ui\5.0.2\core-ui-5.0.2.pom
[INFO] 
[INFO] ----------------------< org.phoebus:core-logbook >----------------------
[INFO] Building core-logbook 5.0.2                                     [21/112]
[INFO]   from lib\phoebus\core\logbook\pom.xml
[INFO] --------------------------------[ jar ]---------------------------------
[INFO] 
[INFO] --- maven-clean-plugin:2.5:clean (default-clean) @ core-logbook ---
[INFO] Deleting C:\myLocalRepo\phoebus-fnal\lib\phoebus\core\logbook\target
[INFO] 
[INFO] --- git-commit-id-maven-plugin:9.0.1:revision (get-the-git-infos) @ core-logbook ---
[INFO] 
[INFO] --- maven-resources-plugin:2.6:resources (default-resources) @ core-logbook ---
[INFO] Using 'UTF-8' encoding to copy filtered resources.
[INFO] Copying 3 resources
[INFO] 
[INFO] --- maven-compiler-plugin:3.6.2:compile (default-compile) @ core-logbook ---
[INFO] Changes detected - recompiling the module!
[INFO] Compiling 20 source files to C:\myLocalRepo\phoebus-fnal\lib\phoebus\core\logbook\target\classes
[INFO] 
[INFO] --- maven-resources-plugin:2.6:testResources (default-testResources) @ core-logbook ---
[INFO] Using 'UTF-8' encoding to copy filtered resources.
[INFO] skip non existing resourceDirectory C:\myLocalRepo\phoebus-fnal\lib\phoebus\core\logbook\src\test\resources
[INFO] 
[INFO] --- maven-compiler-plugin:3.6.2:testCompile (default-testCompile) @ core-logbook ---
[INFO] No sources to compile
[INFO] 
[INFO] --- maven-surefire-plugin:3.0.0-M7:test (default-test) @ core-logbook ---
[INFO] Tests are skipped.
[INFO] 
[INFO] --- maven-jar-plugin:3.3.0:jar (default-jar) @ core-logbook ---
[INFO] Building jar: C:\myLocalRepo\phoebus-fnal\lib\phoebus\core\logbook\target\core-logbook-5.0.2.jar
[INFO] 
[INFO] --- maven-failsafe-plugin:2.22.0:integration-test (default) @ core-logbook ---
[INFO] Tests are skipped.
[INFO] 
[INFO] --- maven-failsafe-plugin:2.22.0:verify (default) @ core-logbook ---
[INFO] Tests are skipped.
[INFO] 
[INFO] --- maven-install-plugin:2.4:install (default-install) @ core-logbook ---
[INFO] Installing C:\myLocalRepo\phoebus-fnal\lib\phoebus\core\logbook\target\core-logbook-5.0.2.jar to C:\Users\zyuan\.m2\repository\org\phoebus\core-logbook\5.0.2\core-logbook-5.0.2.jar
[INFO] Installing C:\myLocalRepo\phoebus-fnal\lib\phoebus\core\logbook\pom.xml to C:\Users\zyuan\.m2\repository\org\phoebus\core-logbook\5.0.2\core-logbook-5.0.2.pom
[INFO] 
[INFO] -----------------------< org.phoebus:core-email >-----------------------
[INFO] Building core-email 5.0.2                                       [22/112]
[INFO]   from lib\phoebus\core\email\pom.xml
[INFO] --------------------------------[ jar ]---------------------------------
[INFO] 
[INFO] --- maven-clean-plugin:2.5:clean (default-clean) @ core-email ---
[INFO] Deleting C:\myLocalRepo\phoebus-fnal\lib\phoebus\core\email\target
[INFO] 
[INFO] --- git-commit-id-maven-plugin:9.0.1:revision (get-the-git-infos) @ core-email ---
[INFO] 
[INFO] --- maven-resources-plugin:2.6:resources (default-resources) @ core-email ---
[INFO] Using 'UTF-8' encoding to copy filtered resources.
[INFO] Copying 1 resource
[INFO] 
[INFO] --- maven-compiler-plugin:3.6.2:compile (default-compile) @ core-email ---
[INFO] Changes detected - recompiling the module!
[INFO] Compiling 2 source files to C:\myLocalRepo\phoebus-fnal\lib\phoebus\core\email\target\classes
[INFO] 
[INFO] --- maven-resources-plugin:2.6:testResources (default-testResources) @ core-email ---
[INFO] Using 'UTF-8' encoding to copy filtered resources.
[INFO] skip non existing resourceDirectory C:\myLocalRepo\phoebus-fnal\lib\phoebus\core\email\src\test\resources
[INFO] 
[INFO] --- maven-compiler-plugin:3.6.2:testCompile (default-testCompile) @ core-email ---
[INFO] No sources to compile
[INFO] 
[INFO] --- maven-surefire-plugin:3.0.0-M7:test (default-test) @ core-email ---
[INFO] Tests are skipped.
[INFO] 
[INFO] --- maven-jar-plugin:3.3.0:jar (default-jar) @ core-email ---
[INFO] Building jar: C:\myLocalRepo\phoebus-fnal\lib\phoebus\core\email\target\core-email-5.0.2.jar
[INFO] 
[INFO] --- maven-failsafe-plugin:2.22.0:integration-test (default) @ core-email ---
[INFO] Tests are skipped.
[INFO] 
[INFO] --- maven-failsafe-plugin:2.22.0:verify (default) @ core-email ---
[INFO] Tests are skipped.
[INFO] 
[INFO] --- maven-install-plugin:2.4:install (default-install) @ core-email ---
[INFO] Installing C:\myLocalRepo\phoebus-fnal\lib\phoebus\core\email\target\core-email-5.0.2.jar to C:\Users\zyuan\.m2\repository\org\phoebus\core-email\5.0.2\core-email-5.0.2.jar
[INFO] Installing C:\myLocalRepo\phoebus-fnal\lib\phoebus\core\email\pom.xml to C:\Users\zyuan\.m2\repository\org\phoebus\core-email\5.0.2\core-email-5.0.2.pom
[INFO] 
[INFO] ---------------------< org.phoebus:core-launcher >----------------------
[INFO] Building core-launcher 5.0.2                                    [23/112]
[INFO]   from lib\phoebus\core\launcher\pom.xml
[INFO] --------------------------------[ jar ]---------------------------------
[INFO] 
[INFO] --- maven-clean-plugin:2.5:clean (default-clean) @ core-launcher ---
[INFO] Deleting C:\myLocalRepo\phoebus-fnal\lib\phoebus\core\launcher\target
[INFO] 
[INFO] --- git-commit-id-maven-plugin:9.0.1:revision (get-the-git-infos) @ core-launcher ---
[INFO] 
[INFO] --- maven-resources-plugin:2.6:resources (default-resources) @ core-launcher ---
[INFO] Using 'UTF-8' encoding to copy filtered resources.
[INFO] Copying 3 resources
[INFO] 
[INFO] --- maven-compiler-plugin:3.6.2:compile (default-compile) @ core-launcher ---
[INFO] Changes detected - recompiling the module!
[INFO] Compiling 3 source files to C:\myLocalRepo\phoebus-fnal\lib\phoebus\core\launcher\target\classes
[INFO] 
[INFO] --- maven-resources-plugin:2.6:testResources (default-testResources) @ core-launcher ---
[INFO] Using 'UTF-8' encoding to copy filtered resources.
[INFO] skip non existing resourceDirectory C:\myLocalRepo\phoebus-fnal\lib\phoebus\core\launcher\src\test\resources
[INFO] 
[INFO] --- maven-compiler-plugin:3.6.2:testCompile (default-testCompile) @ core-launcher ---
[INFO] No sources to compile
[INFO] 
[INFO] --- maven-surefire-plugin:3.0.0-M7:test (default-test) @ core-launcher ---
[INFO] Tests are skipped.
[INFO] 
[INFO] --- maven-jar-plugin:3.3.0:jar (default-jar) @ core-launcher ---
[INFO] Building jar: C:\myLocalRepo\phoebus-fnal\lib\phoebus\core\launcher\target\core-launcher-5.0.2.jar
[INFO] 
[INFO] --- maven-failsafe-plugin:2.22.0:integration-test (default) @ core-launcher ---
[INFO] Tests are skipped.
[INFO] 
[INFO] --- maven-failsafe-plugin:2.22.0:verify (default) @ core-launcher ---
[INFO] Tests are skipped.
[INFO] 
[INFO] --- maven-install-plugin:2.4:install (default-install) @ core-launcher ---
[INFO] Installing C:\myLocalRepo\phoebus-fnal\lib\phoebus\core\launcher\target\core-launcher-5.0.2.jar to C:\Users\zyuan\.m2\repository\org\phoebus\core-launcher\5.0.2\core-launcher-5.0.2.jar
[INFO] Installing C:\myLocalRepo\phoebus-fnal\lib\phoebus\core\launcher\pom.xml to C:\Users\zyuan\.m2\repository\org\phoebus\core-launcher\5.0.2\core-launcher-5.0.2.pom
[INFO] 
[INFO] --------------------------< org.phoebus:app >---------------------------
[INFO] Building app 5.0.2                                              [24/112]
[INFO]   from lib\phoebus\app\pom.xml
[INFO] --------------------------------[ pom ]---------------------------------
[INFO] 
[INFO] --- maven-clean-plugin:2.5:clean (default-clean) @ app ---
[INFO] 
[INFO] --- git-commit-id-maven-plugin:9.0.1:revision (get-the-git-infos) @ app ---
[INFO] 
[INFO] --- maven-failsafe-plugin:2.22.0:integration-test (default) @ app ---
[INFO] Tests are skipped.
[INFO] 
[INFO] --- maven-failsafe-plugin:2.22.0:verify (default) @ app ---
[INFO] Tests are skipped.
[INFO] 
[INFO] --- maven-install-plugin:2.4:install (default-install) @ app ---
[INFO] Installing C:\myLocalRepo\phoebus-fnal\lib\phoebus\app\pom.xml to C:\Users\zyuan\.m2\repository\org\phoebus\app\5.0.2\app-5.0.2.pom
[INFO] 
[INFO] ------------------------< org.phoebus:app-diag >------------------------
[INFO] Building app-diag 5.0.2                                         [25/112]
[INFO]   from lib\phoebus\app\diag\pom.xml
[INFO] --------------------------------[ jar ]---------------------------------
[INFO] 
[INFO] --- maven-clean-plugin:2.5:clean (default-clean) @ app-diag ---
[INFO] Deleting C:\myLocalRepo\phoebus-fnal\lib\phoebus\app\diag\target
[INFO] 
[INFO] --- git-commit-id-maven-plugin:9.0.1:revision (get-the-git-infos) @ app-diag ---
[INFO] 
[INFO] --- maven-resources-plugin:2.6:resources (default-resources) @ app-diag ---
[INFO] Using 'UTF-8' encoding to copy filtered resources.
[INFO] Copying 5 resources
[INFO] Copying 0 resource
[INFO] 
[INFO] --- maven-compiler-plugin:3.6.2:compile (default-compile) @ app-diag ---
[INFO] Changes detected - recompiling the module!
[INFO] Compiling 11 source files to C:\myLocalRepo\phoebus-fnal\lib\phoebus\app\diag\target\classes
[INFO] 
[INFO] --- maven-resources-plugin:2.6:testResources (default-testResources) @ app-diag ---
[INFO] Using 'UTF-8' encoding to copy filtered resources.
[INFO] skip non existing resourceDirectory C:\myLocalRepo\phoebus-fnal\lib\phoebus\app\diag\src\test\resources
[INFO] 
[INFO] --- maven-compiler-plugin:3.6.2:testCompile (default-testCompile) @ app-diag ---
[INFO] Changes detected - recompiling the module!
[INFO] Compiling 1 source file to C:\myLocalRepo\phoebus-fnal\lib\phoebus\app\diag\target\test-classes
[INFO] 
[INFO] --- maven-surefire-plugin:3.0.0-M7:test (default-test) @ app-diag ---
[INFO] Tests are skipped.
[INFO] 
[INFO] --- maven-jar-plugin:3.3.0:jar (default-jar) @ app-diag ---
[INFO] Building jar: C:\myLocalRepo\phoebus-fnal\lib\phoebus\app\diag\target\app-diag-5.0.2.jar
[INFO] 
[INFO] --- maven-failsafe-plugin:2.22.0:integration-test (default) @ app-diag ---
[INFO] Tests are skipped.
[INFO] 
[INFO] --- maven-failsafe-plugin:2.22.0:verify (default) @ app-diag ---
[INFO] Tests are skipped.
[INFO] 
[INFO] --- maven-install-plugin:2.4:install (default-install) @ app-diag ---
[INFO] Installing C:\myLocalRepo\phoebus-fnal\lib\phoebus\app\diag\target\app-diag-5.0.2.jar to C:\Users\zyuan\.m2\repository\org\phoebus\app-diag\5.0.2\app-diag-5.0.2.jar
[INFO] Installing C:\myLocalRepo\phoebus-fnal\lib\phoebus\app\diag\pom.xml to C:\Users\zyuan\.m2\repository\org\phoebus\app-diag\5.0.2\app-diag-5.0.2.pom
[INFO] 
[INFO] -----------------< org.phoebus:app-log-configuration >------------------
[INFO] Building app-log-configuration 5.0.2                            [26/112]
[INFO]   from lib\phoebus\app\log-configuration\pom.xml
[INFO] --------------------------------[ jar ]---------------------------------
[INFO] 
[INFO] --- maven-clean-plugin:2.5:clean (default-clean) @ app-log-configuration ---
[INFO] Deleting C:\myLocalRepo\phoebus-fnal\lib\phoebus\app\log-configuration\target
[INFO] 
[INFO] --- git-commit-id-maven-plugin:9.0.1:revision (get-the-git-infos) @ app-log-configuration ---
[INFO] 
[INFO] --- maven-resources-plugin:2.6:resources (default-resources) @ app-log-configuration ---
[INFO] Using 'UTF-8' encoding to copy filtered resources.
[INFO] Copying 2 resources
[INFO] 
[INFO] --- maven-compiler-plugin:3.6.2:compile (default-compile) @ app-log-configuration ---
[INFO] Changes detected - recompiling the module!
[INFO] Compiling 3 source files to C:\myLocalRepo\phoebus-fnal\lib\phoebus\app\log-configuration\target\classes
[INFO] 
[INFO] --- maven-resources-plugin:2.6:testResources (default-testResources) @ app-log-configuration ---
[INFO] Using 'UTF-8' encoding to copy filtered resources.
[INFO] skip non existing resourceDirectory C:\myLocalRepo\phoebus-fnal\lib\phoebus\app\log-configuration\src\test\resources
[INFO] 
[INFO] --- maven-compiler-plugin:3.6.2:testCompile (default-testCompile) @ app-log-configuration ---
[INFO] No sources to compile
[INFO] 
[INFO] --- maven-surefire-plugin:3.0.0-M7:test (default-test) @ app-log-configuration ---
[INFO] Tests are skipped.
[INFO] 
[INFO] --- maven-jar-plugin:3.3.0:jar (default-jar) @ app-log-configuration ---
[INFO] Building jar: C:\myLocalRepo\phoebus-fnal\lib\phoebus\app\log-configuration\target\app-log-configuration-5.0.2.jar
[INFO] 
[INFO] --- maven-failsafe-plugin:2.22.0:integration-test (default) @ app-log-configuration ---
[INFO] Tests are skipped.
[INFO] 
[INFO] --- maven-failsafe-plugin:2.22.0:verify (default) @ app-log-configuration ---
[INFO] Tests are skipped.
[INFO] 
[INFO] --- maven-install-plugin:2.4:install (default-install) @ app-log-configuration ---
[INFO] Installing C:\myLocalRepo\phoebus-fnal\lib\phoebus\app\log-configuration\target\app-log-configuration-5.0.2.jar to C:\Users\zyuan\.m2\repository\org\phoebus\app-log-configuration\5.0.2\app-log-configuration-5.0.2.jar
[INFO] Installing C:\myLocalRepo\phoebus-fnal\lib\phoebus\app\log-configuration\pom.xml to C:\Users\zyuan\.m2\repository\org\phoebus\app-log-configuration\5.0.2\app-log-configuration-5.0.2.pom
[INFO] 
[INFO] -----------------------< org.phoebus:app-probe >------------------------
[INFO] Building app-probe 5.0.2                                        [27/112]
[INFO]   from lib\phoebus\app\probe\pom.xml
[INFO] --------------------------------[ jar ]---------------------------------
[INFO] 
[INFO] --- maven-clean-plugin:2.5:clean (default-clean) @ app-probe ---
[INFO] Deleting C:\myLocalRepo\phoebus-fnal\lib\phoebus\app\probe\target
[INFO] 
[INFO] --- git-commit-id-maven-plugin:9.0.1:revision (get-the-git-infos) @ app-probe ---
[INFO] 
[INFO] --- maven-resources-plugin:2.6:resources (default-resources) @ app-probe ---
[INFO] Using 'UTF-8' encoding to copy filtered resources.
[INFO] Copying 8 resources
[INFO] 
[INFO] --- maven-compiler-plugin:3.6.2:compile (default-compile) @ app-probe ---
[INFO] Changes detected - recompiling the module!
[INFO] Compiling 9 source files to C:\myLocalRepo\phoebus-fnal\lib\phoebus\app\probe\target\classes
[INFO] 
[INFO] --- maven-resources-plugin:2.6:testResources (default-testResources) @ app-probe ---
[INFO] Using 'UTF-8' encoding to copy filtered resources.
[INFO] skip non existing resourceDirectory C:\myLocalRepo\phoebus-fnal\lib\phoebus\app\probe\src\test\resources
[INFO] 
[INFO] --- maven-compiler-plugin:3.6.2:testCompile (default-testCompile) @ app-probe ---
[INFO] No sources to compile
[INFO] 
[INFO] --- maven-surefire-plugin:3.0.0-M7:test (default-test) @ app-probe ---
[INFO] Tests are skipped.
[INFO] 
[INFO] --- maven-jar-plugin:3.3.0:jar (default-jar) @ app-probe ---
[INFO] Building jar: C:\myLocalRepo\phoebus-fnal\lib\phoebus\app\probe\target\app-probe-5.0.2.jar
[INFO] 
[INFO] --- maven-failsafe-plugin:2.22.0:integration-test (default) @ app-probe ---
[INFO] Tests are skipped.
[INFO] 
[INFO] --- maven-failsafe-plugin:2.22.0:verify (default) @ app-probe ---
[INFO] Tests are skipped.
[INFO] 
[INFO] --- maven-install-plugin:2.4:install (default-install) @ app-probe ---
[INFO] Installing C:\myLocalRepo\phoebus-fnal\lib\phoebus\app\probe\target\app-probe-5.0.2.jar to C:\Users\zyuan\.m2\repository\org\phoebus\app-probe\5.0.2\app-probe-5.0.2.jar
[INFO] Installing C:\myLocalRepo\phoebus-fnal\lib\phoebus\app\probe\pom.xml to C:\Users\zyuan\.m2\repository\org\phoebus\app-probe\5.0.2\app-probe-5.0.2.pom
[INFO] 
[INFO] ----------------------< org.phoebus:app-pvtable >-----------------------
[INFO] Building app-pvtable 5.0.2                                      [28/112]
[INFO]   from lib\phoebus\app\pvtable\pom.xml
[INFO] --------------------------------[ jar ]---------------------------------
[INFO] 
[INFO] --- maven-clean-plugin:2.5:clean (default-clean) @ app-pvtable ---
[INFO] Deleting C:\myLocalRepo\phoebus-fnal\lib\phoebus\app\pvtable\target
[INFO] 
[INFO] --- git-commit-id-maven-plugin:9.0.1:revision (get-the-git-infos) @ app-pvtable ---
[INFO] 
[INFO] --- maven-resources-plugin:2.6:resources (default-resources) @ app-pvtable ---
[INFO] Using 'UTF-8' encoding to copy filtered resources.
[INFO] Copying 14 resources
[INFO] 
[INFO] --- maven-compiler-plugin:3.6.2:compile (default-compile) @ app-pvtable ---
[INFO] Changes detected - recompiling the module!
[INFO] Compiling 20 source files to C:\myLocalRepo\phoebus-fnal\lib\phoebus\app\pvtable\target\classes
[INFO] 
[INFO] --- maven-resources-plugin:2.6:testResources (default-testResources) @ app-pvtable ---
[INFO] Using 'UTF-8' encoding to copy filtered resources.
[INFO] skip non existing resourceDirectory C:\myLocalRepo\phoebus-fnal\lib\phoebus\app\pvtable\src\test\resources
[INFO] 
[INFO] --- maven-compiler-plugin:3.6.2:testCompile (default-testCompile) @ app-pvtable ---
[INFO] No sources to compile
[INFO] 
[INFO] --- maven-surefire-plugin:3.0.0-M7:test (default-test) @ app-pvtable ---
[INFO] Tests are skipped.
[INFO] 
[INFO] --- maven-jar-plugin:3.3.0:jar (default-jar) @ app-pvtable ---
[INFO] Building jar: C:\myLocalRepo\phoebus-fnal\lib\phoebus\app\pvtable\target\app-pvtable-5.0.2.jar
[INFO] 
[INFO] --- maven-failsafe-plugin:2.22.0:integration-test (default) @ app-pvtable ---
[INFO] Tests are skipped.
[INFO] 
[INFO] --- maven-failsafe-plugin:2.22.0:verify (default) @ app-pvtable ---
[INFO] Tests are skipped.
[INFO] 
[INFO] --- maven-install-plugin:2.4:install (default-install) @ app-pvtable ---
[INFO] Installing C:\myLocalRepo\phoebus-fnal\lib\phoebus\app\pvtable\target\app-pvtable-5.0.2.jar to C:\Users\zyuan\.m2\repository\org\phoebus\app-pvtable\5.0.2\app-pvtable-5.0.2.jar
[INFO] Installing C:\myLocalRepo\phoebus-fnal\lib\phoebus\app\pvtable\pom.xml to C:\Users\zyuan\.m2\repository\org\phoebus\app-pvtable\5.0.2\app-pvtable-5.0.2.pom
[INFO] 
[INFO] -----------------------< org.phoebus:app-pvtree >-----------------------
[INFO] Building app-pvtree 5.0.2                                       [29/112]
[INFO]   from lib\phoebus\app\pvtree\pom.xml
[INFO] --------------------------------[ jar ]---------------------------------
[INFO] 
[INFO] --- maven-clean-plugin:2.5:clean (default-clean) @ app-pvtree ---
[INFO] Deleting C:\myLocalRepo\phoebus-fnal\lib\phoebus\app\pvtree\target
[INFO] 
[INFO] --- git-commit-id-maven-plugin:9.0.1:revision (get-the-git-infos) @ app-pvtree ---
[INFO] 
[INFO] --- maven-resources-plugin:2.6:resources (default-resources) @ app-pvtree ---
[INFO] Using 'UTF-8' encoding to copy filtered resources.
[INFO] Copying 12 resources
[INFO] 
[INFO] --- maven-compiler-plugin:3.6.2:compile (default-compile) @ app-pvtree ---
[INFO] Changes detected - recompiling the module!
[INFO] Compiling 16 source files to C:\myLocalRepo\phoebus-fnal\lib\phoebus\app\pvtree\target\classes
[INFO] 
[INFO] --- maven-resources-plugin:2.6:testResources (default-testResources) @ app-pvtree ---
[INFO] Using 'UTF-8' encoding to copy filtered resources.
[INFO] skip non existing resourceDirectory C:\myLocalRepo\phoebus-fnal\lib\phoebus\app\pvtree\src\test\resources
[INFO] 
[INFO] --- maven-compiler-plugin:3.6.2:testCompile (default-testCompile) @ app-pvtree ---
[INFO] Changes detected - recompiling the module!
[INFO] Compiling 4 source files to C:\myLocalRepo\phoebus-fnal\lib\phoebus\app\pvtree\target\test-classes
[INFO] 
[INFO] --- maven-surefire-plugin:3.0.0-M7:test (default-test) @ app-pvtree ---
[INFO] Tests are skipped.
[INFO] 
[INFO] --- maven-jar-plugin:3.3.0:jar (default-jar) @ app-pvtree ---
[INFO] Building jar: C:\myLocalRepo\phoebus-fnal\lib\phoebus\app\pvtree\target\app-pvtree-5.0.2.jar
[INFO] 
[INFO] --- maven-failsafe-plugin:2.22.0:integration-test (default) @ app-pvtree ---
[INFO] Tests are skipped.
[INFO] 
[INFO] --- maven-failsafe-plugin:2.22.0:verify (default) @ app-pvtree ---
[INFO] Tests are skipped.
[INFO] 
[INFO] --- maven-install-plugin:2.4:install (default-install) @ app-pvtree ---
[INFO] Installing C:\myLocalRepo\phoebus-fnal\lib\phoebus\app\pvtree\target\app-pvtree-5.0.2.jar to C:\Users\zyuan\.m2\repository\org\phoebus\app-pvtree\5.0.2\app-pvtree-5.0.2.jar
[INFO] Installing C:\myLocalRepo\phoebus-fnal\lib\phoebus\app\pvtree\pom.xml to C:\Users\zyuan\.m2\repository\org\phoebus\app-pvtree\5.0.2\app-pvtree-5.0.2.pom
[INFO] 
[INFO] -----------------------< org.phoebus:app-update >-----------------------
[INFO] Building app-update 5.0.2                                       [30/112]
[INFO]   from lib\phoebus\app\update\pom.xml
[INFO] --------------------------------[ jar ]---------------------------------
[INFO] 
[INFO] --- maven-clean-plugin:2.5:clean (default-clean) @ app-update ---
[INFO] Deleting C:\myLocalRepo\phoebus-fnal\lib\phoebus\app\update\target
[INFO] 
[INFO] --- git-commit-id-maven-plugin:9.0.1:revision (get-the-git-infos) @ app-update ---
[INFO] 
[INFO] --- maven-resources-plugin:2.6:resources (default-resources) @ app-update ---
[INFO] Using 'UTF-8' encoding to copy filtered resources.
[INFO] Copying 3 resources
[INFO] 
[INFO] --- maven-compiler-plugin:3.6.2:compile (default-compile) @ app-update ---
[INFO] Changes detected - recompiling the module!
[INFO] Compiling 7 source files to C:\myLocalRepo\phoebus-fnal\lib\phoebus\app\update\target\classes
[INFO] 
[INFO] --- maven-resources-plugin:2.6:testResources (default-testResources) @ app-update ---
[INFO] Using 'UTF-8' encoding to copy filtered resources.
[INFO] skip non existing resourceDirectory C:\myLocalRepo\phoebus-fnal\lib\phoebus\app\update\src\test\resources
[INFO] 
[INFO] --- maven-compiler-plugin:3.6.2:testCompile (default-testCompile) @ app-update ---
[INFO] Changes detected - recompiling the module!
[INFO] Compiling 2 source files to C:\myLocalRepo\phoebus-fnal\lib\phoebus\app\update\target\test-classes
[INFO] 
[INFO] --- maven-surefire-plugin:3.0.0-M7:test (default-test) @ app-update ---
[INFO] Tests are skipped.
[INFO] 
[INFO] --- maven-jar-plugin:3.3.0:jar (default-jar) @ app-update ---
[INFO] Building jar: C:\myLocalRepo\phoebus-fnal\lib\phoebus\app\update\target\app-update-5.0.2.jar
[INFO] 
[INFO] --- maven-failsafe-plugin:2.22.0:integration-test (default) @ app-update ---
[INFO] Tests are skipped.
[INFO] 
[INFO] --- maven-failsafe-plugin:2.22.0:verify (default) @ app-update ---
[INFO] Tests are skipped.
[INFO] 
[INFO] --- maven-install-plugin:2.4:install (default-install) @ app-update ---
[INFO] Installing C:\myLocalRepo\phoebus-fnal\lib\phoebus\app\update\target\app-update-5.0.2.jar to C:\Users\zyuan\.m2\repository\org\phoebus\app-update\5.0.2\app-update-5.0.2.jar
[INFO] Installing C:\myLocalRepo\phoebus-fnal\lib\phoebus\app\update\pom.xml to C:\Users\zyuan\.m2\repository\org\phoebus\app-update\5.0.2\app-update-5.0.2.pom
[INFO] 
[INFO] -----------------------< org.phoebus:app-email >------------------------
[INFO] Building app-email 5.0.2                                        [31/112]
[INFO]   from lib\phoebus\app\email\pom.xml
[INFO] --------------------------------[ pom ]---------------------------------
[INFO] 
[INFO] --- maven-clean-plugin:2.5:clean (default-clean) @ app-email ---
[INFO] 
[INFO] --- git-commit-id-maven-plugin:9.0.1:revision (get-the-git-infos) @ app-email ---
[INFO] 
[INFO] --- maven-failsafe-plugin:2.22.0:integration-test (default) @ app-email ---
[INFO] Tests are skipped.
[INFO] 
[INFO] --- maven-failsafe-plugin:2.22.0:verify (default) @ app-email ---
[INFO] Tests are skipped.
[INFO] 
[INFO] --- maven-install-plugin:2.4:install (default-install) @ app-email ---
[INFO] Installing C:\myLocalRepo\phoebus-fnal\lib\phoebus\app\email\pom.xml to C:\Users\zyuan\.m2\repository\org\phoebus\app-email\5.0.2\app-email-5.0.2.pom
[INFO] 
[INFO] ----------------------< org.phoebus:app-email-ui >----------------------
[INFO] Building app-email-ui 5.0.2                                     [32/112]
[INFO]   from lib\phoebus\app\email\ui\pom.xml
[INFO] --------------------------------[ jar ]---------------------------------
[INFO] 
[INFO] --- maven-clean-plugin:2.5:clean (default-clean) @ app-email-ui ---
[INFO] Deleting C:\myLocalRepo\phoebus-fnal\lib\phoebus\app\email\ui\target
[INFO] 
[INFO] --- git-commit-id-maven-plugin:9.0.1:revision (get-the-git-infos) @ app-email-ui ---
[INFO] 
[INFO] --- maven-resources-plugin:2.6:resources (default-resources) @ app-email-ui ---
[INFO] Using 'UTF-8' encoding to copy filtered resources.
[INFO] Copying 5 resources
[INFO] Copying 0 resource
[INFO] 
[INFO] --- maven-compiler-plugin:3.6.2:compile (default-compile) @ app-email-ui ---
[INFO] Changes detected - recompiling the module!
[INFO] Compiling 8 source files to C:\myLocalRepo\phoebus-fnal\lib\phoebus\app\email\ui\target\classes
[INFO] 
[INFO] --- maven-resources-plugin:2.6:testResources (default-testResources) @ app-email-ui ---
[INFO] Using 'UTF-8' encoding to copy filtered resources.
[INFO] skip non existing resourceDirectory C:\myLocalRepo\phoebus-fnal\lib\phoebus\app\email\ui\src\test\resources
[INFO] 
[INFO] --- maven-compiler-plugin:3.6.2:testCompile (default-testCompile) @ app-email-ui ---
[INFO] Changes detected - recompiling the module!
[INFO] Compiling 1 source file to C:\myLocalRepo\phoebus-fnal\lib\phoebus\app\email\ui\target\test-classes
[INFO] 
[INFO] --- maven-surefire-plugin:3.0.0-M7:test (default-test) @ app-email-ui ---
[INFO] Tests are skipped.
[INFO] 
[INFO] --- maven-jar-plugin:3.3.0:jar (default-jar) @ app-email-ui ---
[INFO] Building jar: C:\myLocalRepo\phoebus-fnal\lib\phoebus\app\email\ui\target\app-email-ui-5.0.2.jar
[INFO] 
[INFO] --- maven-failsafe-plugin:2.22.0:integration-test (default) @ app-email-ui ---
[INFO] Tests are skipped.
[INFO] 
[INFO] --- maven-failsafe-plugin:2.22.0:verify (default) @ app-email-ui ---
[INFO] Tests are skipped.
[INFO] 
[INFO] --- maven-install-plugin:2.4:install (default-install) @ app-email-ui ---
[INFO] Installing C:\myLocalRepo\phoebus-fnal\lib\phoebus\app\email\ui\target\app-email-ui-5.0.2.jar to C:\Users\zyuan\.m2\repository\org\phoebus\app-email-ui\5.0.2\app-email-ui-5.0.2.jar
[INFO] Installing C:\myLocalRepo\phoebus-fnal\lib\phoebus\app\email\ui\pom.xml to C:\Users\zyuan\.m2\repository\org\phoebus\app-email-ui\5.0.2\app-email-ui-5.0.2.pom
[INFO] 
[INFO] -----------------------< org.phoebus:app-errlog >-----------------------
[INFO] Building app-errlog 5.0.2                                       [33/112]
[INFO]   from lib\phoebus\app\errlog\pom.xml
[INFO] --------------------------------[ jar ]---------------------------------
[INFO] 
[INFO] --- maven-clean-plugin:2.5:clean (default-clean) @ app-errlog ---
[INFO] Deleting C:\myLocalRepo\phoebus-fnal\lib\phoebus\app\errlog\target
[INFO] 
[INFO] --- git-commit-id-maven-plugin:9.0.1:revision (get-the-git-infos) @ app-errlog ---
[INFO] 
[INFO] --- maven-resources-plugin:2.6:resources (default-resources) @ app-errlog ---
[INFO] Using 'UTF-8' encoding to copy filtered resources.
[INFO] Copying 4 resources
[INFO] 
[INFO] --- maven-compiler-plugin:3.6.2:compile (default-compile) @ app-errlog ---
[INFO] Changes detected - recompiling the module!
[INFO] Compiling 7 source files to C:\myLocalRepo\phoebus-fnal\lib\phoebus\app\errlog\target\classes
[INFO] 
[INFO] --- maven-resources-plugin:2.6:testResources (default-testResources) @ app-errlog ---
[INFO] Using 'UTF-8' encoding to copy filtered resources.
[INFO] skip non existing resourceDirectory C:\myLocalRepo\phoebus-fnal\lib\phoebus\app\errlog\src\test\resources
[INFO] 
[INFO] --- maven-compiler-plugin:3.6.2:testCompile (default-testCompile) @ app-errlog ---
[INFO] Changes detected - recompiling the module!
[INFO] Compiling 2 source files to C:\myLocalRepo\phoebus-fnal\lib\phoebus\app\errlog\target\test-classes
[INFO] 
[INFO] --- maven-surefire-plugin:3.0.0-M7:test (default-test) @ app-errlog ---
[INFO] Tests are skipped.
[INFO] 
[INFO] --- maven-jar-plugin:3.3.0:jar (default-jar) @ app-errlog ---
[INFO] Building jar: C:\myLocalRepo\phoebus-fnal\lib\phoebus\app\errlog\target\app-errlog-5.0.2.jar
[INFO] 
[INFO] --- maven-failsafe-plugin:2.22.0:integration-test (default) @ app-errlog ---
[INFO] Tests are skipped.
[INFO] 
[INFO] --- maven-failsafe-plugin:2.22.0:verify (default) @ app-errlog ---
[INFO] Tests are skipped.
[INFO] 
[INFO] --- maven-install-plugin:2.4:install (default-install) @ app-errlog ---
[INFO] Installing C:\myLocalRepo\phoebus-fnal\lib\phoebus\app\errlog\target\app-errlog-5.0.2.jar to C:\Users\zyuan\.m2\repository\org\phoebus\app-errlog\5.0.2\app-errlog-5.0.2.jar
[INFO] Installing C:\myLocalRepo\phoebus-fnal\lib\phoebus\app\errlog\pom.xml to C:\Users\zyuan\.m2\repository\org\phoebus\app-errlog\5.0.2\app-errlog-5.0.2.pom
[INFO] 
[INFO] --------------------< org.phoebus:app-filebrowser >---------------------
[INFO] Building app-filebrowser 5.0.2                                  [34/112]
[INFO]   from lib\phoebus\app\filebrowser\pom.xml
[INFO] --------------------------------[ jar ]---------------------------------
[INFO] 
[INFO] --- maven-clean-plugin:2.5:clean (default-clean) @ app-filebrowser ---
[INFO] Deleting C:\myLocalRepo\phoebus-fnal\lib\phoebus\app\filebrowser\target
[INFO] 
[INFO] --- git-commit-id-maven-plugin:9.0.1:revision (get-the-git-infos) @ app-filebrowser ---
[INFO] 
[INFO] --- maven-resources-plugin:2.6:resources (default-resources) @ app-filebrowser ---
[INFO] Using 'UTF-8' encoding to copy filtered resources.
[INFO] Copying 10 resources
[INFO] 
[INFO] --- maven-compiler-plugin:3.6.2:compile (default-compile) @ app-filebrowser ---
[INFO] Changes detected - recompiling the module!
[INFO] Compiling 20 source files to C:\myLocalRepo\phoebus-fnal\lib\phoebus\app\filebrowser\target\classes
[INFO] 
[INFO] --- maven-resources-plugin:2.6:testResources (default-testResources) @ app-filebrowser ---
[INFO] Using 'UTF-8' encoding to copy filtered resources.
[INFO] skip non existing resourceDirectory C:\myLocalRepo\phoebus-fnal\lib\phoebus\app\filebrowser\src\test\resources
[INFO] 
[INFO] --- maven-compiler-plugin:3.6.2:testCompile (default-testCompile) @ app-filebrowser ---
[INFO] No sources to compile
[INFO] 
[INFO] --- maven-surefire-plugin:3.0.0-M7:test (default-test) @ app-filebrowser ---
[INFO] Tests are skipped.
[INFO] 
[INFO] --- maven-jar-plugin:3.3.0:jar (default-jar) @ app-filebrowser ---
[INFO] Building jar: C:\myLocalRepo\phoebus-fnal\lib\phoebus\app\filebrowser\target\app-filebrowser-5.0.2.jar
[INFO] 
[INFO] --- maven-failsafe-plugin:2.22.0:integration-test (default) @ app-filebrowser ---
[INFO] Tests are skipped.
[INFO] 
[INFO] --- maven-failsafe-plugin:2.22.0:verify (default) @ app-filebrowser ---
[INFO] Tests are skipped.
[INFO] 
[INFO] --- maven-install-plugin:2.4:install (default-install) @ app-filebrowser ---
[INFO] Installing C:\myLocalRepo\phoebus-fnal\lib\phoebus\app\filebrowser\target\app-filebrowser-5.0.2.jar to C:\Users\zyuan\.m2\repository\org\phoebus\app-filebrowser\5.0.2\app-filebrowser-5.0.2.jar
[INFO] Installing C:\myLocalRepo\phoebus-fnal\lib\phoebus\app\filebrowser\pom.xml to C:\Users\zyuan\.m2\repository\org\phoebus\app-filebrowser\5.0.2\app-filebrowser-5.0.2.pom
[INFO] 
[INFO] ----------------------< org.phoebus:app-logbook >-----------------------
[INFO] Building app-logbook 5.0.2                                      [35/112]
[INFO]   from lib\phoebus\app\logbook\pom.xml
[INFO] --------------------------------[ pom ]---------------------------------
[INFO] 
[INFO] --- maven-clean-plugin:2.5:clean (default-clean) @ app-logbook ---
[INFO] 
[INFO] --- git-commit-id-maven-plugin:9.0.1:revision (get-the-git-infos) @ app-logbook ---
[INFO] 
[INFO] --- maven-failsafe-plugin:2.22.0:integration-test (default) @ app-logbook ---
[INFO] Tests are skipped.
[INFO] 
[INFO] --- maven-failsafe-plugin:2.22.0:verify (default) @ app-logbook ---
[INFO] Tests are skipped.
[INFO] 
[INFO] --- maven-install-plugin:2.4:install (default-install) @ app-logbook ---
[INFO] Installing C:\myLocalRepo\phoebus-fnal\lib\phoebus\app\logbook\pom.xml to C:\Users\zyuan\.m2\repository\org\phoebus\app-logbook\5.0.2\app-logbook-5.0.2.pom
[INFO] 
[INFO] ------------------< org.phoebus:app-logbook-inmemory >------------------
[INFO] Building app-logbook-inmemory 5.0.2                             [36/112]
[INFO]   from lib\phoebus\app\logbook\inmemory\pom.xml
[INFO] --------------------------------[ jar ]---------------------------------
[INFO] 
[INFO] --- maven-clean-plugin:2.5:clean (default-clean) @ app-logbook-inmemory ---
[INFO] Deleting C:\myLocalRepo\phoebus-fnal\lib\phoebus\app\logbook\inmemory\target
[INFO] 
[INFO] --- git-commit-id-maven-plugin:9.0.1:revision (get-the-git-infos) @ app-logbook-inmemory ---
[INFO] 
[INFO] --- maven-resources-plugin:2.6:resources (default-resources) @ app-logbook-inmemory ---
[INFO] Using 'UTF-8' encoding to copy filtered resources.
[INFO] Copying 1 resource
[INFO] 
[INFO] --- maven-compiler-plugin:3.6.2:compile (default-compile) @ app-logbook-inmemory ---
[INFO] Changes detected - recompiling the module!
[INFO] Compiling 2 source files to C:\myLocalRepo\phoebus-fnal\lib\phoebus\app\logbook\inmemory\target\classes
[INFO] 
[INFO] --- maven-resources-plugin:2.6:testResources (default-testResources) @ app-logbook-inmemory ---
[INFO] Using 'UTF-8' encoding to copy filtered resources.
[INFO] skip non existing resourceDirectory C:\myLocalRepo\phoebus-fnal\lib\phoebus\app\logbook\inmemory\src\test\resources
[INFO] 
[INFO] --- maven-compiler-plugin:3.6.2:testCompile (default-testCompile) @ app-logbook-inmemory ---
[INFO] No sources to compile
[INFO] 
[INFO] --- maven-surefire-plugin:3.0.0-M7:test (default-test) @ app-logbook-inmemory ---
[INFO] Tests are skipped.
[INFO] 
[INFO] --- maven-jar-plugin:3.3.0:jar (default-jar) @ app-logbook-inmemory ---
[INFO] Building jar: C:\myLocalRepo\phoebus-fnal\lib\phoebus\app\logbook\inmemory\target\app-logbook-inmemory-5.0.2.jar
[INFO] 
[INFO] --- maven-failsafe-plugin:2.22.0:integration-test (default) @ app-logbook-inmemory ---
[INFO] Tests are skipped.
[INFO] 
[INFO] --- maven-failsafe-plugin:2.22.0:verify (default) @ app-logbook-inmemory ---
[INFO] Tests are skipped.
[INFO] 
[INFO] --- maven-install-plugin:2.4:install (default-install) @ app-logbook-inmemory ---
[INFO] Installing C:\myLocalRepo\phoebus-fnal\lib\phoebus\app\logbook\inmemory\target\app-logbook-inmemory-5.0.2.jar to C:\Users\zyuan\.m2\repository\org\phoebus\app-logbook-inmemory\5.0.2\app-logbook-inmemory-5.0.2.jar
[INFO] Installing C:\myLocalRepo\phoebus-fnal\lib\phoebus\app\logbook\inmemory\pom.xml to C:\Users\zyuan\.m2\repository\org\phoebus\app-logbook-inmemory\5.0.2\app-logbook-inmemory-5.0.2.pom
[INFO] 
[INFO] ---------------------< org.phoebus:app-logbook-ui >---------------------
[INFO] Building app-logbook-ui 5.0.2                                   [37/112]
[INFO]   from lib\phoebus\app\logbook\ui\pom.xml
[INFO] --------------------------------[ jar ]---------------------------------
[INFO] 
[INFO] --- maven-clean-plugin:2.5:clean (default-clean) @ app-logbook-ui ---
[INFO] Deleting C:\myLocalRepo\phoebus-fnal\lib\phoebus\app\logbook\ui\target
[INFO] 
[INFO] --- git-commit-id-maven-plugin:9.0.1:revision (get-the-git-infos) @ app-logbook-ui ---
[INFO] 
[INFO] --- maven-resources-plugin:2.6:resources (default-resources) @ app-logbook-ui ---
[INFO] Using 'UTF-8' encoding to copy filtered resources.
[INFO] Copying 28 resources
[INFO] 
[INFO] --- maven-compiler-plugin:3.6.2:compile (default-compile) @ app-logbook-ui ---
[INFO] Changes detected - recompiling the module!
[INFO] Compiling 31 source files to C:\myLocalRepo\phoebus-fnal\lib\phoebus\app\logbook\ui\target\classes
[INFO] 
[INFO] --- maven-resources-plugin:2.6:testResources (default-testResources) @ app-logbook-ui ---
[INFO] Using 'UTF-8' encoding to copy filtered resources.
[INFO] Copying 2 resources
[INFO] 
[INFO] --- maven-compiler-plugin:3.6.2:testCompile (default-testCompile) @ app-logbook-ui ---
[INFO] Changes detected - recompiling the module!
[INFO] Compiling 8 source files to C:\myLocalRepo\phoebus-fnal\lib\phoebus\app\logbook\ui\target\test-classes
[INFO] 
[INFO] --- maven-surefire-plugin:3.0.0-M7:test (default-test) @ app-logbook-ui ---
[INFO] Tests are skipped.
[INFO] 
[INFO] --- maven-jar-plugin:3.3.0:jar (default-jar) @ app-logbook-ui ---
[INFO] Building jar: C:\myLocalRepo\phoebus-fnal\lib\phoebus\app\logbook\ui\target\app-logbook-ui-5.0.2.jar
[INFO] 
[INFO] --- maven-failsafe-plugin:2.22.0:integration-test (default) @ app-logbook-ui ---
[INFO] Tests are skipped.
[INFO] 
[INFO] --- maven-failsafe-plugin:2.22.0:verify (default) @ app-logbook-ui ---
[INFO] Tests are skipped.
[INFO] 
[INFO] --- maven-install-plugin:2.4:install (default-install) @ app-logbook-ui ---
[INFO] Installing C:\myLocalRepo\phoebus-fnal\lib\phoebus\app\logbook\ui\target\app-logbook-ui-5.0.2.jar to C:\Users\zyuan\.m2\repository\org\phoebus\app-logbook-ui\5.0.2\app-logbook-ui-5.0.2.jar
[INFO] Installing C:\myLocalRepo\phoebus-fnal\lib\phoebus\app\logbook\ui\pom.xml to C:\Users\zyuan\.m2\repository\org\phoebus\app-logbook-ui\5.0.2\app-logbook-ui-5.0.2.pom
[INFO] 
[INFO] --------------------< org.phoebus:app-logbook-olog >--------------------
[INFO] Building app-logbook-olog 5.0.2                                 [38/112]
[INFO]   from lib\phoebus\app\logbook\olog\pom.xml
[INFO] --------------------------------[ pom ]---------------------------------
[INFO] 
[INFO] --- maven-clean-plugin:2.5:clean (default-clean) @ app-logbook-olog ---
[INFO] 
[INFO] --- git-commit-id-maven-plugin:9.0.1:revision (get-the-git-infos) @ app-logbook-olog ---
[INFO] 
[INFO] --- maven-failsafe-plugin:2.22.0:integration-test (default) @ app-logbook-olog ---
[INFO] Tests are skipped.
[INFO] 
[INFO] --- maven-failsafe-plugin:2.22.0:verify (default) @ app-logbook-olog ---
[INFO] Tests are skipped.
[INFO] 
[INFO] --- maven-install-plugin:2.4:install (default-install) @ app-logbook-olog ---
[INFO] Installing C:\myLocalRepo\phoebus-fnal\lib\phoebus\app\logbook\olog\pom.xml to C:\Users\zyuan\.m2\repository\org\phoebus\app-logbook-olog\5.0.2\app-logbook-olog-5.0.2.pom
[INFO] 
[INFO] ----------------< org.phoebus:app-logbook-olog-client >-----------------
[INFO] Building app-logbook-olog-client 5.0.2                          [39/112]
[INFO]   from lib\phoebus\app\logbook\olog\client\pom.xml
[INFO] --------------------------------[ jar ]---------------------------------
[INFO] 
[INFO] --- maven-clean-plugin:2.5:clean (default-clean) @ app-logbook-olog-client ---
[INFO] Deleting C:\myLocalRepo\phoebus-fnal\lib\phoebus\app\logbook\olog\client\target
[INFO] 
[INFO] --- git-commit-id-maven-plugin:9.0.1:revision (get-the-git-infos) @ app-logbook-olog-client ---
[INFO] 
[INFO] --- maven-resources-plugin:2.6:resources (default-resources) @ app-logbook-olog-client ---
[INFO] Using 'UTF-8' encoding to copy filtered resources.
[INFO] Copying 2 resources
[INFO] 
[INFO] --- maven-compiler-plugin:3.6.2:compile (default-compile) @ app-logbook-olog-client ---
[INFO] Changes detected - recompiling the module!
[INFO] Compiling 23 source files to C:\myLocalRepo\phoebus-fnal\lib\phoebus\app\logbook\olog\client\target\classes
[INFO] 
[INFO] --- maven-resources-plugin:2.6:testResources (default-testResources) @ app-logbook-olog-client ---
[INFO] Using 'UTF-8' encoding to copy filtered resources.
[INFO] skip non existing resourceDirectory C:\myLocalRepo\phoebus-fnal\lib\phoebus\app\logbook\olog\client\src\test\resources
[INFO] 
[INFO] --- maven-compiler-plugin:3.6.2:testCompile (default-testCompile) @ app-logbook-olog-client ---
[INFO] No sources to compile
[INFO] 
[INFO] --- maven-surefire-plugin:3.0.0-M7:test (default-test) @ app-logbook-olog-client ---
[INFO] Tests are skipped.
[INFO] 
[INFO] --- maven-jar-plugin:3.3.0:jar (default-jar) @ app-logbook-olog-client ---
[INFO] Building jar: C:\myLocalRepo\phoebus-fnal\lib\phoebus\app\logbook\olog\client\target\app-logbook-olog-client-5.0.2.jar
[INFO] 
[INFO] --- maven-failsafe-plugin:2.22.0:integration-test (default) @ app-logbook-olog-client ---
[INFO] Tests are skipped.
[INFO] 
[INFO] --- maven-failsafe-plugin:2.22.0:verify (default) @ app-logbook-olog-client ---
[INFO] Tests are skipped.
[INFO] 
[INFO] --- maven-install-plugin:2.4:install (default-install) @ app-logbook-olog-client ---
[INFO] Installing C:\myLocalRepo\phoebus-fnal\lib\phoebus\app\logbook\olog\client\target\app-logbook-olog-client-5.0.2.jar to C:\Users\zyuan\.m2\repository\org\phoebus\app-logbook-olog-client\5.0.2\app-logbook-olog-client-5.0.2.jar
[INFO] Installing C:\myLocalRepo\phoebus-fnal\lib\phoebus\app\logbook\olog\client\pom.xml to C:\Users\zyuan\.m2\repository\org\phoebus\app-logbook-olog-client\5.0.2\app-logbook-olog-client-5.0.2.pom
[INFO] 
[INFO] ---------------< org.phoebus:app-logbook-olog-client-es >---------------
[INFO] Building app-logbook-olog-client-es 5.0.2                       [40/112]
[INFO]   from lib\phoebus\app\logbook\olog\client-es\pom.xml
[INFO] --------------------------------[ jar ]---------------------------------
[INFO] 
[INFO] --- maven-clean-plugin:2.5:clean (default-clean) @ app-logbook-olog-client-es ---
[INFO] Deleting C:\myLocalRepo\phoebus-fnal\lib\phoebus\app\logbook\olog\client-es\target
[INFO] 
[INFO] --- git-commit-id-maven-plugin:9.0.1:revision (get-the-git-infos) @ app-logbook-olog-client-es ---
[INFO] 
[INFO] --- maven-resources-plugin:2.6:resources (default-resources) @ app-logbook-olog-client-es ---
[INFO] Using 'UTF-8' encoding to copy filtered resources.
[INFO] Copying 3 resources
[INFO] 
[INFO] --- maven-compiler-plugin:3.6.2:compile (default-compile) @ app-logbook-olog-client-es ---
[INFO] Changes detected - recompiling the module!
[INFO] Compiling 16 source files to C:\myLocalRepo\phoebus-fnal\lib\phoebus\app\logbook\olog\client-es\target\classes
[INFO] 
[INFO] --- maven-resources-plugin:2.6:testResources (default-testResources) @ app-logbook-olog-client-es ---
[INFO] Using 'UTF-8' encoding to copy filtered resources.
[INFO] skip non existing resourceDirectory C:\myLocalRepo\phoebus-fnal\lib\phoebus\app\logbook\olog\client-es\src\test\resources
[INFO] 
[INFO] --- maven-compiler-plugin:3.6.2:testCompile (default-testCompile) @ app-logbook-olog-client-es ---
[INFO] Changes detected - recompiling the module!
[INFO] Compiling 3 source files to C:\myLocalRepo\phoebus-fnal\lib\phoebus\app\logbook\olog\client-es\target\test-classes
[INFO] 
[INFO] --- maven-surefire-plugin:3.0.0-M7:test (default-test) @ app-logbook-olog-client-es ---
[INFO] Tests are skipped.
[INFO] 
[INFO] --- maven-jar-plugin:3.3.0:jar (default-jar) @ app-logbook-olog-client-es ---
[INFO] Building jar: C:\myLocalRepo\phoebus-fnal\lib\phoebus\app\logbook\olog\client-es\target\app-logbook-olog-client-es-5.0.2.jar
[INFO] 
[INFO] --- maven-failsafe-plugin:2.22.0:integration-test (default) @ app-logbook-olog-client-es ---
[INFO] Tests are skipped.
[INFO] 
[INFO] --- maven-failsafe-plugin:2.22.0:verify (default) @ app-logbook-olog-client-es ---
[INFO] Tests are skipped.
[INFO] 
[INFO] --- maven-install-plugin:2.4:install (default-install) @ app-logbook-olog-client-es ---
[INFO] Installing C:\myLocalRepo\phoebus-fnal\lib\phoebus\app\logbook\olog\client-es\target\app-logbook-olog-client-es-5.0.2.jar to C:\Users\zyuan\.m2\repository\org\phoebus\app-logbook-olog-client-es\5.0.2\app-logbook-olog-client-es-5.0.2.jar
[INFO] Installing C:\myLocalRepo\phoebus-fnal\lib\phoebus\app\logbook\olog\client-es\pom.xml to C:\Users\zyuan\.m2\repository\org\phoebus\app-logbook-olog-client-es\5.0.2\app-logbook-olog-client-es-5.0.2.pom
[INFO] 
[INFO] ------------------< org.phoebus:app-logbook-olog-ui >-------------------
[INFO] Building app-logbook-olog-ui 5.0.2                              [41/112]
[INFO]   from lib\phoebus\app\logbook\olog\ui\pom.xml
[INFO] --------------------------------[ jar ]---------------------------------
[INFO] 
[INFO] --- maven-clean-plugin:2.5:clean (default-clean) @ app-logbook-olog-ui ---
[INFO] Deleting C:\myLocalRepo\phoebus-fnal\lib\phoebus\app\logbook\olog\ui\target
[INFO] 
[INFO] --- git-commit-id-maven-plugin:9.0.1:revision (get-the-git-infos) @ app-logbook-olog-ui ---
[INFO] 
[INFO] --- maven-resources-plugin:2.6:resources (default-resources) @ app-logbook-olog-ui ---
[INFO] Using 'UTF-8' encoding to copy filtered resources.
[INFO] Copying 48 resources
[INFO] 
[INFO] --- maven-compiler-plugin:3.6.2:compile (default-compile) @ app-logbook-olog-ui ---
[INFO] Changes detected - recompiling the module!
[INFO] Compiling 46 source files to C:\myLocalRepo\phoebus-fnal\lib\phoebus\app\logbook\olog\ui\target\classes
[INFO] 
[INFO] --- maven-resources-plugin:2.6:testResources (default-testResources) @ app-logbook-olog-ui ---
[INFO] Using 'UTF-8' encoding to copy filtered resources.
[INFO] Copying 2 resources
[INFO] 
[INFO] --- maven-compiler-plugin:3.6.2:testCompile (default-testCompile) @ app-logbook-olog-ui ---
[INFO] Changes detected - recompiling the module!
[INFO] Compiling 14 source files to C:\myLocalRepo\phoebus-fnal\lib\phoebus\app\logbook\olog\ui\target\test-classes
[INFO] 
[INFO] --- maven-surefire-plugin:3.0.0-M7:test (default-test) @ app-logbook-olog-ui ---
[INFO] Tests are skipped.
[INFO] 
[INFO] --- maven-jar-plugin:3.3.0:jar (default-jar) @ app-logbook-olog-ui ---
[INFO] Building jar: C:\myLocalRepo\phoebus-fnal\lib\phoebus\app\logbook\olog\ui\target\app-logbook-olog-ui-5.0.2.jar
[INFO] 
[INFO] --- maven-failsafe-plugin:2.22.0:integration-test (default) @ app-logbook-olog-ui ---
[INFO] Tests are skipped.
[INFO] 
[INFO] --- maven-failsafe-plugin:2.22.0:verify (default) @ app-logbook-olog-ui ---
[INFO] Tests are skipped.
[INFO] 
[INFO] --- maven-install-plugin:2.4:install (default-install) @ app-logbook-olog-ui ---
[INFO] Installing C:\myLocalRepo\phoebus-fnal\lib\phoebus\app\logbook\olog\ui\target\app-logbook-olog-ui-5.0.2.jar to C:\Users\zyuan\.m2\repository\org\phoebus\app-logbook-olog-ui\5.0.2\app-logbook-olog-ui-5.0.2.jar
[INFO] Installing C:\myLocalRepo\phoebus-fnal\lib\phoebus\app\logbook\olog\ui\pom.xml to C:\Users\zyuan\.m2\repository\org\phoebus\app-logbook-olog-ui\5.0.2\app-logbook-olog-ui-5.0.2.pom
[INFO] 
[INFO] --------------------< org.phoebus:app-logbook-elog >--------------------
[INFO] Building app-logbook-elog 5.0.2                                 [42/112]
[INFO]   from lib\phoebus\app\logbook\elog\pom.xml
[INFO] --------------------------------[ jar ]---------------------------------
[INFO] 
[INFO] --- maven-clean-plugin:2.5:clean (default-clean) @ app-logbook-elog ---
[INFO] Deleting C:\myLocalRepo\phoebus-fnal\lib\phoebus\app\logbook\elog\target
[INFO] 
[INFO] --- git-commit-id-maven-plugin:9.0.1:revision (get-the-git-infos) @ app-logbook-elog ---
[INFO] 
[INFO] --- maven-resources-plugin:2.6:resources (default-resources) @ app-logbook-elog ---
[INFO] Using 'UTF-8' encoding to copy filtered resources.
[INFO] Copying 2 resources
[INFO] 
[INFO] --- maven-compiler-plugin:3.6.2:compile (default-compile) @ app-logbook-elog ---
[INFO] Changes detected - recompiling the module!
[INFO] Compiling 6 source files to C:\myLocalRepo\phoebus-fnal\lib\phoebus\app\logbook\elog\target\classes
[INFO] 
[INFO] --- maven-resources-plugin:2.6:testResources (default-testResources) @ app-logbook-elog ---
[INFO] Using 'UTF-8' encoding to copy filtered resources.
[INFO] skip non existing resourceDirectory C:\myLocalRepo\phoebus-fnal\lib\phoebus\app\logbook\elog\src\test\resources
[INFO] 
[INFO] --- maven-compiler-plugin:3.6.2:testCompile (default-testCompile) @ app-logbook-elog ---
[INFO] No sources to compile
[INFO] 
[INFO] --- maven-surefire-plugin:3.0.0-M7:test (default-test) @ app-logbook-elog ---
[INFO] Tests are skipped.
[INFO] 
[INFO] --- maven-jar-plugin:3.3.0:jar (default-jar) @ app-logbook-elog ---
[INFO] Building jar: C:\myLocalRepo\phoebus-fnal\lib\phoebus\app\logbook\elog\target\app-logbook-elog-5.0.2.jar
[INFO] 
[INFO] --- maven-failsafe-plugin:2.22.0:integration-test (default) @ app-logbook-elog ---
[INFO] Tests are skipped.
[INFO] 
[INFO] --- maven-failsafe-plugin:2.22.0:verify (default) @ app-logbook-elog ---
[INFO] Tests are skipped.
[INFO] 
[INFO] --- maven-install-plugin:2.4:install (default-install) @ app-logbook-elog ---
[INFO] Installing C:\myLocalRepo\phoebus-fnal\lib\phoebus\app\logbook\elog\target\app-logbook-elog-5.0.2.jar to C:\Users\zyuan\.m2\repository\org\phoebus\app-logbook-elog\5.0.2\app-logbook-elog-5.0.2.jar
[INFO] Installing C:\myLocalRepo\phoebus-fnal\lib\phoebus\app\logbook\elog\pom.xml to C:\Users\zyuan\.m2\repository\org\phoebus\app-logbook-elog\5.0.2\app-logbook-elog-5.0.2.pom
[INFO] 
[INFO] -----------------------< org.phoebus:app-rtplot >-----------------------
[INFO] Building app-rtplot 5.0.2                                       [43/112]
[INFO]   from lib\phoebus\app\rtplot\pom.xml
[INFO] --------------------------------[ jar ]---------------------------------
[INFO] 
[INFO] --- maven-clean-plugin:2.5:clean (default-clean) @ app-rtplot ---
[INFO] Deleting C:\myLocalRepo\phoebus-fnal\lib\phoebus\app\rtplot\target
[INFO] 
[INFO] --- git-commit-id-maven-plugin:9.0.1:revision (get-the-git-infos) @ app-rtplot ---
[INFO] 
[INFO] --- maven-resources-plugin:2.6:resources (default-resources) @ app-rtplot ---
[INFO] Using 'UTF-8' encoding to copy filtered resources.
[INFO] Copying 23 resources
[INFO] 
[INFO] --- maven-compiler-plugin:3.6.2:compile (default-compile) @ app-rtplot ---
[INFO] Changes detected - recompiling the module!
[INFO] Compiling 81 source files to C:\myLocalRepo\phoebus-fnal\lib\phoebus\app\rtplot\target\classes
[INFO] 
[INFO] --- maven-resources-plugin:2.6:testResources (default-testResources) @ app-rtplot ---
[INFO] Using 'UTF-8' encoding to copy filtered resources.
[INFO] skip non existing resourceDirectory C:\myLocalRepo\phoebus-fnal\lib\phoebus\app\rtplot\src\test\resources
[INFO] 
[INFO] --- maven-compiler-plugin:3.6.2:testCompile (default-testCompile) @ app-rtplot ---
[INFO] Changes detected - recompiling the module!
[INFO] Compiling 19 source files to C:\myLocalRepo\phoebus-fnal\lib\phoebus\app\rtplot\target\test-classes
[INFO] 
[INFO] --- maven-surefire-plugin:3.0.0-M7:test (default-test) @ app-rtplot ---
[INFO] Tests are skipped.
[INFO] 
[INFO] --- maven-jar-plugin:3.3.0:jar (default-jar) @ app-rtplot ---
[INFO] Building jar: C:\myLocalRepo\phoebus-fnal\lib\phoebus\app\rtplot\target\app-rtplot-5.0.2.jar
[INFO] 
[INFO] --- maven-failsafe-plugin:2.22.0:integration-test (default) @ app-rtplot ---
[INFO] Tests are skipped.
[INFO] 
[INFO] --- maven-failsafe-plugin:2.22.0:verify (default) @ app-rtplot ---
[INFO] Tests are skipped.
[INFO] 
[INFO] --- maven-install-plugin:2.4:install (default-install) @ app-rtplot ---
[INFO] Installing C:\myLocalRepo\phoebus-fnal\lib\phoebus\app\rtplot\target\app-rtplot-5.0.2.jar to C:\Users\zyuan\.m2\repository\org\phoebus\app-rtplot\5.0.2\app-rtplot-5.0.2.jar
[INFO] Installing C:\myLocalRepo\phoebus-fnal\lib\phoebus\app\rtplot\pom.xml to C:\Users\zyuan\.m2\repository\org\phoebus\app-rtplot\5.0.2\app-rtplot-5.0.2.pom
[INFO] 
[INFO] -----------------------< org.phoebus:app-trends >-----------------------
[INFO] Building app-trends 5.0.2                                       [44/112]
[INFO]   from lib\phoebus\app\trends\pom.xml
[INFO] --------------------------------[ pom ]---------------------------------
[INFO] 
[INFO] --- maven-clean-plugin:2.5:clean (default-clean) @ app-trends ---
[INFO] 
[INFO] --- git-commit-id-maven-plugin:9.0.1:revision (get-the-git-infos) @ app-trends ---
[INFO] 
[INFO] --- maven-failsafe-plugin:2.22.0:integration-test (default) @ app-trends ---
[INFO] Tests are skipped.
[INFO] 
[INFO] --- maven-failsafe-plugin:2.22.0:verify (default) @ app-trends ---
[INFO] Tests are skipped.
[INFO] 
[INFO] --- maven-install-plugin:2.4:install (default-install) @ app-trends ---
[INFO] Installing C:\myLocalRepo\phoebus-fnal\lib\phoebus\app\trends\pom.xml to C:\Users\zyuan\.m2\repository\org\phoebus\app-trends\5.0.2\app-trends-5.0.2.pom
[INFO] 
[INFO] ---------------< org.phoebus:app-trends-archive-reader >----------------
[INFO] Building app-trends-archive-reader 5.0.2                        [45/112]
[INFO]   from lib\phoebus\app\trends\archive-reader\pom.xml
[INFO] --------------------------------[ jar ]---------------------------------
[INFO] 
[INFO] --- maven-clean-plugin:2.5:clean (default-clean) @ app-trends-archive-reader ---
[INFO] Deleting C:\myLocalRepo\phoebus-fnal\lib\phoebus\app\trends\archive-reader\target
[INFO] 
[INFO] --- git-commit-id-maven-plugin:9.0.1:revision (get-the-git-infos) @ app-trends-archive-reader ---
[INFO] 
[INFO] --- maven-resources-plugin:2.6:resources (default-resources) @ app-trends-archive-reader ---
[INFO] Using 'UTF-8' encoding to copy filtered resources.
[INFO] Copying 4 resources
[INFO] 
[INFO] --- maven-compiler-plugin:3.6.2:compile (default-compile) @ app-trends-archive-reader ---
[INFO] Changes detected - recompiling the module!
[INFO] Compiling 55 source files to C:\myLocalRepo\phoebus-fnal\lib\phoebus\app\trends\archive-reader\target\classes
[INFO] 
[INFO] --- maven-resources-plugin:2.6:testResources (default-testResources) @ app-trends-archive-reader ---
[INFO] Using 'UTF-8' encoding to copy filtered resources.
[INFO] skip non existing resourceDirectory C:\myLocalRepo\phoebus-fnal\lib\phoebus\app\trends\archive-reader\src\test\resources
[INFO] 
[INFO] --- maven-compiler-plugin:3.6.2:testCompile (default-testCompile) @ app-trends-archive-reader ---
[INFO] Changes detected - recompiling the module!
[INFO] Compiling 3 source files to C:\myLocalRepo\phoebus-fnal\lib\phoebus\app\trends\archive-reader\target\test-classes
[INFO] 
[INFO] --- maven-surefire-plugin:3.0.0-M7:test (default-test) @ app-trends-archive-reader ---
[INFO] Tests are skipped.
[INFO] 
[INFO] --- maven-jar-plugin:3.3.0:jar (default-jar) @ app-trends-archive-reader ---
[INFO] Building jar: C:\myLocalRepo\phoebus-fnal\lib\phoebus\app\trends\archive-reader\target\app-trends-archive-reader-5.0.2.jar
[INFO] 
[INFO] --- maven-failsafe-plugin:2.22.0:integration-test (default) @ app-trends-archive-reader ---
[INFO] Tests are skipped.
[INFO] 
[INFO] --- maven-failsafe-plugin:2.22.0:verify (default) @ app-trends-archive-reader ---
[INFO] Tests are skipped.
[INFO] 
[INFO] --- maven-install-plugin:2.4:install (default-install) @ app-trends-archive-reader ---
[INFO] Installing C:\myLocalRepo\phoebus-fnal\lib\phoebus\app\trends\archive-reader\target\app-trends-archive-reader-5.0.2.jar to C:\Users\zyuan\.m2\repository\org\phoebus\app-trends-archive-reader\5.0.2\app-trends-archive-reader-5.0.2.jar
[INFO] Installing C:\myLocalRepo\phoebus-fnal\lib\phoebus\app\trends\archive-reader\pom.xml to C:\Users\zyuan\.m2\repository\org\phoebus\app-trends-archive-reader\5.0.2\app-trends-archive-reader-5.0.2.pom
[INFO] 
[INFO] --------------------< org.phoebus:app-databrowser >---------------------
[INFO] Building app-databrowser 5.0.2                                  [46/112]
[INFO]   from lib\phoebus\app\databrowser\pom.xml
[INFO] --------------------------------[ jar ]---------------------------------
[INFO] 
[INFO] --- maven-clean-plugin:2.5:clean (default-clean) @ app-databrowser ---
[INFO] Deleting C:\myLocalRepo\phoebus-fnal\lib\phoebus\app\databrowser\target
[INFO] 
[INFO] --- git-commit-id-maven-plugin:9.0.1:revision (get-the-git-infos) @ app-databrowser ---
[INFO] 
[INFO] --- maven-resources-plugin:2.6:resources (default-resources) @ app-databrowser ---
[INFO] Using 'UTF-8' encoding to copy filtered resources.
[INFO] Copying 33 resources
[INFO] 
[INFO] --- maven-compiler-plugin:3.6.2:compile (default-compile) @ app-databrowser ---
[INFO] Changes detected - recompiling the module!
[INFO] Compiling 125 source files to C:\myLocalRepo\phoebus-fnal\lib\phoebus\app\databrowser\target\classes
[INFO] 
[INFO] --- maven-resources-plugin:2.6:testResources (default-testResources) @ app-databrowser ---
[INFO] Using 'UTF-8' encoding to copy filtered resources.
[INFO] skip non existing resourceDirectory C:\myLocalRepo\phoebus-fnal\lib\phoebus\app\databrowser\src\test\resources
[INFO] 
[INFO] --- maven-compiler-plugin:3.6.2:testCompile (default-testCompile) @ app-databrowser ---
[INFO] Changes detected - recompiling the module!
[INFO] Compiling 17 source files to C:\myLocalRepo\phoebus-fnal\lib\phoebus\app\databrowser\target\test-classes
[INFO] 
[INFO] --- maven-surefire-plugin:3.0.0-M7:test (default-test) @ app-databrowser ---
[INFO] Tests are skipped.
[INFO] 
[INFO] --- maven-jar-plugin:3.3.0:jar (default-jar) @ app-databrowser ---
[INFO] Building jar: C:\myLocalRepo\phoebus-fnal\lib\phoebus\app\databrowser\target\app-databrowser-5.0.2.jar
[INFO] 
[INFO] --- maven-failsafe-plugin:2.22.0:integration-test (default) @ app-databrowser ---
[INFO] Tests are skipped.
[INFO] 
[INFO] --- maven-failsafe-plugin:2.22.0:verify (default) @ app-databrowser ---
[INFO] Tests are skipped.
[INFO] 
[INFO] --- maven-install-plugin:2.4:install (default-install) @ app-databrowser ---
[INFO] Installing C:\myLocalRepo\phoebus-fnal\lib\phoebus\app\databrowser\target\app-databrowser-5.0.2.jar to C:\Users\zyuan\.m2\repository\org\phoebus\app-databrowser\5.0.2\app-databrowser-5.0.2.jar
[INFO] Installing C:\myLocalRepo\phoebus-fnal\lib\phoebus\app\databrowser\pom.xml to C:\Users\zyuan\.m2\repository\org\phoebus\app-databrowser\5.0.2\app-databrowser-5.0.2.pom
[INFO] 
[INFO] ------------------< org.phoebus:app-databrowser-json >------------------
[INFO] Building app-databrowser-json 5.0.2                             [47/112]
[INFO]   from lib\phoebus\app\databrowser-json\pom.xml
[INFO] --------------------------------[ jar ]---------------------------------
[INFO] 
[INFO] --- maven-clean-plugin:2.5:clean (default-clean) @ app-databrowser-json ---
[INFO] Deleting C:\myLocalRepo\phoebus-fnal\lib\phoebus\app\databrowser-json\target
[INFO] 
[INFO] --- git-commit-id-maven-plugin:9.0.1:revision (get-the-git-infos) @ app-databrowser-json ---
[INFO] 
[INFO] --- maven-resources-plugin:2.6:resources (default-resources) @ app-databrowser-json ---
[INFO] Using 'UTF-8' encoding to copy filtered resources.
[INFO] Copying 2 resources
[INFO] 
[INFO] --- maven-compiler-plugin:3.6.2:compile (default-compile) @ app-databrowser-json ---
[INFO] Changes detected - recompiling the module!
[INFO] Compiling 6 source files to C:\myLocalRepo\phoebus-fnal\lib\phoebus\app\databrowser-json\target\classes
[INFO] 
[INFO] --- maven-resources-plugin:2.6:testResources (default-testResources) @ app-databrowser-json ---
[INFO] Using 'UTF-8' encoding to copy filtered resources.
[INFO] skip non existing resourceDirectory C:\myLocalRepo\phoebus-fnal\lib\phoebus\app\databrowser-json\src\test\resources
[INFO] 
[INFO] --- maven-compiler-plugin:3.6.2:testCompile (default-testCompile) @ app-databrowser-json ---
[INFO] Changes detected - recompiling the module!
[INFO] Compiling 3 source files to C:\myLocalRepo\phoebus-fnal\lib\phoebus\app\databrowser-json\target\test-classes
[INFO] 
[INFO] --- maven-surefire-plugin:3.0.0-M7:test (default-test) @ app-databrowser-json ---
[INFO] Tests are skipped.
[INFO] 
[INFO] --- maven-jar-plugin:3.3.0:jar (default-jar) @ app-databrowser-json ---
[INFO] Building jar: C:\myLocalRepo\phoebus-fnal\lib\phoebus\app\databrowser-json\target\app-databrowser-json-5.0.2.jar
[INFO] 
[INFO] --- maven-failsafe-plugin:2.22.0:integration-test (default) @ app-databrowser-json ---
[INFO] Tests are skipped.
[INFO] 
[INFO] --- maven-failsafe-plugin:2.22.0:verify (default) @ app-databrowser-json ---
[INFO] Tests are skipped.
[INFO] 
[INFO] --- maven-install-plugin:2.4:install (default-install) @ app-databrowser-json ---
[INFO] Installing C:\myLocalRepo\phoebus-fnal\lib\phoebus\app\databrowser-json\target\app-databrowser-json-5.0.2.jar to C:\Users\zyuan\.m2\repository\org\phoebus\app-databrowser-json\5.0.2\app-databrowser-json-5.0.2.jar
[INFO] Installing C:\myLocalRepo\phoebus-fnal\lib\phoebus\app\databrowser-json\pom.xml to C:\Users\zyuan\.m2\repository\org\phoebus\app-databrowser-json\5.0.2\app-databrowser-json-5.0.2.pom
[INFO] 
[INFO] ---------------< org.phoebus:app-databrowser-timescale >----------------
[INFO] Building app-databrowser-timescale 5.0.2                        [48/112]
[INFO]   from lib\phoebus\app\databrowser-timescale\pom.xml
[INFO] --------------------------------[ jar ]---------------------------------
[INFO] 
[INFO] --- maven-clean-plugin:2.5:clean (default-clean) @ app-databrowser-timescale ---
[INFO] Deleting C:\myLocalRepo\phoebus-fnal\lib\phoebus\app\databrowser-timescale\target
[INFO] 
[INFO] --- git-commit-id-maven-plugin:9.0.1:revision (get-the-git-infos) @ app-databrowser-timescale ---
[INFO] 
[INFO] --- maven-resources-plugin:2.6:resources (default-resources) @ app-databrowser-timescale ---
[INFO] Using 'UTF-8' encoding to copy filtered resources.
[INFO] Copying 2 resources
[INFO] 
[INFO] --- maven-compiler-plugin:3.6.2:compile (default-compile) @ app-databrowser-timescale ---
[INFO] Changes detected - recompiling the module!
[INFO] Compiling 7 source files to C:\myLocalRepo\phoebus-fnal\lib\phoebus\app\databrowser-timescale\target\classes
[INFO] 
[INFO] --- maven-resources-plugin:2.6:testResources (default-testResources) @ app-databrowser-timescale ---
[INFO] Using 'UTF-8' encoding to copy filtered resources.
[INFO] skip non existing resourceDirectory C:\myLocalRepo\phoebus-fnal\lib\phoebus\app\databrowser-timescale\src\test\resources
[INFO] 
[INFO] --- maven-compiler-plugin:3.6.2:testCompile (default-testCompile) @ app-databrowser-timescale ---
[INFO] No sources to compile
[INFO] 
[INFO] --- maven-surefire-plugin:3.0.0-M7:test (default-test) @ app-databrowser-timescale ---
[INFO] Tests are skipped.
[INFO] 
[INFO] --- maven-jar-plugin:3.3.0:jar (default-jar) @ app-databrowser-timescale ---
[INFO] Building jar: C:\myLocalRepo\phoebus-fnal\lib\phoebus\app\databrowser-timescale\target\app-databrowser-timescale-5.0.2.jar
[INFO] 
[INFO] --- maven-failsafe-plugin:2.22.0:integration-test (default) @ app-databrowser-timescale ---
[INFO] Tests are skipped.
[INFO] 
[INFO] --- maven-failsafe-plugin:2.22.0:verify (default) @ app-databrowser-timescale ---
[INFO] Tests are skipped.
[INFO] 
[INFO] --- maven-install-plugin:2.4:install (default-install) @ app-databrowser-timescale ---
[INFO] Installing C:\myLocalRepo\phoebus-fnal\lib\phoebus\app\databrowser-timescale\target\app-databrowser-timescale-5.0.2.jar to C:\Users\zyuan\.m2\repository\org\phoebus\app-databrowser-timescale\5.0.2\app-databrowser-timescale-5.0.2.jar
[INFO] Installing C:\myLocalRepo\phoebus-fnal\lib\phoebus\app\databrowser-timescale\pom.xml to C:\Users\zyuan\.m2\repository\org\phoebus\app-databrowser-timescale\5.0.2\app-databrowser-timescale-5.0.2.pom
[INFO] 
[INFO] ----------------------< org.phoebus:app-display >-----------------------
[INFO] Building app-display 5.0.2                                      [49/112]
[INFO]   from lib\phoebus\app\display\pom.xml
[INFO] --------------------------------[ pom ]---------------------------------
[INFO] 
[INFO] --- maven-clean-plugin:2.5:clean (default-clean) @ app-display ---
[INFO] 
[INFO] --- git-commit-id-maven-plugin:9.0.1:revision (get-the-git-infos) @ app-display ---
[INFO] 
[INFO] --- maven-failsafe-plugin:2.22.0:integration-test (default) @ app-display ---
[INFO] Tests are skipped.
[INFO] 
[INFO] --- maven-failsafe-plugin:2.22.0:verify (default) @ app-display ---
[INFO] Tests are skipped.
[INFO] 
[INFO] --- maven-install-plugin:2.4:install (default-install) @ app-display ---
[INFO] Installing C:\myLocalRepo\phoebus-fnal\lib\phoebus\app\display\pom.xml to C:\Users\zyuan\.m2\repository\org\phoebus\app-display\5.0.2\app-display-5.0.2.pom
[INFO] 
[INFO] -------------------< org.phoebus:app-display-model >--------------------
[INFO] Building app-display-model 5.0.2                                [50/112]
[INFO]   from lib\phoebus\app\display\model\pom.xml
[INFO] --------------------------------[ jar ]---------------------------------
[INFO] 
[INFO] --- maven-clean-plugin:2.5:clean (default-clean) @ app-display-model ---
[INFO] Deleting C:\myLocalRepo\phoebus-fnal\lib\phoebus\app\display\model\target
[INFO] 
[INFO] --- git-commit-id-maven-plugin:9.0.1:revision (get-the-git-infos) @ app-display-model ---
[INFO] 
[INFO] --- maven-resources-plugin:2.6:resources (default-resources) @ app-display-model ---
[INFO] Using 'UTF-8' encoding to copy filtered resources.
[INFO] Copying 392 resources
[INFO] 
[INFO] --- maven-compiler-plugin:3.6.2:compile (default-compile) @ app-display-model ---
[INFO] Changes detected - recompiling the module!
[INFO] Compiling 160 source files to C:\myLocalRepo\phoebus-fnal\lib\phoebus\app\display\model\target\classes
[INFO] 
[INFO] --- maven-resources-plugin:2.6:testResources (default-testResources) @ app-display-model ---
[INFO] Using 'UTF-8' encoding to copy filtered resources.
[INFO] Copying 11 resources
[INFO] 
[INFO] --- maven-compiler-plugin:3.6.2:testCompile (default-testCompile) @ app-display-model ---
[INFO] Changes detected - recompiling the module!
[INFO] Compiling 25 source files to C:\myLocalRepo\phoebus-fnal\lib\phoebus\app\display\model\target\test-classes
[INFO] 
[INFO] --- maven-surefire-plugin:3.0.0-M7:test (default-test) @ app-display-model ---
[INFO] Tests are skipped.
[INFO] 
[INFO] --- maven-jar-plugin:3.3.0:jar (default-jar) @ app-display-model ---
[INFO] Building jar: C:\myLocalRepo\phoebus-fnal\lib\phoebus\app\display\model\target\app-display-model-5.0.2.jar
[INFO] 
[INFO] --- maven-failsafe-plugin:2.22.0:integration-test (default) @ app-display-model ---
[INFO] Tests are skipped.
[INFO] 
[INFO] --- maven-failsafe-plugin:2.22.0:verify (default) @ app-display-model ---
[INFO] Tests are skipped.
[INFO] 
[INFO] --- maven-install-plugin:2.4:install (default-install) @ app-display-model ---
[INFO] Installing C:\myLocalRepo\phoebus-fnal\lib\phoebus\app\display\model\target\app-display-model-5.0.2.jar to C:\Users\zyuan\.m2\repository\org\phoebus\app-display-model\5.0.2\app-display-model-5.0.2.jar
[INFO] Installing C:\myLocalRepo\phoebus-fnal\lib\phoebus\app\display\model\pom.xml to C:\Users\zyuan\.m2\repository\org\phoebus\app-display-model\5.0.2\app-display-model-5.0.2.pom
[INFO] 
[INFO] ---------------< org.phoebus:app-display-representation >---------------
[INFO] Building app-display-representation 5.0.2                       [51/112]
[INFO]   from lib\phoebus\app\display\representation\pom.xml
[INFO] --------------------------------[ jar ]---------------------------------
[INFO] 
[INFO] --- maven-clean-plugin:2.5:clean (default-clean) @ app-display-representation ---
[INFO] Deleting C:\myLocalRepo\phoebus-fnal\lib\phoebus\app\display\representation\target
[INFO] 
[INFO] --- git-commit-id-maven-plugin:9.0.1:revision (get-the-git-infos) @ app-display-representation ---
[INFO] 
[INFO] --- maven-resources-plugin:2.6:resources (default-resources) @ app-display-representation ---
[INFO] Using 'UTF-8' encoding to copy filtered resources.
[INFO] Copying 1 resource
[INFO] 
[INFO] --- maven-compiler-plugin:3.6.2:compile (default-compile) @ app-display-representation ---
[INFO] Changes detected - recompiling the module!
[INFO] Compiling 9 source files to C:\myLocalRepo\phoebus-fnal\lib\phoebus\app\display\representation\target\classes
[INFO] 
[INFO] --- maven-resources-plugin:2.6:testResources (default-testResources) @ app-display-representation ---
[INFO] Using 'UTF-8' encoding to copy filtered resources.
[INFO] skip non existing resourceDirectory C:\myLocalRepo\phoebus-fnal\lib\phoebus\app\display\representation\src\test\resources
[INFO] 
[INFO] --- maven-compiler-plugin:3.6.2:testCompile (default-testCompile) @ app-display-representation ---
[INFO] Changes detected - recompiling the module!
[INFO] Compiling 1 source file to C:\myLocalRepo\phoebus-fnal\lib\phoebus\app\display\representation\target\test-classes
[INFO] 
[INFO] --- maven-surefire-plugin:3.0.0-M7:test (default-test) @ app-display-representation ---
[INFO] Tests are skipped.
[INFO] 
[INFO] --- maven-jar-plugin:3.3.0:jar (default-jar) @ app-display-representation ---
[INFO] Building jar: C:\myLocalRepo\phoebus-fnal\lib\phoebus\app\display\representation\target\app-display-representation-5.0.2.jar
[INFO] 
[INFO] --- maven-failsafe-plugin:2.22.0:integration-test (default) @ app-display-representation ---
[INFO] Tests are skipped.
[INFO] 
[INFO] --- maven-failsafe-plugin:2.22.0:verify (default) @ app-display-representation ---
[INFO] Tests are skipped.
[INFO] 
[INFO] --- maven-install-plugin:2.4:install (default-install) @ app-display-representation ---
[INFO] Installing C:\myLocalRepo\phoebus-fnal\lib\phoebus\app\display\representation\target\app-display-representation-5.0.2.jar to C:\Users\zyuan\.m2\repository\org\phoebus\app-display-representation\5.0.2\app-display-representation-5.0.2.jar
[INFO] Installing C:\myLocalRepo\phoebus-fnal\lib\phoebus\app\display\representation\pom.xml to C:\Users\zyuan\.m2\repository\org\phoebus\app-display-representation\5.0.2\app-display-representation-5.0.2.pom
[INFO] 
[INFO] ---------------------< org.phoebus:app-3d-viewer >----------------------
[INFO] Building app-3d-viewer 5.0.2                                    [52/112]
[INFO]   from lib\phoebus\app\3d-viewer\pom.xml
[INFO] --------------------------------[ jar ]---------------------------------
[INFO] 
[INFO] --- maven-clean-plugin:2.5:clean (default-clean) @ app-3d-viewer ---
[INFO] Deleting C:\myLocalRepo\phoebus-fnal\lib\phoebus\app\3d-viewer\target
[INFO] 
[INFO] --- git-commit-id-maven-plugin:9.0.1:revision (get-the-git-infos) @ app-3d-viewer ---
[INFO] 
[INFO] --- maven-resources-plugin:2.6:resources (default-resources) @ app-3d-viewer ---
[INFO] Using 'UTF-8' encoding to copy filtered resources.
[INFO] Copying 11 resources
[INFO] 
[INFO] --- maven-compiler-plugin:3.6.2:compile (default-compile) @ app-3d-viewer ---
[INFO] Changes detected - recompiling the module!
[INFO] Compiling 9 source files to C:\myLocalRepo\phoebus-fnal\lib\phoebus\app\3d-viewer\target\classes
[INFO] 
[INFO] --- maven-resources-plugin:2.6:testResources (default-testResources) @ app-3d-viewer ---
[INFO] Using 'UTF-8' encoding to copy filtered resources.
[INFO] skip non existing resourceDirectory C:\myLocalRepo\phoebus-fnal\lib\phoebus\app\3d-viewer\src\test\resources
[INFO] 
[INFO] --- maven-compiler-plugin:3.6.2:testCompile (default-testCompile) @ app-3d-viewer ---
[INFO] Changes detected - recompiling the module!
[INFO] Compiling 2 source files to C:\myLocalRepo\phoebus-fnal\lib\phoebus\app\3d-viewer\target\test-classes
[INFO] 
[INFO] --- maven-surefire-plugin:3.0.0-M7:test (default-test) @ app-3d-viewer ---
[INFO] Tests are skipped.
[INFO] 
[INFO] --- maven-jar-plugin:3.3.0:jar (default-jar) @ app-3d-viewer ---
[INFO] Building jar: C:\myLocalRepo\phoebus-fnal\lib\phoebus\app\3d-viewer\target\app-3d-viewer-5.0.2.jar
[INFO] 
[INFO] --- maven-failsafe-plugin:2.22.0:integration-test (default) @ app-3d-viewer ---
[INFO] Tests are skipped.
[INFO] 
[INFO] --- maven-failsafe-plugin:2.22.0:verify (default) @ app-3d-viewer ---
[INFO] Tests are skipped.
[INFO] 
[INFO] --- maven-install-plugin:2.4:install (default-install) @ app-3d-viewer ---
[INFO] Installing C:\myLocalRepo\phoebus-fnal\lib\phoebus\app\3d-viewer\target\app-3d-viewer-5.0.2.jar to C:\Users\zyuan\.m2\repository\org\phoebus\app-3d-viewer\5.0.2\app-3d-viewer-5.0.2.jar
[INFO] Installing C:\myLocalRepo\phoebus-fnal\lib\phoebus\app\3d-viewer\pom.xml to C:\Users\zyuan\.m2\repository\org\phoebus\app-3d-viewer\5.0.2\app-3d-viewer-5.0.2.pom
[INFO] 
[INFO] -----------< org.phoebus:app-display-representation-javafx >------------
[INFO] Building app-display-representation-javafx 5.0.2                [53/112]
[INFO]   from lib\phoebus\app\display\representation-javafx\pom.xml
[INFO] --------------------------------[ jar ]---------------------------------
[INFO] 
[INFO] --- maven-clean-plugin:2.5:clean (default-clean) @ app-display-representation-javafx ---
[INFO] Deleting C:\myLocalRepo\phoebus-fnal\lib\phoebus\app\display\representation-javafx\target
[INFO] 
[INFO] --- git-commit-id-maven-plugin:9.0.1:revision (get-the-git-infos) @ app-display-representation-javafx ---
[INFO] 
[INFO] --- maven-resources-plugin:2.6:resources (default-resources) @ app-display-representation-javafx ---
[INFO] Using 'UTF-8' encoding to copy filtered resources.
[INFO] Copying 46 resources
[INFO] 
[INFO] --- maven-compiler-plugin:3.6.2:compile (default-compile) @ app-display-representation-javafx ---
[INFO] Changes detected - recompiling the module!
[INFO] Compiling 82 source files to C:\myLocalRepo\phoebus-fnal\lib\phoebus\app\display\representation-javafx\target\classes
[INFO] 
[INFO] --- maven-resources-plugin:2.6:testResources (default-testResources) @ app-display-representation-javafx ---
[INFO] Using 'UTF-8' encoding to copy filtered resources.
[INFO] Copying 6 resources
[INFO] 
[INFO] --- maven-compiler-plugin:3.6.2:testCompile (default-testCompile) @ app-display-representation-javafx ---
[INFO] Changes detected - recompiling the module!
[INFO] Compiling 37 source files to C:\myLocalRepo\phoebus-fnal\lib\phoebus\app\display\representation-javafx\target\test-classes
[INFO] 
[INFO] --- maven-surefire-plugin:3.0.0-M7:test (default-test) @ app-display-representation-javafx ---
[INFO] Tests are skipped.
[INFO] 
[INFO] --- maven-jar-plugin:3.3.0:jar (default-jar) @ app-display-representation-javafx ---
[INFO] Building jar: C:\myLocalRepo\phoebus-fnal\lib\phoebus\app\display\representation-javafx\target\app-display-representation-javafx-5.0.2.jar
[INFO] 
[INFO] --- maven-failsafe-plugin:2.22.0:integration-test (default) @ app-display-representation-javafx ---
[INFO] Tests are skipped.
[INFO] 
[INFO] --- maven-failsafe-plugin:2.22.0:verify (default) @ app-display-representation-javafx ---
[INFO] Tests are skipped.
[INFO] 
[INFO] --- maven-install-plugin:2.4:install (default-install) @ app-display-representation-javafx ---
[INFO] Installing C:\myLocalRepo\phoebus-fnal\lib\phoebus\app\display\representation-javafx\target\app-display-representation-javafx-5.0.2.jar to C:\Users\zyuan\.m2\repository\org\phoebus\app-display-representation-javafx\5.0.2\app-display-representation-javafx-5.0.2.jar
[INFO] Installing C:\myLocalRepo\phoebus-fnal\lib\phoebus\app\display\representation-javafx\pom.xml to C:\Users\zyuan\.m2\repository\org\phoebus\app-display-representation-javafx\5.0.2\app-display-representation-javafx-5.0.2.pom
[INFO] 
[INFO] -------------------< org.phoebus:app-display-fonts >--------------------
[INFO] Building app-display-fonts 5.0.2                                [54/112]
[INFO]   from lib\phoebus\app\display\fonts\pom.xml
[INFO] --------------------------------[ jar ]---------------------------------
[INFO] 
[INFO] --- maven-clean-plugin:2.5:clean (default-clean) @ app-display-fonts ---
[INFO] Deleting C:\myLocalRepo\phoebus-fnal\lib\phoebus\app\display\fonts\target
[INFO] 
[INFO] --- git-commit-id-maven-plugin:9.0.1:revision (get-the-git-infos) @ app-display-fonts ---
[INFO] 
[INFO] --- maven-resources-plugin:2.6:resources (default-resources) @ app-display-fonts ---
[INFO] Using 'UTF-8' encoding to copy filtered resources.
[INFO] Copying 15 resources
[INFO] 
[INFO] --- maven-compiler-plugin:3.6.2:compile (default-compile) @ app-display-fonts ---
[INFO] Changes detected - recompiling the module!
[INFO] Compiling 2 source files to C:\myLocalRepo\phoebus-fnal\lib\phoebus\app\display\fonts\target\classes
[INFO] 
[INFO] --- maven-resources-plugin:2.6:testResources (default-testResources) @ app-display-fonts ---
[INFO] Using 'UTF-8' encoding to copy filtered resources.
[INFO] skip non existing resourceDirectory C:\myLocalRepo\phoebus-fnal\lib\phoebus\app\display\fonts\src\test\resources
[INFO] 
[INFO] --- maven-compiler-plugin:3.6.2:testCompile (default-testCompile) @ app-display-fonts ---
[INFO] No sources to compile
[INFO] 
[INFO] --- maven-surefire-plugin:3.0.0-M7:test (default-test) @ app-display-fonts ---
[INFO] Tests are skipped.
[INFO] 
[INFO] --- maven-jar-plugin:3.3.0:jar (default-jar) @ app-display-fonts ---
[INFO] Building jar: C:\myLocalRepo\phoebus-fnal\lib\phoebus\app\display\fonts\target\app-display-fonts-5.0.2.jar
[INFO] 
[INFO] --- maven-failsafe-plugin:2.22.0:integration-test (default) @ app-display-fonts ---
[INFO] Tests are skipped.
[INFO] 
[INFO] --- maven-failsafe-plugin:2.22.0:verify (default) @ app-display-fonts ---
[INFO] Tests are skipped.
[INFO] 
[INFO] --- maven-install-plugin:2.4:install (default-install) @ app-display-fonts ---
[INFO] Installing C:\myLocalRepo\phoebus-fnal\lib\phoebus\app\display\fonts\target\app-display-fonts-5.0.2.jar to C:\Users\zyuan\.m2\repository\org\phoebus\app-display-fonts\5.0.2\app-display-fonts-5.0.2.jar
[INFO] Installing C:\myLocalRepo\phoebus-fnal\lib\phoebus\app\display\fonts\pom.xml to C:\Users\zyuan\.m2\repository\org\phoebus\app-display-fonts\5.0.2\app-display-fonts-5.0.2.pom
[INFO] 
[INFO] ------------------< org.phoebus:app-display-actions >-------------------
[INFO] Building app-display-actions 5.0.2                              [55/112]
[INFO]   from lib\phoebus\app\display\actions\pom.xml
[INFO] --------------------------------[ jar ]---------------------------------
[INFO] 
[INFO] --- maven-clean-plugin:2.5:clean (default-clean) @ app-display-actions ---
[INFO] Deleting C:\myLocalRepo\phoebus-fnal\lib\phoebus\app\display\actions\target
[INFO] 
[INFO] --- git-commit-id-maven-plugin:9.0.1:revision (get-the-git-infos) @ app-display-actions ---
[INFO] 
[INFO] --- maven-resources-plugin:2.6:resources (default-resources) @ app-display-actions ---
[INFO] Using 'UTF-8' encoding to copy filtered resources.
[INFO] Copying 10 resources
[INFO] 
[INFO] --- maven-compiler-plugin:3.6.2:compile (default-compile) @ app-display-actions ---
[INFO] Changes detected - recompiling the module!
[INFO] Compiling 19 source files to C:\myLocalRepo\phoebus-fnal\lib\phoebus\app\display\actions\target\classes
[INFO] 
[INFO] --- maven-resources-plugin:2.6:testResources (default-testResources) @ app-display-actions ---
[INFO] Using 'UTF-8' encoding to copy filtered resources.
[INFO] skip non existing resourceDirectory C:\myLocalRepo\phoebus-fnal\lib\phoebus\app\display\actions\src\test\resources
[INFO] 
[INFO] --- maven-compiler-plugin:3.6.2:testCompile (default-testCompile) @ app-display-actions ---
[INFO] Changes detected - recompiling the module!
[INFO] Compiling 3 source files to C:\myLocalRepo\phoebus-fnal\lib\phoebus\app\display\actions\target\test-classes
[INFO] 
[INFO] --- maven-surefire-plugin:3.0.0-M7:test (default-test) @ app-display-actions ---
[INFO] Tests are skipped.
[INFO] 
[INFO] --- maven-jar-plugin:3.3.0:jar (default-jar) @ app-display-actions ---
[INFO] Building jar: C:\myLocalRepo\phoebus-fnal\lib\phoebus\app\display\actions\target\app-display-actions-5.0.2.jar
[INFO] 
[INFO] --- maven-failsafe-plugin:2.22.0:integration-test (default) @ app-display-actions ---
[INFO] Tests are skipped.
[INFO] 
[INFO] --- maven-failsafe-plugin:2.22.0:verify (default) @ app-display-actions ---
[INFO] Tests are skipped.
[INFO] 
[INFO] --- maven-install-plugin:2.4:install (default-install) @ app-display-actions ---
[INFO] Installing C:\myLocalRepo\phoebus-fnal\lib\phoebus\app\display\actions\target\app-display-actions-5.0.2.jar to C:\Users\zyuan\.m2\repository\org\phoebus\app-display-actions\5.0.2\app-display-actions-5.0.2.jar
[INFO] Installing C:\myLocalRepo\phoebus-fnal\lib\phoebus\app\display\actions\pom.xml to C:\Users\zyuan\.m2\repository\org\phoebus\app-display-actions\5.0.2\app-display-actions-5.0.2.pom
[INFO] 
[INFO] ------------------< org.phoebus:app-display-runtime >-------------------
[INFO] Building app-display-runtime 5.0.2                              [56/112]
[INFO]   from lib\phoebus\app\display\runtime\pom.xml
[INFO] --------------------------------[ jar ]---------------------------------
[INFO] 
[INFO] --- maven-clean-plugin:2.5:clean (default-clean) @ app-display-runtime ---
[INFO] Deleting C:\myLocalRepo\phoebus-fnal\lib\phoebus\app\display\runtime\target
[INFO] 
[INFO] --- git-commit-id-maven-plugin:9.0.1:revision (get-the-git-infos) @ app-display-runtime ---
[INFO] 
[INFO] --- maven-resources-plugin:2.6:resources (default-resources) @ app-display-runtime ---
[INFO] Using 'UTF-8' encoding to copy filtered resources.
[INFO] Copying 27 resources
[INFO] 
[INFO] --- maven-compiler-plugin:3.6.2:compile (default-compile) @ app-display-runtime ---
[INFO] Changes detected - recompiling the module!
[INFO] Compiling 75 source files to C:\myLocalRepo\phoebus-fnal\lib\phoebus\app\display\runtime\target\classes
[INFO] 
[INFO] --- maven-resources-plugin:2.6:testResources (default-testResources) @ app-display-runtime ---
[INFO] Using 'UTF-8' encoding to copy filtered resources.
[INFO] skip non existing resourceDirectory C:\myLocalRepo\phoebus-fnal\lib\phoebus\app\display\runtime\src\test\resources
[INFO] 
[INFO] --- maven-compiler-plugin:3.6.2:testCompile (default-testCompile) @ app-display-runtime ---
[INFO] Changes detected - recompiling the module!
[INFO] Compiling 11 source files to C:\myLocalRepo\phoebus-fnal\lib\phoebus\app\display\runtime\target\test-classes
[INFO] 
[INFO] --- maven-surefire-plugin:3.0.0-M7:test (default-test) @ app-display-runtime ---
[INFO] Tests are skipped.
[INFO] 
[INFO] --- maven-jar-plugin:3.3.0:jar (default-jar) @ app-display-runtime ---
[INFO] Building jar: C:\myLocalRepo\phoebus-fnal\lib\phoebus\app\display\runtime\target\app-display-runtime-5.0.2.jar
[INFO] 
[INFO] --- maven-failsafe-plugin:2.22.0:integration-test (default) @ app-display-runtime ---
[INFO] Tests are skipped.
[INFO] 
[INFO] --- maven-failsafe-plugin:2.22.0:verify (default) @ app-display-runtime ---
[INFO] Tests are skipped.
[INFO] 
[INFO] --- maven-install-plugin:2.4:install (default-install) @ app-display-runtime ---
[INFO] Installing C:\myLocalRepo\phoebus-fnal\lib\phoebus\app\display\runtime\target\app-display-runtime-5.0.2.jar to C:\Users\zyuan\.m2\repository\org\phoebus\app-display-runtime\5.0.2\app-display-runtime-5.0.2.jar
[INFO] Installing C:\myLocalRepo\phoebus-fnal\lib\phoebus\app\display\runtime\pom.xml to C:\Users\zyuan\.m2\repository\org\phoebus\app-display-runtime\5.0.2\app-display-runtime-5.0.2.pom
[INFO] 
[INFO] -------------------< org.phoebus:app-display-editor >-------------------
[INFO] Building app-display-editor 5.0.2                               [57/112]
[INFO]   from lib\phoebus\app\display\editor\pom.xml
[INFO] --------------------------------[ jar ]---------------------------------
[INFO] 
[INFO] --- maven-clean-plugin:2.5:clean (default-clean) @ app-display-editor ---
[INFO] Deleting C:\myLocalRepo\phoebus-fnal\lib\phoebus\app\display\editor\target
[INFO] 
[INFO] --- git-commit-id-maven-plugin:9.0.1:revision (get-the-git-infos) @ app-display-editor ---
[INFO] 
[INFO] --- maven-resources-plugin:2.6:resources (default-resources) @ app-display-editor ---
[INFO] Using 'UTF-8' encoding to copy filtered resources.
[INFO] Copying 54 resources
[INFO] 
[INFO] --- maven-compiler-plugin:3.6.2:compile (default-compile) @ app-display-editor ---
[INFO] Changes detected - recompiling the module!
[INFO] Compiling 86 source files to C:\myLocalRepo\phoebus-fnal\lib\phoebus\app\display\editor\target\classes
[INFO] 
[INFO] --- maven-resources-plugin:2.6:testResources (default-testResources) @ app-display-editor ---
[INFO] Using 'UTF-8' encoding to copy filtered resources.
[INFO] skip non existing resourceDirectory C:\myLocalRepo\phoebus-fnal\lib\phoebus\app\display\editor\src\test\resources
[INFO] 
[INFO] --- maven-compiler-plugin:3.6.2:testCompile (default-testCompile) @ app-display-editor ---
[INFO] Changes detected - recompiling the module!
[INFO] Compiling 6 source files to C:\myLocalRepo\phoebus-fnal\lib\phoebus\app\display\editor\target\test-classes
[INFO] 
[INFO] --- maven-surefire-plugin:3.0.0-M7:test (default-test) @ app-display-editor ---
[INFO] Tests are skipped.
[INFO] 
[INFO] --- maven-jar-plugin:3.3.0:jar (default-jar) @ app-display-editor ---
[INFO] Building jar: C:\myLocalRepo\phoebus-fnal\lib\phoebus\app\display\editor\target\app-display-editor-5.0.2.jar
[INFO] 
[INFO] --- maven-failsafe-plugin:2.22.0:integration-test (default) @ app-display-editor ---
[INFO] Tests are skipped.
[INFO] 
[INFO] --- maven-failsafe-plugin:2.22.0:verify (default) @ app-display-editor ---
[INFO] Tests are skipped.
[INFO] 
[INFO] --- maven-install-plugin:2.4:install (default-install) @ app-display-editor ---
[INFO] Installing C:\myLocalRepo\phoebus-fnal\lib\phoebus\app\display\editor\target\app-display-editor-5.0.2.jar to C:\Users\zyuan\.m2\repository\org\phoebus\app-display-editor\5.0.2\app-display-editor-5.0.2.jar
[INFO] Installing C:\myLocalRepo\phoebus-fnal\lib\phoebus\app\display\editor\pom.xml to C:\Users\zyuan\.m2\repository\org\phoebus\app-display-editor\5.0.2\app-display-editor-5.0.2.pom
[INFO] 
[INFO] ----------------< org.phoebus:app-display-convert-medm >----------------
[INFO] Building app-display-convert-medm 5.0.2                         [58/112]
[INFO]   from lib\phoebus\app\display\convert-medm\pom.xml
[INFO] --------------------------------[ jar ]---------------------------------
[INFO] 
[INFO] --- maven-clean-plugin:2.5:clean (default-clean) @ app-display-convert-medm ---
[INFO] Deleting C:\myLocalRepo\phoebus-fnal\lib\phoebus\app\display\convert-medm\target
[INFO] 
[INFO] --- git-commit-id-maven-plugin:9.0.1:revision (get-the-git-infos) @ app-display-convert-medm ---
[INFO] 
[INFO] --- maven-resources-plugin:2.6:resources (default-resources) @ app-display-convert-medm ---
[INFO] Using 'UTF-8' encoding to copy filtered resources.
[INFO] Copying 3 resources
[INFO] 
[INFO] --- maven-compiler-plugin:3.6.2:compile (default-compile) @ app-display-convert-medm ---
[INFO] Changes detected - recompiling the module!
[INFO] Compiling 84 source files to C:\myLocalRepo\phoebus-fnal\lib\phoebus\app\display\convert-medm\target\classes
[INFO] 
[INFO] --- maven-resources-plugin:2.6:testResources (default-testResources) @ app-display-convert-medm ---
[INFO] Using 'UTF-8' encoding to copy filtered resources.
[INFO] Copying 1 resource
[INFO] 
[INFO] --- maven-compiler-plugin:3.6.2:testCompile (default-testCompile) @ app-display-convert-medm ---
[INFO] Changes detected - recompiling the module!
[INFO] Compiling 1 source file to C:\myLocalRepo\phoebus-fnal\lib\phoebus\app\display\convert-medm\target\test-classes
[INFO] 
[INFO] --- maven-surefire-plugin:3.0.0-M7:test (default-test) @ app-display-convert-medm ---
[INFO] Tests are skipped.
[INFO] 
[INFO] --- maven-jar-plugin:3.3.0:jar (default-jar) @ app-display-convert-medm ---
[INFO] Building jar: C:\myLocalRepo\phoebus-fnal\lib\phoebus\app\display\convert-medm\target\app-display-convert-medm-5.0.2.jar
[INFO] 
[INFO] --- maven-failsafe-plugin:2.22.0:integration-test (default) @ app-display-convert-medm ---
[INFO] Tests are skipped.
[INFO] 
[INFO] --- maven-failsafe-plugin:2.22.0:verify (default) @ app-display-convert-medm ---
[INFO] Tests are skipped.
[INFO] 
[INFO] --- maven-install-plugin:2.4:install (default-install) @ app-display-convert-medm ---
[INFO] Installing C:\myLocalRepo\phoebus-fnal\lib\phoebus\app\display\convert-medm\target\app-display-convert-medm-5.0.2.jar to C:\Users\zyuan\.m2\repository\org\phoebus\app-display-convert-medm\5.0.2\app-display-convert-medm-5.0.2.jar
[INFO] Installing C:\myLocalRepo\phoebus-fnal\lib\phoebus\app\display\convert-medm\pom.xml to C:\Users\zyuan\.m2\repository\org\phoebus\app-display-convert-medm\5.0.2\app-display-convert-medm-5.0.2.pom
[INFO] 
[INFO] ----------------< org.phoebus:app-display-convert-edm >-----------------
[INFO] Building app-display-convert-edm 5.0.2                          [59/112]
[INFO]   from lib\phoebus\app\display\convert-edm\pom.xml
[INFO] --------------------------------[ jar ]---------------------------------
[INFO] 
[INFO] --- maven-clean-plugin:2.5:clean (default-clean) @ app-display-convert-edm ---
[INFO] Deleting C:\myLocalRepo\phoebus-fnal\lib\phoebus\app\display\convert-edm\target
[INFO] 
[INFO] --- git-commit-id-maven-plugin:9.0.1:revision (get-the-git-infos) @ app-display-convert-edm ---
[INFO] 
[INFO] --- maven-resources-plugin:2.6:resources (default-resources) @ app-display-convert-edm ---
[INFO] Using 'UTF-8' encoding to copy filtered resources.
[INFO] Copying 3 resources
[INFO] 
[INFO] --- maven-compiler-plugin:3.6.2:compile (default-compile) @ app-display-convert-edm ---
[INFO] Changes detected - recompiling the module!
[INFO] Compiling 101 source files to C:\myLocalRepo\phoebus-fnal\lib\phoebus\app\display\convert-edm\target\classes
[INFO] 
[INFO] --- maven-resources-plugin:2.6:testResources (default-testResources) @ app-display-convert-edm ---
[INFO] Using 'UTF-8' encoding to copy filtered resources.
[INFO] Copying 2 resources
[INFO] 
[INFO] --- maven-compiler-plugin:3.6.2:testCompile (default-testCompile) @ app-display-convert-edm ---
[INFO] Changes detected - recompiling the module!
[INFO] Compiling 5 source files to C:\myLocalRepo\phoebus-fnal\lib\phoebus\app\display\convert-edm\target\test-classes
[INFO] 
[INFO] --- maven-surefire-plugin:3.0.0-M7:test (default-test) @ app-display-convert-edm ---
[INFO] Tests are skipped.
[INFO] 
[INFO] --- maven-jar-plugin:3.3.0:jar (default-jar) @ app-display-convert-edm ---
[INFO] Building jar: C:\myLocalRepo\phoebus-fnal\lib\phoebus\app\display\convert-edm\target\app-display-convert-edm-5.0.2.jar
[INFO] 
[INFO] --- maven-failsafe-plugin:2.22.0:integration-test (default) @ app-display-convert-edm ---
[INFO] Tests are skipped.
[INFO] 
[INFO] --- maven-failsafe-plugin:2.22.0:verify (default) @ app-display-convert-edm ---
[INFO] Tests are skipped.
[INFO] 
[INFO] --- maven-install-plugin:2.4:install (default-install) @ app-display-convert-edm ---
[INFO] Installing C:\myLocalRepo\phoebus-fnal\lib\phoebus\app\display\convert-edm\target\app-display-convert-edm-5.0.2.jar to C:\Users\zyuan\.m2\repository\org\phoebus\app-display-convert-edm\5.0.2\app-display-convert-edm-5.0.2.jar
[INFO] Installing C:\myLocalRepo\phoebus-fnal\lib\phoebus\app\display\convert-edm\pom.xml to C:\Users\zyuan\.m2\repository\org\phoebus\app-display-convert-edm\5.0.2\app-display-convert-edm-5.0.2.pom
[INFO] 
[INFO] -----------------< org.phoebus:app-display-navigation >-----------------
[INFO] Building app-display-navigation 5.0.2                           [60/112]
[INFO]   from lib\phoebus\app\display\navigation\pom.xml
[INFO] --------------------------------[ jar ]---------------------------------
[INFO] 
[INFO] --- maven-clean-plugin:2.5:clean (default-clean) @ app-display-navigation ---
[INFO] Deleting C:\myLocalRepo\phoebus-fnal\lib\phoebus\app\display\navigation\target
[INFO] 
[INFO] --- git-commit-id-maven-plugin:9.0.1:revision (get-the-git-infos) @ app-display-navigation ---
[INFO] 
[INFO] --- maven-resources-plugin:2.6:resources (default-resources) @ app-display-navigation ---
[INFO] Using 'UTF-8' encoding to copy filtered resources.
[INFO] Copying 4 resources
[INFO] 
[INFO] --- maven-compiler-plugin:3.6.2:compile (default-compile) @ app-display-navigation ---
[INFO] Changes detected - recompiling the module!
[INFO] Compiling 6 source files to C:\myLocalRepo\phoebus-fnal\lib\phoebus\app\display\navigation\target\classes
[INFO] 
[INFO] --- maven-resources-plugin:2.6:testResources (default-testResources) @ app-display-navigation ---
[INFO] Using 'UTF-8' encoding to copy filtered resources.
[INFO] Copying 17 resources
[INFO] 
[INFO] --- maven-compiler-plugin:3.6.2:testCompile (default-testCompile) @ app-display-navigation ---
[INFO] Changes detected - recompiling the module!
[INFO] Compiling 2 source files to C:\myLocalRepo\phoebus-fnal\lib\phoebus\app\display\navigation\target\test-classes
[INFO] 
[INFO] --- maven-surefire-plugin:3.0.0-M7:test (default-test) @ app-display-navigation ---
[INFO] Tests are skipped.
[INFO] 
[INFO] --- maven-jar-plugin:3.3.0:jar (default-jar) @ app-display-navigation ---
[INFO] Building jar: C:\myLocalRepo\phoebus-fnal\lib\phoebus\app\display\navigation\target\app-display-navigation-5.0.2.jar
[INFO] 
[INFO] --- maven-failsafe-plugin:2.22.0:integration-test (default) @ app-display-navigation ---
[INFO] Tests are skipped.
[INFO] 
[INFO] --- maven-failsafe-plugin:2.22.0:verify (default) @ app-display-navigation ---
[INFO] Tests are skipped.
[INFO] 
[INFO] --- maven-install-plugin:2.4:install (default-install) @ app-display-navigation ---
[INFO] Installing C:\myLocalRepo\phoebus-fnal\lib\phoebus\app\display\navigation\target\app-display-navigation-5.0.2.jar to C:\Users\zyuan\.m2\repository\org\phoebus\app-display-navigation\5.0.2\app-display-navigation-5.0.2.jar
[INFO] Installing C:\myLocalRepo\phoebus-fnal\lib\phoebus\app\display\navigation\pom.xml to C:\Users\zyuan\.m2\repository\org\phoebus\app-display-navigation\5.0.2\app-display-navigation-5.0.2.pom
[INFO] 
[INFO] ------------------< org.phoebus:app-display-adapters >------------------
[INFO] Building app-display-adapters 5.0.2                             [61/112]
[INFO]   from lib\phoebus\app\display\adapters\pom.xml
[INFO] --------------------------------[ jar ]---------------------------------
[INFO] 
[INFO] --- maven-clean-plugin:2.5:clean (default-clean) @ app-display-adapters ---
[INFO] Deleting C:\myLocalRepo\phoebus-fnal\lib\phoebus\app\display\adapters\target
[INFO] 
[INFO] --- git-commit-id-maven-plugin:9.0.1:revision (get-the-git-infos) @ app-display-adapters ---
[INFO] 
[INFO] --- maven-resources-plugin:2.6:resources (default-resources) @ app-display-adapters ---
[INFO] Using 'UTF-8' encoding to copy filtered resources.
[INFO] Copying 1 resource
[INFO] 
[INFO] --- maven-compiler-plugin:3.6.2:compile (default-compile) @ app-display-adapters ---
[INFO] Changes detected - recompiling the module!
[INFO] Compiling 1 source file to C:\myLocalRepo\phoebus-fnal\lib\phoebus\app\display\adapters\target\classes
[INFO] 
[INFO] --- maven-resources-plugin:2.6:testResources (default-testResources) @ app-display-adapters ---
[INFO] Using 'UTF-8' encoding to copy filtered resources.
[INFO] skip non existing resourceDirectory C:\myLocalRepo\phoebus-fnal\lib\phoebus\app\display\adapters\src\test\resources
[INFO] 
[INFO] --- maven-compiler-plugin:3.6.2:testCompile (default-testCompile) @ app-display-adapters ---
[INFO] No sources to compile
[INFO] 
[INFO] --- maven-surefire-plugin:3.0.0-M7:test (default-test) @ app-display-adapters ---
[INFO] Tests are skipped.
[INFO] 
[INFO] --- maven-jar-plugin:3.3.0:jar (default-jar) @ app-display-adapters ---
[INFO] Building jar: C:\myLocalRepo\phoebus-fnal\lib\phoebus\app\display\adapters\target\app-display-adapters-5.0.2.jar
[INFO] 
[INFO] --- maven-failsafe-plugin:2.22.0:integration-test (default) @ app-display-adapters ---
[INFO] Tests are skipped.
[INFO] 
[INFO] --- maven-failsafe-plugin:2.22.0:verify (default) @ app-display-adapters ---
[INFO] Tests are skipped.
[INFO] 
[INFO] --- maven-install-plugin:2.4:install (default-install) @ app-display-adapters ---
[INFO] Installing C:\myLocalRepo\phoebus-fnal\lib\phoebus\app\display\adapters\target\app-display-adapters-5.0.2.jar to C:\Users\zyuan\.m2\repository\org\phoebus\app-display-adapters\5.0.2\app-display-adapters-5.0.2.jar
[INFO] Installing C:\myLocalRepo\phoebus-fnal\lib\phoebus\app\display\adapters\pom.xml to C:\Users\zyuan\.m2\repository\org\phoebus\app-display-adapters\5.0.2\app-display-adapters-5.0.2.pom
[INFO] 
[INFO] -----------------< org.phoebus:app-display-thumbwheel >-----------------
[INFO] Building app-display-thumbwheel 5.0.2                           [62/112]
[INFO]   from lib\phoebus\app\display\thumbwheel\pom.xml
[INFO] --------------------------------[ jar ]---------------------------------
[INFO] 
[INFO] --- maven-clean-plugin:2.5:clean (default-clean) @ app-display-thumbwheel ---
[INFO] Deleting C:\myLocalRepo\phoebus-fnal\lib\phoebus\app\display\thumbwheel\target
[INFO] 
[INFO] --- git-commit-id-maven-plugin:9.0.1:revision (get-the-git-infos) @ app-display-thumbwheel ---
[INFO] 
[INFO] --- maven-resources-plugin:2.6:resources (default-resources) @ app-display-thumbwheel ---
[INFO] Using 'UTF-8' encoding to copy filtered resources.
[INFO] Copying 4 resources
[INFO] 
[INFO] --- maven-compiler-plugin:3.6.2:compile (default-compile) @ app-display-thumbwheel ---
[INFO] Changes detected - recompiling the module!
[INFO] Compiling 5 source files to C:\myLocalRepo\phoebus-fnal\lib\phoebus\app\display\thumbwheel\target\classes
[INFO] 
[INFO] --- maven-resources-plugin:2.6:testResources (default-testResources) @ app-display-thumbwheel ---
[INFO] Using 'UTF-8' encoding to copy filtered resources.
[INFO] skip non existing resourceDirectory C:\myLocalRepo\phoebus-fnal\lib\phoebus\app\display\thumbwheel\src\test\resources
[INFO] 
[INFO] --- maven-compiler-plugin:3.6.2:testCompile (default-testCompile) @ app-display-thumbwheel ---
[INFO] No sources to compile
[INFO] 
[INFO] --- maven-surefire-plugin:3.0.0-M7:test (default-test) @ app-display-thumbwheel ---
[INFO] Tests are skipped.
[INFO] 
[INFO] --- maven-jar-plugin:3.3.0:jar (default-jar) @ app-display-thumbwheel ---
[INFO] Building jar: C:\myLocalRepo\phoebus-fnal\lib\phoebus\app\display\thumbwheel\target\app-display-thumbwheel-5.0.2.jar
[INFO] 
[INFO] --- maven-failsafe-plugin:2.22.0:integration-test (default) @ app-display-thumbwheel ---
[INFO] Tests are skipped.
[INFO] 
[INFO] --- maven-failsafe-plugin:2.22.0:verify (default) @ app-display-thumbwheel ---
[INFO] Tests are skipped.
[INFO] 
[INFO] --- maven-install-plugin:2.4:install (default-install) @ app-display-thumbwheel ---
[INFO] Installing C:\myLocalRepo\phoebus-fnal\lib\phoebus\app\display\thumbwheel\target\app-display-thumbwheel-5.0.2.jar to C:\Users\zyuan\.m2\repository\org\phoebus\app-display-thumbwheel\5.0.2\app-display-thumbwheel-5.0.2.jar
[INFO] Installing C:\myLocalRepo\phoebus-fnal\lib\phoebus\app\display\thumbwheel\pom.xml to C:\Users\zyuan\.m2\repository\org\phoebus\app-display-thumbwheel\5.0.2\app-display-thumbwheel-5.0.2.pom
[INFO] 
[INFO] ----------------< org.phoebus:app-display-linearmeter >-----------------
[INFO] Building app-display-linearmeter 5.0.2                          [63/112]
[INFO]   from lib\phoebus\app\display\linearmeter\pom.xml
[INFO] --------------------------------[ jar ]---------------------------------
[INFO] 
[INFO] --- maven-clean-plugin:2.5:clean (default-clean) @ app-display-linearmeter ---
[INFO] Deleting C:\myLocalRepo\phoebus-fnal\lib\phoebus\app\display\linearmeter\target
[INFO] 
[INFO] --- git-commit-id-maven-plugin:9.0.1:revision (get-the-git-infos) @ app-display-linearmeter ---
[INFO] 
[INFO] --- maven-resources-plugin:2.6:resources (default-resources) @ app-display-linearmeter ---
[INFO] Using 'UTF-8' encoding to copy filtered resources.
[INFO] Copying 6 resources
[INFO] 
[INFO] --- maven-compiler-plugin:3.6.2:compile (default-compile) @ app-display-linearmeter ---
[INFO] Changes detected - recompiling the module!
[INFO] Compiling 6 source files to C:\myLocalRepo\phoebus-fnal\lib\phoebus\app\display\linearmeter\target\classes
[INFO] 
[INFO] --- maven-resources-plugin:2.6:testResources (default-testResources) @ app-display-linearmeter ---
[INFO] Using 'UTF-8' encoding to copy filtered resources.
[INFO] skip non existing resourceDirectory C:\myLocalRepo\phoebus-fnal\lib\phoebus\app\display\linearmeter\src\test\resources
[INFO] 
[INFO] --- maven-compiler-plugin:3.6.2:testCompile (default-testCompile) @ app-display-linearmeter ---
[INFO] No sources to compile
[INFO] 
[INFO] --- maven-surefire-plugin:3.0.0-M7:test (default-test) @ app-display-linearmeter ---
[INFO] Tests are skipped.
[INFO] 
[INFO] --- maven-jar-plugin:3.3.0:jar (default-jar) @ app-display-linearmeter ---
[INFO] Building jar: C:\myLocalRepo\phoebus-fnal\lib\phoebus\app\display\linearmeter\target\app-display-linearmeter-5.0.2.jar
[INFO] 
[INFO] --- maven-failsafe-plugin:2.22.0:integration-test (default) @ app-display-linearmeter ---
[INFO] Tests are skipped.
[INFO] 
[INFO] --- maven-failsafe-plugin:2.22.0:verify (default) @ app-display-linearmeter ---
[INFO] Tests are skipped.
[INFO] 
[INFO] --- maven-install-plugin:2.4:install (default-install) @ app-display-linearmeter ---
[INFO] Installing C:\myLocalRepo\phoebus-fnal\lib\phoebus\app\display\linearmeter\target\app-display-linearmeter-5.0.2.jar to C:\Users\zyuan\.m2\repository\org\phoebus\app-display-linearmeter\5.0.2\app-display-linearmeter-5.0.2.jar
[INFO] Installing C:\myLocalRepo\phoebus-fnal\lib\phoebus\app\display\linearmeter\pom.xml to C:\Users\zyuan\.m2\repository\org\phoebus\app-display-linearmeter\5.0.2\app-display-linearmeter-5.0.2.pom
[INFO] 
[INFO] -----------------------< org.phoebus:app-alarm >------------------------
[INFO] Building app-alarm 5.0.2                                        [64/112]
[INFO]   from lib\phoebus\app\alarm\pom.xml
[INFO] --------------------------------[ pom ]---------------------------------
[INFO] 
[INFO] --- maven-clean-plugin:2.5:clean (default-clean) @ app-alarm ---
[INFO] 
[INFO] --- git-commit-id-maven-plugin:9.0.1:revision (get-the-git-infos) @ app-alarm ---
[INFO] 
[INFO] --- maven-failsafe-plugin:2.22.0:integration-test (default) @ app-alarm ---
[INFO] Tests are skipped.
[INFO] 
[INFO] --- maven-failsafe-plugin:2.22.0:verify (default) @ app-alarm ---
[INFO] Tests are skipped.
[INFO] 
[INFO] --- maven-install-plugin:2.4:install (default-install) @ app-alarm ---
[INFO] Installing C:\myLocalRepo\phoebus-fnal\lib\phoebus\app\alarm\pom.xml to C:\Users\zyuan\.m2\repository\org\phoebus\app-alarm\5.0.2\app-alarm-5.0.2.pom
[INFO] 
[INFO] --------------------< org.phoebus:app-alarm-model >---------------------
[INFO] Building app-alarm-model 5.0.2                                  [65/112]
[INFO]   from lib\phoebus\app\alarm\model\pom.xml
[INFO] --------------------------------[ jar ]---------------------------------
[INFO] 
[INFO] --- maven-clean-plugin:2.5:clean (default-clean) @ app-alarm-model ---
[INFO] Deleting C:\myLocalRepo\phoebus-fnal\lib\phoebus\app\alarm\model\target
[INFO] 
[INFO] --- git-commit-id-maven-plugin:9.0.1:revision (get-the-git-infos) @ app-alarm-model ---
[INFO] 
[INFO] --- maven-resources-plugin:2.6:resources (default-resources) @ app-alarm-model ---
[INFO] Using 'UTF-8' encoding to copy filtered resources.
[INFO] Copying 3 resources
[INFO] 
[INFO] --- maven-compiler-plugin:3.6.2:compile (default-compile) @ app-alarm-model ---
[INFO] Changes detected - recompiling the module!
[INFO] Compiling 40 source files to C:\myLocalRepo\phoebus-fnal\lib\phoebus\app\alarm\model\target\classes
[INFO] 
[INFO] --- maven-resources-plugin:2.6:testResources (default-testResources) @ app-alarm-model ---
[INFO] Using 'UTF-8' encoding to copy filtered resources.
[INFO] skip non existing resourceDirectory C:\myLocalRepo\phoebus-fnal\lib\phoebus\app\alarm\model\src\test\resources
[INFO] 
[INFO] --- maven-compiler-plugin:3.6.2:testCompile (default-testCompile) @ app-alarm-model ---
[INFO] Changes detected - recompiling the module!
[INFO] Compiling 11 source files to C:\myLocalRepo\phoebus-fnal\lib\phoebus\app\alarm\model\target\test-classes
[INFO] 
[INFO] --- maven-surefire-plugin:3.0.0-M7:test (default-test) @ app-alarm-model ---
[INFO] Tests are skipped.
[INFO] 
[INFO] --- maven-jar-plugin:3.3.0:jar (default-jar) @ app-alarm-model ---
[INFO] Building jar: C:\myLocalRepo\phoebus-fnal\lib\phoebus\app\alarm\model\target\app-alarm-model-5.0.2.jar
[INFO] 
[INFO] --- maven-failsafe-plugin:2.22.0:integration-test (default) @ app-alarm-model ---
[INFO] Tests are skipped.
[INFO] 
[INFO] --- maven-failsafe-plugin:2.22.0:verify (default) @ app-alarm-model ---
[INFO] Tests are skipped.
[INFO] 
[INFO] --- maven-install-plugin:2.4:install (default-install) @ app-alarm-model ---
[INFO] Installing C:\myLocalRepo\phoebus-fnal\lib\phoebus\app\alarm\model\target\app-alarm-model-5.0.2.jar to C:\Users\zyuan\.m2\repository\org\phoebus\app-alarm-model\5.0.2\app-alarm-model-5.0.2.jar
[INFO] Installing C:\myLocalRepo\phoebus-fnal\lib\phoebus\app\alarm\model\pom.xml to C:\Users\zyuan\.m2\repository\org\phoebus\app-alarm-model\5.0.2\app-alarm-model-5.0.2.pom
[INFO] 
[INFO] ----------------------< org.phoebus:app-alarm-ui >----------------------
[INFO] Building app-alarm-ui 5.0.2                                     [66/112]
[INFO]   from lib\phoebus\app\alarm\ui\pom.xml
[INFO] --------------------------------[ jar ]---------------------------------
[INFO] 
[INFO] --- maven-clean-plugin:2.5:clean (default-clean) @ app-alarm-ui ---
[INFO] Deleting C:\myLocalRepo\phoebus-fnal\lib\phoebus\app\alarm\ui\target
[INFO] 
[INFO] --- git-commit-id-maven-plugin:9.0.1:revision (get-the-git-infos) @ app-alarm-ui ---
[INFO] 
[INFO] --- maven-resources-plugin:2.6:resources (default-resources) @ app-alarm-ui ---
[INFO] Using 'UTF-8' encoding to copy filtered resources.
[INFO] Copying 42 resources
[INFO] 
[INFO] --- maven-compiler-plugin:3.6.2:compile (default-compile) @ app-alarm-ui ---
[INFO] Changes detected - recompiling the module!
[INFO] Compiling 52 source files to C:\myLocalRepo\phoebus-fnal\lib\phoebus\app\alarm\ui\target\classes
[INFO] 
[INFO] --- maven-resources-plugin:2.6:testResources (default-testResources) @ app-alarm-ui ---
[INFO] Using 'UTF-8' encoding to copy filtered resources.
[INFO] skip non existing resourceDirectory C:\myLocalRepo\phoebus-fnal\lib\phoebus\app\alarm\ui\src\test\resources
[INFO] 
[INFO] --- maven-compiler-plugin:3.6.2:testCompile (default-testCompile) @ app-alarm-ui ---
[INFO] Changes detected - recompiling the module!
[INFO] Compiling 11 source files to C:\myLocalRepo\phoebus-fnal\lib\phoebus\app\alarm\ui\target\test-classes
[INFO] 
[INFO] --- maven-surefire-plugin:3.0.0-M7:test (default-test) @ app-alarm-ui ---
[INFO] Tests are skipped.
[INFO] 
[INFO] --- maven-jar-plugin:3.3.0:jar (default-jar) @ app-alarm-ui ---
[INFO] Building jar: C:\myLocalRepo\phoebus-fnal\lib\phoebus\app\alarm\ui\target\app-alarm-ui-5.0.2.jar
[INFO] 
[INFO] --- maven-failsafe-plugin:2.22.0:integration-test (default) @ app-alarm-ui ---
[INFO] Tests are skipped.
[INFO] 
[INFO] --- maven-failsafe-plugin:2.22.0:verify (default) @ app-alarm-ui ---
[INFO] Tests are skipped.
[INFO] 
[INFO] --- maven-install-plugin:2.4:install (default-install) @ app-alarm-ui ---
[INFO] Installing C:\myLocalRepo\phoebus-fnal\lib\phoebus\app\alarm\ui\target\app-alarm-ui-5.0.2.jar to C:\Users\zyuan\.m2\repository\org\phoebus\app-alarm-ui\5.0.2\app-alarm-ui-5.0.2.jar
[INFO] Installing C:\myLocalRepo\phoebus-fnal\lib\phoebus\app\alarm\ui\pom.xml to C:\Users\zyuan\.m2\repository\org\phoebus\app-alarm-ui\5.0.2\app-alarm-ui-5.0.2.pom
[INFO] 
[INFO] ------------------< org.phoebus:app-alarm-logging-ui >------------------
[INFO] Building app-alarm-logging-ui 5.0.2                             [67/112]
[INFO]   from lib\phoebus\app\alarm\logging-ui\pom.xml
[INFO] --------------------------------[ jar ]---------------------------------
[INFO] 
[INFO] --- maven-clean-plugin:2.5:clean (default-clean) @ app-alarm-logging-ui ---
[INFO] Deleting C:\myLocalRepo\phoebus-fnal\lib\phoebus\app\alarm\logging-ui\target
[INFO] 
[INFO] --- git-commit-id-maven-plugin:9.0.1:revision (get-the-git-infos) @ app-alarm-logging-ui ---
[INFO] 
[INFO] --- maven-resources-plugin:2.6:resources (default-resources) @ app-alarm-logging-ui ---
[INFO] Using 'UTF-8' encoding to copy filtered resources.
[INFO] Copying 10 resources
[INFO] 
[INFO] --- maven-compiler-plugin:3.6.2:compile (default-compile) @ app-alarm-logging-ui ---
[INFO] Changes detected - recompiling the module!
[INFO] Compiling 14 source files to C:\myLocalRepo\phoebus-fnal\lib\phoebus\app\alarm\logging-ui\target\classes
[INFO] 
[INFO] --- maven-resources-plugin:2.6:testResources (default-testResources) @ app-alarm-logging-ui ---
[INFO] Using 'UTF-8' encoding to copy filtered resources.
[INFO] skip non existing resourceDirectory C:\myLocalRepo\phoebus-fnal\lib\phoebus\app\alarm\logging-ui\src\test\resources
[INFO] 
[INFO] --- maven-compiler-plugin:3.6.2:testCompile (default-testCompile) @ app-alarm-logging-ui ---
[INFO] No sources to compile
[INFO] 
[INFO] --- maven-surefire-plugin:3.0.0-M7:test (default-test) @ app-alarm-logging-ui ---
[INFO] Tests are skipped.
[INFO] 
[INFO] --- maven-jar-plugin:3.3.0:jar (default-jar) @ app-alarm-logging-ui ---
[INFO] Building jar: C:\myLocalRepo\phoebus-fnal\lib\phoebus\app\alarm\logging-ui\target\app-alarm-logging-ui-5.0.2.jar
[INFO] 
[INFO] --- maven-failsafe-plugin:2.22.0:integration-test (default) @ app-alarm-logging-ui ---
[INFO] Tests are skipped.
[INFO] 
[INFO] --- maven-failsafe-plugin:2.22.0:verify (default) @ app-alarm-logging-ui ---
[INFO] Tests are skipped.
[INFO] 
[INFO] --- maven-install-plugin:2.4:install (default-install) @ app-alarm-logging-ui ---
[INFO] Installing C:\myLocalRepo\phoebus-fnal\lib\phoebus\app\alarm\logging-ui\target\app-alarm-logging-ui-5.0.2.jar to C:\Users\zyuan\.m2\repository\org\phoebus\app-alarm-logging-ui\5.0.2\app-alarm-logging-ui-5.0.2.jar
[INFO] Installing C:\myLocalRepo\phoebus-fnal\lib\phoebus\app\alarm\logging-ui\pom.xml to C:\Users\zyuan\.m2\repository\org\phoebus\app-alarm-logging-ui\5.0.2\app-alarm-logging-ui-5.0.2.pom
[INFO] 
[INFO] ------------------< org.phoebus:app-alarm-datasouce >-------------------
[INFO] Building app-alarm-datasouce 5.0.2                              [68/112]
[INFO]   from lib\phoebus\app\alarm\datasource\pom.xml
[INFO] --------------------------------[ jar ]---------------------------------
[INFO] 
[INFO] --- maven-clean-plugin:2.5:clean (default-clean) @ app-alarm-datasouce ---
[INFO] Deleting C:\myLocalRepo\phoebus-fnal\lib\phoebus\app\alarm\datasource\target
[INFO] 
[INFO] --- git-commit-id-maven-plugin:9.0.1:revision (get-the-git-infos) @ app-alarm-datasouce ---
[INFO] 
[INFO] --- maven-resources-plugin:2.6:resources (default-resources) @ app-alarm-datasouce ---
[INFO] Using 'UTF-8' encoding to copy filtered resources.
[INFO] Copying 1 resource
[INFO] 
[INFO] --- maven-compiler-plugin:3.6.2:compile (default-compile) @ app-alarm-datasouce ---
[INFO] Changes detected - recompiling the module!
[INFO] Compiling 4 source files to C:\myLocalRepo\phoebus-fnal\lib\phoebus\app\alarm\datasource\target\classes
[INFO] 
[INFO] --- maven-resources-plugin:2.6:testResources (default-testResources) @ app-alarm-datasouce ---
[INFO] Using 'UTF-8' encoding to copy filtered resources.
[INFO] skip non existing resourceDirectory C:\myLocalRepo\phoebus-fnal\lib\phoebus\app\alarm\datasource\src\test\resources
[INFO] 
[INFO] --- maven-compiler-plugin:3.6.2:testCompile (default-testCompile) @ app-alarm-datasouce ---
[INFO] Changes detected - recompiling the module!
[INFO] Compiling 2 source files to C:\myLocalRepo\phoebus-fnal\lib\phoebus\app\alarm\datasource\target\test-classes
[INFO] 
[INFO] --- maven-surefire-plugin:3.0.0-M7:test (default-test) @ app-alarm-datasouce ---
[INFO] Tests are skipped.
[INFO] 
[INFO] --- maven-jar-plugin:3.3.0:jar (default-jar) @ app-alarm-datasouce ---
[INFO] Building jar: C:\myLocalRepo\phoebus-fnal\lib\phoebus\app\alarm\datasource\target\app-alarm-datasouce-5.0.2.jar
[INFO] 
[INFO] --- maven-failsafe-plugin:2.22.0:integration-test (default) @ app-alarm-datasouce ---
[INFO] Tests are skipped.
[INFO] 
[INFO] --- maven-failsafe-plugin:2.22.0:verify (default) @ app-alarm-datasouce ---
[INFO] Tests are skipped.
[INFO] 
[INFO] --- maven-install-plugin:2.4:install (default-install) @ app-alarm-datasouce ---
[INFO] Installing C:\myLocalRepo\phoebus-fnal\lib\phoebus\app\alarm\datasource\target\app-alarm-datasouce-5.0.2.jar to C:\Users\zyuan\.m2\repository\org\phoebus\app-alarm-datasouce\5.0.2\app-alarm-datasouce-5.0.2.jar
[INFO] Installing C:\myLocalRepo\phoebus-fnal\lib\phoebus\app\alarm\datasource\pom.xml to C:\Users\zyuan\.m2\repository\org\phoebus\app-alarm-datasouce\5.0.2\app-alarm-datasouce-5.0.2.pom
[INFO] 
[INFO] -------------< org.phoebus:app-alarm-freetts-annunciator >--------------
[INFO] Building app-alarm-freetts-annunciator 5.0.2                    [69/112]
[INFO]   from lib\phoebus\app\alarm\freetts-annunciator\pom.xml
[INFO] --------------------------------[ jar ]---------------------------------
[INFO] 
[INFO] --- maven-clean-plugin:2.5:clean (default-clean) @ app-alarm-freetts-annunciator ---
[INFO] Deleting C:\myLocalRepo\phoebus-fnal\lib\phoebus\app\alarm\freetts-annunciator\target
[INFO] 
[INFO] --- git-commit-id-maven-plugin:9.0.1:revision (get-the-git-infos) @ app-alarm-freetts-annunciator ---
[INFO] 
[INFO] --- maven-resources-plugin:2.6:resources (default-resources) @ app-alarm-freetts-annunciator ---
[INFO] Using 'UTF-8' encoding to copy filtered resources.
[INFO] Copying 1 resource
[INFO] 
[INFO] --- maven-compiler-plugin:3.6.2:compile (default-compile) @ app-alarm-freetts-annunciator ---
[INFO] Changes detected - recompiling the module!
[INFO] Compiling 1 source file to C:\myLocalRepo\phoebus-fnal\lib\phoebus\app\alarm\freetts-annunciator\target\classes
[INFO] 
[INFO] --- maven-resources-plugin:2.6:testResources (default-testResources) @ app-alarm-freetts-annunciator ---
[INFO] Using 'UTF-8' encoding to copy filtered resources.
[INFO] skip non existing resourceDirectory C:\myLocalRepo\phoebus-fnal\lib\phoebus\app\alarm\freetts-annunciator\src\test\resources
[INFO] 
[INFO] --- maven-compiler-plugin:3.6.2:testCompile (default-testCompile) @ app-alarm-freetts-annunciator ---
[INFO] Changes detected - recompiling the module!
[INFO] Compiling 1 source file to C:\myLocalRepo\phoebus-fnal\lib\phoebus\app\alarm\freetts-annunciator\target\test-classes
[INFO] 
[INFO] --- maven-surefire-plugin:3.0.0-M7:test (default-test) @ app-alarm-freetts-annunciator ---
[INFO] Tests are skipped.
[INFO] 
[INFO] --- maven-jar-plugin:3.3.0:jar (default-jar) @ app-alarm-freetts-annunciator ---
[INFO] Building jar: C:\myLocalRepo\phoebus-fnal\lib\phoebus\app\alarm\freetts-annunciator\target\app-alarm-freetts-annunciator-5.0.2.jar
[INFO] 
[INFO] --- maven-failsafe-plugin:2.22.0:integration-test (default) @ app-alarm-freetts-annunciator ---
[INFO] Tests are skipped.
[INFO] 
[INFO] --- maven-failsafe-plugin:2.22.0:verify (default) @ app-alarm-freetts-annunciator ---
[INFO] Tests are skipped.
[INFO] 
[INFO] --- maven-install-plugin:2.4:install (default-install) @ app-alarm-freetts-annunciator ---
[INFO] Installing C:\myLocalRepo\phoebus-fnal\lib\phoebus\app\alarm\freetts-annunciator\target\app-alarm-freetts-annunciator-5.0.2.jar to C:\Users\zyuan\.m2\repository\org\phoebus\app-alarm-freetts-annunciator\5.0.2\app-alarm-freetts-annunciator-5.0.2.jar
[INFO] Installing C:\myLocalRepo\phoebus-fnal\lib\phoebus\app\alarm\freetts-annunciator\pom.xml to C:\Users\zyuan\.m2\repository\org\phoebus\app-alarm-freetts-annunciator\5.0.2\app-alarm-freetts-annunciator-5.0.2.pom
[INFO] 
[INFO] --------------< org.phoebus:app-alarm-audio-annunciator >---------------
[INFO] Building app-alarm-audio-annunciator 5.0.2                      [70/112]
[INFO]   from lib\phoebus\app\alarm\audio-annunciator\pom.xml
[INFO] --------------------------------[ jar ]---------------------------------
[INFO] 
[INFO] --- maven-clean-plugin:2.5:clean (default-clean) @ app-alarm-audio-annunciator ---
[INFO] Deleting C:\myLocalRepo\phoebus-fnal\lib\phoebus\app\alarm\audio-annunciator\target
[INFO] 
[INFO] --- git-commit-id-maven-plugin:9.0.1:revision (get-the-git-infos) @ app-alarm-audio-annunciator ---
[INFO] 
[INFO] --- maven-resources-plugin:2.6:resources (default-resources) @ app-alarm-audio-annunciator ---
[INFO] Using 'UTF-8' encoding to copy filtered resources.
[INFO] Copying 3 resources
[INFO] 
[INFO] --- maven-compiler-plugin:3.6.2:compile (default-compile) @ app-alarm-audio-annunciator ---
[INFO] Changes detected - recompiling the module!
[INFO] Compiling 2 source files to C:\myLocalRepo\phoebus-fnal\lib\phoebus\app\alarm\audio-annunciator\target\classes
[INFO] 
[INFO] --- maven-resources-plugin:2.6:testResources (default-testResources) @ app-alarm-audio-annunciator ---
[INFO] Using 'UTF-8' encoding to copy filtered resources.
[INFO] skip non existing resourceDirectory C:\myLocalRepo\phoebus-fnal\lib\phoebus\app\alarm\audio-annunciator\src\test\resources
[INFO] 
[INFO] --- maven-compiler-plugin:3.6.2:testCompile (default-testCompile) @ app-alarm-audio-annunciator ---
[INFO] No sources to compile
[INFO] 
[INFO] --- maven-surefire-plugin:3.0.0-M7:test (default-test) @ app-alarm-audio-annunciator ---
[INFO] Tests are skipped.
[INFO] 
[INFO] --- maven-jar-plugin:3.3.0:jar (default-jar) @ app-alarm-audio-annunciator ---
[INFO] Building jar: C:\myLocalRepo\phoebus-fnal\lib\phoebus\app\alarm\audio-annunciator\target\app-alarm-audio-annunciator-5.0.2.jar
[INFO] 
[INFO] --- maven-failsafe-plugin:2.22.0:integration-test (default) @ app-alarm-audio-annunciator ---
[INFO] Tests are skipped.
[INFO] 
[INFO] --- maven-failsafe-plugin:2.22.0:verify (default) @ app-alarm-audio-annunciator ---
[INFO] Tests are skipped.
[INFO] 
[INFO] --- maven-install-plugin:2.4:install (default-install) @ app-alarm-audio-annunciator ---
[INFO] Installing C:\myLocalRepo\phoebus-fnal\lib\phoebus\app\alarm\audio-annunciator\target\app-alarm-audio-annunciator-5.0.2.jar to C:\Users\zyuan\.m2\repository\org\phoebus\app-alarm-audio-annunciator\5.0.2\app-alarm-audio-annunciator-5.0.2.jar
[INFO] Installing C:\myLocalRepo\phoebus-fnal\lib\phoebus\app\alarm\audio-annunciator\pom.xml to C:\Users\zyuan\.m2\repository\org\phoebus\app-alarm-audio-annunciator\5.0.2\app-alarm-audio-annunciator-5.0.2.pom
[INFO] 
[INFO] ------------------------< org.phoebus:app-scan >------------------------
[INFO] Building app-scan 5.0.2                                         [71/112]
[INFO]   from lib\phoebus\app\scan\pom.xml
[INFO] --------------------------------[ pom ]---------------------------------
[INFO] 
[INFO] --- maven-clean-plugin:2.5:clean (default-clean) @ app-scan ---
[INFO] 
[INFO] --- git-commit-id-maven-plugin:9.0.1:revision (get-the-git-infos) @ app-scan ---
[INFO] 
[INFO] --- maven-failsafe-plugin:2.22.0:integration-test (default) @ app-scan ---
[INFO] Tests are skipped.
[INFO] 
[INFO] --- maven-failsafe-plugin:2.22.0:verify (default) @ app-scan ---
[INFO] Tests are skipped.
[INFO] 
[INFO] --- maven-install-plugin:2.4:install (default-install) @ app-scan ---
[INFO] Installing C:\myLocalRepo\phoebus-fnal\lib\phoebus\app\scan\pom.xml to C:\Users\zyuan\.m2\repository\org\phoebus\app-scan\5.0.2\app-scan-5.0.2.pom
[INFO] 
[INFO] ---------------------< org.phoebus:app-scan-model >---------------------
[INFO] Building app-scan-model 5.0.2                                   [72/112]
[INFO]   from lib\phoebus\app\scan\model\pom.xml
[INFO] --------------------------------[ jar ]---------------------------------
[INFO] 
[INFO] --- maven-clean-plugin:2.5:clean (default-clean) @ app-scan-model ---
[INFO] Deleting C:\myLocalRepo\phoebus-fnal\lib\phoebus\app\scan\model\target
[INFO] 
[INFO] --- git-commit-id-maven-plugin:9.0.1:revision (get-the-git-infos) @ app-scan-model ---
[INFO] 
[INFO] --- maven-resources-plugin:2.6:resources (default-resources) @ app-scan-model ---
[INFO] Using 'UTF-8' encoding to copy filtered resources.
[INFO] Copying 15 resources
[INFO] 
[INFO] --- maven-compiler-plugin:3.6.2:compile (default-compile) @ app-scan-model ---
[INFO] Changes detected - recompiling the module!
[INFO] Compiling 61 source files to C:\myLocalRepo\phoebus-fnal\lib\phoebus\app\scan\model\target\classes
[INFO] 
[INFO] --- maven-resources-plugin:2.6:testResources (default-testResources) @ app-scan-model ---
[INFO] Using 'UTF-8' encoding to copy filtered resources.
[INFO] skip non existing resourceDirectory C:\myLocalRepo\phoebus-fnal\lib\phoebus\app\scan\model\src\test\resources
[INFO] 
[INFO] --- maven-compiler-plugin:3.6.2:testCompile (default-testCompile) @ app-scan-model ---
[INFO] Changes detected - recompiling the module!
[INFO] Compiling 7 source files to C:\myLocalRepo\phoebus-fnal\lib\phoebus\app\scan\model\target\test-classes
[INFO] 
[INFO] --- maven-surefire-plugin:3.0.0-M7:test (default-test) @ app-scan-model ---
[INFO] Tests are skipped.
[INFO] 
[INFO] --- maven-jar-plugin:3.3.0:jar (default-jar) @ app-scan-model ---
[INFO] Building jar: C:\myLocalRepo\phoebus-fnal\lib\phoebus\app\scan\model\target\app-scan-model-5.0.2.jar
[INFO] 
[INFO] --- maven-failsafe-plugin:2.22.0:integration-test (default) @ app-scan-model ---
[INFO] Tests are skipped.
[INFO] 
[INFO] --- maven-failsafe-plugin:2.22.0:verify (default) @ app-scan-model ---
[INFO] Tests are skipped.
[INFO] 
[INFO] --- maven-install-plugin:2.4:install (default-install) @ app-scan-model ---
[INFO] Installing C:\myLocalRepo\phoebus-fnal\lib\phoebus\app\scan\model\target\app-scan-model-5.0.2.jar to C:\Users\zyuan\.m2\repository\org\phoebus\app-scan-model\5.0.2\app-scan-model-5.0.2.jar
[INFO] Installing C:\myLocalRepo\phoebus-fnal\lib\phoebus\app\scan\model\pom.xml to C:\Users\zyuan\.m2\repository\org\phoebus\app-scan-model\5.0.2\app-scan-model-5.0.2.pom
[INFO] 
[INFO] --------------------< org.phoebus:app-scan-client >---------------------
[INFO] Building app-scan-client 5.0.2                                  [73/112]
[INFO]   from lib\phoebus\app\scan\client\pom.xml
[INFO] --------------------------------[ jar ]---------------------------------
[INFO] 
[INFO] --- maven-clean-plugin:2.5:clean (default-clean) @ app-scan-client ---
[INFO] Deleting C:\myLocalRepo\phoebus-fnal\lib\phoebus\app\scan\client\target
[INFO] 
[INFO] --- git-commit-id-maven-plugin:9.0.1:revision (get-the-git-infos) @ app-scan-client ---
[INFO] 
[INFO] --- maven-resources-plugin:2.6:resources (default-resources) @ app-scan-client ---
[INFO] Using 'UTF-8' encoding to copy filtered resources.
[INFO] Copying 1 resource
[INFO] 
[INFO] --- maven-compiler-plugin:3.6.2:compile (default-compile) @ app-scan-client ---
[INFO] Changes detected - recompiling the module!
[INFO] Compiling 6 source files to C:\myLocalRepo\phoebus-fnal\lib\phoebus\app\scan\client\target\classes
[INFO] 
[INFO] --- maven-resources-plugin:2.6:testResources (default-testResources) @ app-scan-client ---
[INFO] Using 'UTF-8' encoding to copy filtered resources.
[INFO] skip non existing resourceDirectory C:\myLocalRepo\phoebus-fnal\lib\phoebus\app\scan\client\src\test\resources
[INFO] 
[INFO] --- maven-compiler-plugin:3.6.2:testCompile (default-testCompile) @ app-scan-client ---
[INFO] Changes detected - recompiling the module!
[INFO] Compiling 2 source files to C:\myLocalRepo\phoebus-fnal\lib\phoebus\app\scan\client\target\test-classes
[INFO] 
[INFO] --- maven-surefire-plugin:3.0.0-M7:test (default-test) @ app-scan-client ---
[INFO] Tests are skipped.
[INFO] 
[INFO] --- maven-jar-plugin:3.3.0:jar (default-jar) @ app-scan-client ---
[INFO] Building jar: C:\myLocalRepo\phoebus-fnal\lib\phoebus\app\scan\client\target\app-scan-client-5.0.2.jar
[INFO] 
[INFO] --- maven-failsafe-plugin:2.22.0:integration-test (default) @ app-scan-client ---
[INFO] Tests are skipped.
[INFO] 
[INFO] --- maven-failsafe-plugin:2.22.0:verify (default) @ app-scan-client ---
[INFO] Tests are skipped.
[INFO] 
[INFO] --- maven-install-plugin:2.4:install (default-install) @ app-scan-client ---
[INFO] Installing C:\myLocalRepo\phoebus-fnal\lib\phoebus\app\scan\client\target\app-scan-client-5.0.2.jar to C:\Users\zyuan\.m2\repository\org\phoebus\app-scan-client\5.0.2\app-scan-client-5.0.2.jar
[INFO] Installing C:\myLocalRepo\phoebus-fnal\lib\phoebus\app\scan\client\pom.xml to C:\Users\zyuan\.m2\repository\org\phoebus\app-scan-client\5.0.2\app-scan-client-5.0.2.pom
[INFO] 
[INFO] ----------------------< org.phoebus:app-scan-ui >-----------------------
[INFO] Building app-scan-ui 5.0.2                                      [74/112]
[INFO]   from lib\phoebus\app\scan\ui\pom.xml
[INFO] --------------------------------[ jar ]---------------------------------
[INFO] 
[INFO] --- maven-clean-plugin:2.5:clean (default-clean) @ app-scan-ui ---
[INFO] Deleting C:\myLocalRepo\phoebus-fnal\lib\phoebus\app\scan\ui\target
[INFO] 
[INFO] --- git-commit-id-maven-plugin:9.0.1:revision (get-the-git-infos) @ app-scan-ui ---
[INFO] 
[INFO] --- maven-resources-plugin:2.6:resources (default-resources) @ app-scan-ui ---
[INFO] Using 'UTF-8' encoding to copy filtered resources.
[INFO] Copying 21 resources
[INFO] 
[INFO] --- maven-compiler-plugin:3.6.2:compile (default-compile) @ app-scan-ui ---
[INFO] Changes detected - recompiling the module!
[INFO] Compiling 46 source files to C:\myLocalRepo\phoebus-fnal\lib\phoebus\app\scan\ui\target\classes
[INFO] 
[INFO] --- maven-resources-plugin:2.6:testResources (default-testResources) @ app-scan-ui ---
[INFO] Using 'UTF-8' encoding to copy filtered resources.
[INFO] skip non existing resourceDirectory C:\myLocalRepo\phoebus-fnal\lib\phoebus\app\scan\ui\src\test\resources
[INFO] 
[INFO] --- maven-compiler-plugin:3.6.2:testCompile (default-testCompile) @ app-scan-ui ---
[INFO] Changes detected - recompiling the module!
[INFO] Compiling 5 source files to C:\myLocalRepo\phoebus-fnal\lib\phoebus\app\scan\ui\target\test-classes
[INFO] 
[INFO] --- maven-surefire-plugin:3.0.0-M7:test (default-test) @ app-scan-ui ---
[INFO] Tests are skipped.
[INFO] 
[INFO] --- maven-jar-plugin:3.3.0:jar (default-jar) @ app-scan-ui ---
[INFO] Building jar: C:\myLocalRepo\phoebus-fnal\lib\phoebus\app\scan\ui\target\app-scan-ui-5.0.2.jar
[INFO] 
[INFO] --- maven-failsafe-plugin:2.22.0:integration-test (default) @ app-scan-ui ---
[INFO] Tests are skipped.
[INFO] 
[INFO] --- maven-failsafe-plugin:2.22.0:verify (default) @ app-scan-ui ---
[INFO] Tests are skipped.
[INFO] 
[INFO] --- maven-install-plugin:2.4:install (default-install) @ app-scan-ui ---
[INFO] Installing C:\myLocalRepo\phoebus-fnal\lib\phoebus\app\scan\ui\target\app-scan-ui-5.0.2.jar to C:\Users\zyuan\.m2\repository\org\phoebus\app-scan-ui\5.0.2\app-scan-ui-5.0.2.jar
[INFO] Installing C:\myLocalRepo\phoebus-fnal\lib\phoebus\app\scan\ui\pom.xml to C:\Users\zyuan\.m2\repository\org\phoebus\app-scan-ui\5.0.2\app-scan-ui-5.0.2.pom
[INFO] 
[INFO] ----------------------< org.phoebus:app-channel >-----------------------
[INFO] Building app-channel 5.0.2                                      [75/112]
[INFO]   from lib\phoebus\app\channel\pom.xml
[INFO] --------------------------------[ pom ]---------------------------------
[INFO] 
[INFO] --- maven-clean-plugin:2.5:clean (default-clean) @ app-channel ---
[INFO] 
[INFO] --- git-commit-id-maven-plugin:9.0.1:revision (get-the-git-infos) @ app-channel ---
[INFO] 
[INFO] --- maven-failsafe-plugin:2.22.0:integration-test (default) @ app-channel ---
[INFO] Tests are skipped.
[INFO] 
[INFO] --- maven-failsafe-plugin:2.22.0:verify (default) @ app-channel ---
[INFO] Tests are skipped.
[INFO] 
[INFO] --- maven-install-plugin:2.4:install (default-install) @ app-channel ---
[INFO] Installing C:\myLocalRepo\phoebus-fnal\lib\phoebus\app\channel\pom.xml to C:\Users\zyuan\.m2\repository\org\phoebus\app-channel\5.0.2\app-channel-5.0.2.pom
[INFO] 
[INFO] ---------------< org.phoebus:app-channel-channelfinder >----------------
[INFO] Building app-channel-channelfinder 5.0.2                        [76/112]
[INFO]   from lib\phoebus\app\channel\channelfinder\pom.xml
[INFO] --------------------------------[ jar ]---------------------------------
[INFO] 
[INFO] --- maven-clean-plugin:2.5:clean (default-clean) @ app-channel-channelfinder ---
[INFO] Deleting C:\myLocalRepo\phoebus-fnal\lib\phoebus\app\channel\channelfinder\target
[INFO] 
[INFO] --- git-commit-id-maven-plugin:9.0.1:revision (get-the-git-infos) @ app-channel-channelfinder ---
[INFO] 
[INFO] --- maven-resources-plugin:2.6:resources (default-resources) @ app-channel-channelfinder ---
[INFO] Using 'UTF-8' encoding to copy filtered resources.
[INFO] Copying 1 resource
[INFO] 
[INFO] --- maven-compiler-plugin:3.6.2:compile (default-compile) @ app-channel-channelfinder ---
[INFO] Changes detected - recompiling the module!
[INFO] Compiling 16 source files to C:\myLocalRepo\phoebus-fnal\lib\phoebus\app\channel\channelfinder\target\classes
[INFO] 
[INFO] --- maven-resources-plugin:2.6:testResources (default-testResources) @ app-channel-channelfinder ---
[INFO] Using 'UTF-8' encoding to copy filtered resources.
[INFO] skip non existing resourceDirectory C:\myLocalRepo\phoebus-fnal\lib\phoebus\app\channel\channelfinder\src\test\resources
[INFO] 
[INFO] --- maven-compiler-plugin:3.6.2:testCompile (default-testCompile) @ app-channel-channelfinder ---
[INFO] No sources to compile
[INFO] 
[INFO] --- maven-surefire-plugin:3.0.0-M7:test (default-test) @ app-channel-channelfinder ---
[INFO] Tests are skipped.
[INFO] 
[INFO] --- maven-jar-plugin:3.3.0:jar (default-jar) @ app-channel-channelfinder ---
[INFO] Building jar: C:\myLocalRepo\phoebus-fnal\lib\phoebus\app\channel\channelfinder\target\app-channel-channelfinder-5.0.2.jar
[INFO] 
[INFO] --- maven-failsafe-plugin:2.22.0:integration-test (default) @ app-channel-channelfinder ---
[INFO] Tests are skipped.
[INFO] 
[INFO] --- maven-failsafe-plugin:2.22.0:verify (default) @ app-channel-channelfinder ---
[INFO] Tests are skipped.
[INFO] 
[INFO] --- maven-install-plugin:2.4:install (default-install) @ app-channel-channelfinder ---
[INFO] Installing C:\myLocalRepo\phoebus-fnal\lib\phoebus\app\channel\channelfinder\target\app-channel-channelfinder-5.0.2.jar to C:\Users\zyuan\.m2\repository\org\phoebus\app-channel-channelfinder\5.0.2\app-channel-channelfinder-5.0.2.jar
[INFO] Installing C:\myLocalRepo\phoebus-fnal\lib\phoebus\app\channel\channelfinder\pom.xml to C:\Users\zyuan\.m2\repository\org\phoebus\app-channel-channelfinder\5.0.2\app-channel-channelfinder-5.0.2.pom
[INFO] 
[INFO] ------------------< org.phoebus:app-channel-utility >-------------------
[INFO] Building app-channel-utility 5.0.2                              [77/112]
[INFO]   from lib\phoebus\app\channel\utility\pom.xml
[INFO] --------------------------------[ jar ]---------------------------------
[INFO] 
[INFO] --- maven-clean-plugin:2.5:clean (default-clean) @ app-channel-utility ---
[INFO] Deleting C:\myLocalRepo\phoebus-fnal\lib\phoebus\app\channel\utility\target
[INFO] 
[INFO] --- git-commit-id-maven-plugin:9.0.1:revision (get-the-git-infos) @ app-channel-utility ---
[INFO] 
[INFO] --- maven-resources-plugin:2.6:resources (default-resources) @ app-channel-utility ---
[INFO] Using 'UTF-8' encoding to copy filtered resources.
[INFO] Copying 2 resources
[INFO] 
[INFO] --- maven-compiler-plugin:3.6.2:compile (default-compile) @ app-channel-utility ---
[INFO] Changes detected - recompiling the module!
[INFO] Compiling 9 source files to C:\myLocalRepo\phoebus-fnal\lib\phoebus\app\channel\utility\target\classes
[INFO] 
[INFO] --- maven-resources-plugin:2.6:testResources (default-testResources) @ app-channel-utility ---
[INFO] Using 'UTF-8' encoding to copy filtered resources.
[INFO] skip non existing resourceDirectory C:\myLocalRepo\phoebus-fnal\lib\phoebus\app\channel\utility\src\test\resources
[INFO] 
[INFO] --- maven-compiler-plugin:3.6.2:testCompile (default-testCompile) @ app-channel-utility ---
[INFO] No sources to compile
[INFO] 
[INFO] --- maven-surefire-plugin:3.0.0-M7:test (default-test) @ app-channel-utility ---
[INFO] Tests are skipped.
[INFO] 
[INFO] --- maven-jar-plugin:3.3.0:jar (default-jar) @ app-channel-utility ---
[INFO] Building jar: C:\myLocalRepo\phoebus-fnal\lib\phoebus\app\channel\utility\target\app-channel-utility-5.0.2.jar
[INFO] 
[INFO] --- maven-failsafe-plugin:2.22.0:integration-test (default) @ app-channel-utility ---
[INFO] Tests are skipped.
[INFO] 
[INFO] --- maven-failsafe-plugin:2.22.0:verify (default) @ app-channel-utility ---
[INFO] Tests are skipped.
[INFO] 
[INFO] --- maven-install-plugin:2.4:install (default-install) @ app-channel-utility ---
[INFO] Installing C:\myLocalRepo\phoebus-fnal\lib\phoebus\app\channel\utility\target\app-channel-utility-5.0.2.jar to C:\Users\zyuan\.m2\repository\org\phoebus\app-channel-utility\5.0.2\app-channel-utility-5.0.2.jar
[INFO] Installing C:\myLocalRepo\phoebus-fnal\lib\phoebus\app\channel\utility\pom.xml to C:\Users\zyuan\.m2\repository\org\phoebus\app-channel-utility\5.0.2\app-channel-utility-5.0.2.pom
[INFO] 
[INFO] -------------------< org.phoebus:app-channel-views >--------------------
[INFO] Building app-channel-views 5.0.2                                [78/112]
[INFO]   from lib\phoebus\app\channel\views\pom.xml
[INFO] --------------------------------[ jar ]---------------------------------
[INFO] 
[INFO] --- maven-clean-plugin:2.5:clean (default-clean) @ app-channel-views ---
[INFO] Deleting C:\myLocalRepo\phoebus-fnal\lib\phoebus\app\channel\views\target
[INFO] 
[INFO] --- git-commit-id-maven-plugin:9.0.1:revision (get-the-git-infos) @ app-channel-views ---
[INFO] 
[INFO] --- maven-resources-plugin:2.6:resources (default-resources) @ app-channel-views ---
[INFO] Using 'UTF-8' encoding to copy filtered resources.
[INFO] Copying 23 resources
[INFO] 
[INFO] --- maven-compiler-plugin:3.6.2:compile (default-compile) @ app-channel-views ---
[INFO] Changes detected - recompiling the module!
[INFO] Compiling 20 source files to C:\myLocalRepo\phoebus-fnal\lib\phoebus\app\channel\views\target\classes
[INFO] 
[INFO] --- maven-resources-plugin:2.6:testResources (default-testResources) @ app-channel-views ---
[INFO] Using 'UTF-8' encoding to copy filtered resources.
[INFO] Copying 1 resource
[INFO] 
[INFO] --- maven-compiler-plugin:3.6.2:testCompile (default-testCompile) @ app-channel-views ---
[INFO] Changes detected - recompiling the module!
[INFO] Compiling 4 source files to C:\myLocalRepo\phoebus-fnal\lib\phoebus\app\channel\views\target\test-classes
[INFO] 
[INFO] --- maven-surefire-plugin:3.0.0-M7:test (default-test) @ app-channel-views ---
[INFO] Tests are skipped.
[INFO] 
[INFO] --- maven-jar-plugin:3.3.0:jar (default-jar) @ app-channel-views ---
[INFO] Building jar: C:\myLocalRepo\phoebus-fnal\lib\phoebus\app\channel\views\target\app-channel-views-5.0.2.jar
[INFO] 
[INFO] --- maven-failsafe-plugin:2.22.0:integration-test (default) @ app-channel-views ---
[INFO] Tests are skipped.
[INFO] 
[INFO] --- maven-failsafe-plugin:2.22.0:verify (default) @ app-channel-views ---
[INFO] Tests are skipped.
[INFO] 
[INFO] --- maven-install-plugin:2.4:install (default-install) @ app-channel-views ---
[INFO] Installing C:\myLocalRepo\phoebus-fnal\lib\phoebus\app\channel\views\target\app-channel-views-5.0.2.jar to C:\Users\zyuan\.m2\repository\org\phoebus\app-channel-views\5.0.2\app-channel-views-5.0.2.jar
[INFO] Installing C:\myLocalRepo\phoebus-fnal\lib\phoebus\app\channel\views\pom.xml to C:\Users\zyuan\.m2\repository\org\phoebus\app-channel-views\5.0.2\app-channel-views-5.0.2.pom
[INFO] 
[INFO] ----------------------< org.phoebus:app-perfmon >-----------------------
[INFO] Building app-perfmon 5.0.2                                      [79/112]
[INFO]   from lib\phoebus\app\perfmon\pom.xml
[INFO] --------------------------------[ jar ]---------------------------------
[INFO] 
[INFO] --- maven-clean-plugin:2.5:clean (default-clean) @ app-perfmon ---
[INFO] Deleting C:\myLocalRepo\phoebus-fnal\lib\phoebus\app\perfmon\target
[INFO] 
[INFO] --- git-commit-id-maven-plugin:9.0.1:revision (get-the-git-infos) @ app-perfmon ---
[INFO] 
[INFO] --- maven-resources-plugin:2.6:resources (default-resources) @ app-perfmon ---
[INFO] Using 'UTF-8' encoding to copy filtered resources.
[INFO] Copying 1 resource
[INFO] 
[INFO] --- maven-compiler-plugin:3.6.2:compile (default-compile) @ app-perfmon ---
[INFO] Changes detected - recompiling the module!
[INFO] Compiling 3 source files to C:\myLocalRepo\phoebus-fnal\lib\phoebus\app\perfmon\target\classes
[INFO] 
[INFO] --- maven-resources-plugin:2.6:testResources (default-testResources) @ app-perfmon ---
[INFO] Using 'UTF-8' encoding to copy filtered resources.
[INFO] skip non existing resourceDirectory C:\myLocalRepo\phoebus-fnal\lib\phoebus\app\perfmon\src\test\resources
[INFO] 
[INFO] --- maven-compiler-plugin:3.6.2:testCompile (default-testCompile) @ app-perfmon ---
[INFO] No sources to compile
[INFO] 
[INFO] --- maven-surefire-plugin:3.0.0-M7:test (default-test) @ app-perfmon ---
[INFO] Tests are skipped.
[INFO] 
[INFO] --- maven-jar-plugin:3.3.0:jar (default-jar) @ app-perfmon ---
[INFO] Building jar: C:\myLocalRepo\phoebus-fnal\lib\phoebus\app\perfmon\target\app-perfmon-5.0.2.jar
[INFO] 
[INFO] --- maven-failsafe-plugin:2.22.0:integration-test (default) @ app-perfmon ---
[INFO] Tests are skipped.
[INFO] 
[INFO] --- maven-failsafe-plugin:2.22.0:verify (default) @ app-perfmon ---
[INFO] Tests are skipped.
[INFO] 
[INFO] --- maven-install-plugin:2.4:install (default-install) @ app-perfmon ---
[INFO] Installing C:\myLocalRepo\phoebus-fnal\lib\phoebus\app\perfmon\target\app-perfmon-5.0.2.jar to C:\Users\zyuan\.m2\repository\org\phoebus\app-perfmon\5.0.2\app-perfmon-5.0.2.jar
[INFO] Installing C:\myLocalRepo\phoebus-fnal\lib\phoebus\app\perfmon\pom.xml to C:\Users\zyuan\.m2\repository\org\phoebus\app-perfmon\5.0.2\app-perfmon-5.0.2.pom
[INFO] 
[INFO] ------------------------< org.phoebus:app-pace >------------------------
[INFO] Building app-pace 5.0.2                                         [80/112]
[INFO]   from lib\phoebus\app\pace\pom.xml
[INFO] --------------------------------[ jar ]---------------------------------
[INFO] 
[INFO] --- maven-clean-plugin:2.5:clean (default-clean) @ app-pace ---
[INFO] Deleting C:\myLocalRepo\phoebus-fnal\lib\phoebus\app\pace\target
[INFO] 
[INFO] --- git-commit-id-maven-plugin:9.0.1:revision (get-the-git-infos) @ app-pace ---
[INFO] 
[INFO] --- maven-resources-plugin:2.6:resources (default-resources) @ app-pace ---
[INFO] Using 'UTF-8' encoding to copy filtered resources.
[INFO] Copying 10 resources
[INFO] 
[INFO] --- maven-compiler-plugin:3.6.2:compile (default-compile) @ app-pace ---
[INFO] Changes detected - recompiling the module!
[INFO] Compiling 11 source files to C:\myLocalRepo\phoebus-fnal\lib\phoebus\app\pace\target\classes
[INFO] 
[INFO] --- maven-resources-plugin:2.6:testResources (default-testResources) @ app-pace ---
[INFO] Using 'UTF-8' encoding to copy filtered resources.
[INFO] skip non existing resourceDirectory C:\myLocalRepo\phoebus-fnal\lib\phoebus\app\pace\src\test\resources
[INFO] 
[INFO] --- maven-compiler-plugin:3.6.2:testCompile (default-testCompile) @ app-pace ---
[INFO] Changes detected - recompiling the module!
[INFO] Compiling 2 source files to C:\myLocalRepo\phoebus-fnal\lib\phoebus\app\pace\target\test-classes
[INFO] 
[INFO] --- maven-surefire-plugin:3.0.0-M7:test (default-test) @ app-pace ---
[INFO] Tests are skipped.
[INFO] 
[INFO] --- maven-jar-plugin:3.3.0:jar (default-jar) @ app-pace ---
[INFO] Building jar: C:\myLocalRepo\phoebus-fnal\lib\phoebus\app\pace\target\app-pace-5.0.2.jar
[INFO] 
[INFO] --- maven-failsafe-plugin:2.22.0:integration-test (default) @ app-pace ---
[INFO] Tests are skipped.
[INFO] 
[INFO] --- maven-failsafe-plugin:2.22.0:verify (default) @ app-pace ---
[INFO] Tests are skipped.
[INFO] 
[INFO] --- maven-install-plugin:2.4:install (default-install) @ app-pace ---
[INFO] Installing C:\myLocalRepo\phoebus-fnal\lib\phoebus\app\pace\target\app-pace-5.0.2.jar to C:\Users\zyuan\.m2\repository\org\phoebus\app-pace\5.0.2\app-pace-5.0.2.jar
[INFO] Installing C:\myLocalRepo\phoebus-fnal\lib\phoebus\app\pace\pom.xml to C:\Users\zyuan\.m2\repository\org\phoebus\app-pace\5.0.2\app-pace-5.0.2.pom
[INFO] 
[INFO] ------------------< org.phoebus:app-save-and-restore >------------------
[INFO] Building app-save-and-restore 5.0.2                             [81/112]
[INFO]   from lib\phoebus\app\save-and-restore\pom.xml
[INFO] --------------------------------[ pom ]---------------------------------
[INFO] 
[INFO] --- maven-clean-plugin:2.5:clean (default-clean) @ app-save-and-restore ---
[INFO] 
[INFO] --- git-commit-id-maven-plugin:9.0.1:revision (get-the-git-infos) @ app-save-and-restore ---
[INFO] 
[INFO] --- maven-failsafe-plugin:2.22.0:integration-test (default) @ app-save-and-restore ---
[INFO] Tests are skipped.
[INFO] 
[INFO] --- maven-failsafe-plugin:2.22.0:verify (default) @ app-save-and-restore ---
[INFO] Tests are skipped.
[INFO] 
[INFO] --- maven-install-plugin:2.4:install (default-install) @ app-save-and-restore ---
[INFO] Installing C:\myLocalRepo\phoebus-fnal\lib\phoebus\app\save-and-restore\pom.xml to C:\Users\zyuan\.m2\repository\org\phoebus\app-save-and-restore\5.0.2\app-save-and-restore-5.0.2.pom
[INFO] 
[INFO] -----------------< org.phoebus:save-and-restore-model >-----------------
[INFO] Building save-and-restore-model 5.0.2                           [82/112]
[INFO]   from lib\phoebus\app\save-and-restore\model\pom.xml
[INFO] --------------------------------[ jar ]---------------------------------
[INFO] 
[INFO] --- maven-clean-plugin:2.5:clean (default-clean) @ save-and-restore-model ---
[INFO] Deleting C:\myLocalRepo\phoebus-fnal\lib\phoebus\app\save-and-restore\model\target
[INFO] 
[INFO] --- git-commit-id-maven-plugin:9.0.1:revision (get-the-git-infos) @ save-and-restore-model ---
[INFO] 
[INFO] --- maven-resources-plugin:2.6:resources (default-resources) @ save-and-restore-model ---
[INFO] Using 'UTF-8' encoding to copy filtered resources.
[INFO] skip non existing resourceDirectory C:\myLocalRepo\phoebus-fnal\lib\phoebus\app\save-and-restore\model\src\main\resources
[INFO] 
[INFO] --- maven-compiler-plugin:3.6.2:compile (default-compile) @ save-and-restore-model ---
[INFO] Changes detected - recompiling the module!
[INFO] Compiling 25 source files to C:\myLocalRepo\phoebus-fnal\lib\phoebus\app\save-and-restore\model\target\classes
[INFO] 
[INFO] --- maven-resources-plugin:2.6:testResources (default-testResources) @ save-and-restore-model ---
[INFO] Using 'UTF-8' encoding to copy filtered resources.
[INFO] skip non existing resourceDirectory C:\myLocalRepo\phoebus-fnal\lib\phoebus\app\save-and-restore\model\src\test\resources
[INFO] 
[INFO] --- maven-compiler-plugin:3.6.2:testCompile (default-testCompile) @ save-and-restore-model ---
[INFO] Changes detected - recompiling the module!
[INFO] Compiling 6 source files to C:\myLocalRepo\phoebus-fnal\lib\phoebus\app\save-and-restore\model\target\test-classes
[INFO] 
[INFO] --- maven-surefire-plugin:3.0.0-M7:test (default-test) @ save-and-restore-model ---
[INFO] Tests are skipped.
[INFO] 
[INFO] --- maven-jar-plugin:3.3.0:jar (default-jar) @ save-and-restore-model ---
[INFO] Building jar: C:\myLocalRepo\phoebus-fnal\lib\phoebus\app\save-and-restore\model\target\save-and-restore-model-5.0.2.jar
[INFO] 
[INFO] --- maven-failsafe-plugin:2.22.0:integration-test (default) @ save-and-restore-model ---
[INFO] Tests are skipped.
[INFO] 
[INFO] --- maven-failsafe-plugin:2.22.0:verify (default) @ save-and-restore-model ---
[INFO] Tests are skipped.
[INFO] 
[INFO] --- maven-install-plugin:2.4:install (default-install) @ save-and-restore-model ---
[INFO] Installing C:\myLocalRepo\phoebus-fnal\lib\phoebus\app\save-and-restore\model\target\save-and-restore-model-5.0.2.jar to C:\Users\zyuan\.m2\repository\org\phoebus\save-and-restore-model\5.0.2\save-and-restore-model-5.0.2.jar
[INFO] Installing C:\myLocalRepo\phoebus-fnal\lib\phoebus\app\save-and-restore\model\pom.xml to C:\Users\zyuan\.m2\repository\org\phoebus\save-and-restore-model\5.0.2\save-and-restore-model-5.0.2.pom
[INFO] 
[INFO] -----------------< org.phoebus:save-and-restore-util >------------------
[INFO] Building save-and-restore-util 5.0.2                            [83/112]
[INFO]   from lib\phoebus\app\save-and-restore\util\pom.xml
[INFO] --------------------------------[ jar ]---------------------------------
[INFO] 
[INFO] --- maven-clean-plugin:2.5:clean (default-clean) @ save-and-restore-util ---
[INFO] Deleting C:\myLocalRepo\phoebus-fnal\lib\phoebus\app\save-and-restore\util\target
[INFO] 
[INFO] --- git-commit-id-maven-plugin:9.0.1:revision (get-the-git-infos) @ save-and-restore-util ---
[INFO] 
[INFO] --- maven-resources-plugin:2.6:resources (default-resources) @ save-and-restore-util ---
[INFO] Using 'UTF-8' encoding to copy filtered resources.
[INFO] Copying 1 resource
[INFO] 
[INFO] --- maven-compiler-plugin:3.6.2:compile (default-compile) @ save-and-restore-util ---
[INFO] Changes detected - recompiling the module!
[INFO] Compiling 5 source files to C:\myLocalRepo\phoebus-fnal\lib\phoebus\app\save-and-restore\util\target\classes
[INFO] 
[INFO] --- maven-resources-plugin:2.6:testResources (default-testResources) @ save-and-restore-util ---
[INFO] Using 'UTF-8' encoding to copy filtered resources.
[INFO] skip non existing resourceDirectory C:\myLocalRepo\phoebus-fnal\lib\phoebus\app\save-and-restore\util\src\test\resources
[INFO] 
[INFO] --- maven-compiler-plugin:3.6.2:testCompile (default-testCompile) @ save-and-restore-util ---
[INFO] Changes detected - recompiling the module!
[INFO] Compiling 2 source files to C:\myLocalRepo\phoebus-fnal\lib\phoebus\app\save-and-restore\util\target\test-classes
[INFO] 
[INFO] --- maven-surefire-plugin:3.0.0-M7:test (default-test) @ save-and-restore-util ---
[INFO] Tests are skipped.
[INFO] 
[INFO] --- maven-jar-plugin:3.3.0:jar (default-jar) @ save-and-restore-util ---
[INFO] Building jar: C:\myLocalRepo\phoebus-fnal\lib\phoebus\app\save-and-restore\util\target\save-and-restore-util-5.0.2.jar
[INFO] 
[INFO] --- maven-failsafe-plugin:2.22.0:integration-test (default) @ save-and-restore-util ---
[INFO] Tests are skipped.
[INFO] 
[INFO] --- maven-failsafe-plugin:2.22.0:verify (default) @ save-and-restore-util ---
[INFO] Tests are skipped.
[INFO] 
[INFO] --- maven-install-plugin:2.4:install (default-install) @ save-and-restore-util ---
[INFO] Installing C:\myLocalRepo\phoebus-fnal\lib\phoebus\app\save-and-restore\util\target\save-and-restore-util-5.0.2.jar to C:\Users\zyuan\.m2\repository\org\phoebus\save-and-restore-util\5.0.2\save-and-restore-util-5.0.2.jar
[INFO] Installing C:\myLocalRepo\phoebus-fnal\lib\phoebus\app\save-and-restore\util\pom.xml to C:\Users\zyuan\.m2\repository\org\phoebus\save-and-restore-util\5.0.2\save-and-restore-util-5.0.2.pom
[INFO] 
[INFO] -------------< org.phoebus:app-trends-archive-datasource >--------------
[INFO] Building app-trends-archive-datasource 5.0.2                    [84/112]
[INFO]   from lib\phoebus\app\trends\archive-datasource\pom.xml
[INFO] --------------------------------[ jar ]---------------------------------
[INFO] 
[INFO] --- maven-clean-plugin:2.5:clean (default-clean) @ app-trends-archive-datasource ---
[INFO] Deleting C:\myLocalRepo\phoebus-fnal\lib\phoebus\app\trends\archive-datasource\target
[INFO] 
[INFO] --- git-commit-id-maven-plugin:9.0.1:revision (get-the-git-infos) @ app-trends-archive-datasource ---
[INFO] 
[INFO] --- maven-resources-plugin:2.6:resources (default-resources) @ app-trends-archive-datasource ---
[INFO] Using 'UTF-8' encoding to copy filtered resources.
[INFO] Copying 2 resources
[INFO] 
[INFO] --- maven-compiler-plugin:3.6.2:compile (default-compile) @ app-trends-archive-datasource ---
[INFO] Changes detected - recompiling the module!
[INFO] Compiling 7 source files to C:\myLocalRepo\phoebus-fnal\lib\phoebus\app\trends\archive-datasource\target\classes
[INFO] 
[INFO] --- maven-resources-plugin:2.6:testResources (default-testResources) @ app-trends-archive-datasource ---
[INFO] Using 'UTF-8' encoding to copy filtered resources.
[INFO] skip non existing resourceDirectory C:\myLocalRepo\phoebus-fnal\lib\phoebus\app\trends\archive-datasource\src\test\resources
[INFO] 
[INFO] --- maven-compiler-plugin:3.6.2:testCompile (default-testCompile) @ app-trends-archive-datasource ---
[INFO] No sources to compile
[INFO] 
[INFO] --- maven-surefire-plugin:3.0.0-M7:test (default-test) @ app-trends-archive-datasource ---
[INFO] Tests are skipped.
[INFO] 
[INFO] --- maven-jar-plugin:3.3.0:jar (default-jar) @ app-trends-archive-datasource ---
[INFO] Building jar: C:\myLocalRepo\phoebus-fnal\lib\phoebus\app\trends\archive-datasource\target\app-trends-archive-datasource-5.0.2.jar
[INFO] 
[INFO] --- maven-failsafe-plugin:2.22.0:integration-test (default) @ app-trends-archive-datasource ---
[INFO] Tests are skipped.
[INFO] 
[INFO] --- maven-failsafe-plugin:2.22.0:verify (default) @ app-trends-archive-datasource ---
[INFO] Tests are skipped.
[INFO] 
[INFO] --- maven-install-plugin:2.4:install (default-install) @ app-trends-archive-datasource ---
[INFO] Installing C:\myLocalRepo\phoebus-fnal\lib\phoebus\app\trends\archive-datasource\target\app-trends-archive-datasource-5.0.2.jar to C:\Users\zyuan\.m2\repository\org\phoebus\app-trends-archive-datasource\5.0.2\app-trends-archive-datasource-5.0.2.jar
[INFO] Installing C:\myLocalRepo\phoebus-fnal\lib\phoebus\app\trends\archive-datasource\pom.xml to C:\Users\zyuan\.m2\repository\org\phoebus\app-trends-archive-datasource\5.0.2\app-trends-archive-datasource-5.0.2.pom
[INFO] 
[INFO] --------------------< org.phoebus:save-and-restore >--------------------
[INFO] Building save-and-restore 5.0.2                                 [85/112]
[INFO]   from lib\phoebus\app\save-and-restore\app\pom.xml
[INFO] --------------------------------[ jar ]---------------------------------
[INFO] 
[INFO] --- maven-clean-plugin:2.5:clean (default-clean) @ save-and-restore ---
[INFO] Deleting C:\myLocalRepo\phoebus-fnal\lib\phoebus\app\save-and-restore\app\target
[INFO] 
[INFO] --- git-commit-id-maven-plugin:9.0.1:revision (get-the-git-infos) @ save-and-restore ---
[INFO] 
[INFO] --- maven-resources-plugin:2.6:resources (default-resources) @ save-and-restore ---
[INFO] Using 'UTF-8' encoding to copy filtered resources.
[INFO] Copying 71 resources
[INFO] Copying 0 resource
[INFO] 
[INFO] --- maven-compiler-plugin:3.6.2:compile (default-compile) @ save-and-restore ---
[INFO] Changes detected - recompiling the module!
[INFO] Compiling 99 source files to C:\myLocalRepo\phoebus-fnal\lib\phoebus\app\save-and-restore\app\target\classes
[INFO] 
[INFO] --- maven-resources-plugin:2.6:testResources (default-testResources) @ save-and-restore ---
[INFO] Using 'UTF-8' encoding to copy filtered resources.
[INFO] skip non existing resourceDirectory C:\myLocalRepo\phoebus-fnal\lib\phoebus\app\save-and-restore\app\src\test\resources
[INFO] 
[INFO] --- maven-compiler-plugin:3.6.2:testCompile (default-testCompile) @ save-and-restore ---
[INFO] Changes detected - recompiling the module!
[INFO] Compiling 4 source files to C:\myLocalRepo\phoebus-fnal\lib\phoebus\app\save-and-restore\app\target\test-classes
[INFO] 
[INFO] --- maven-surefire-plugin:3.2.5:test (default-test) @ save-and-restore ---
[INFO] Tests are skipped.
[INFO] 
[INFO] --- maven-jar-plugin:3.3.0:jar (default-jar) @ save-and-restore ---
[INFO] Building jar: C:\myLocalRepo\phoebus-fnal\lib\phoebus\app\save-and-restore\app\target\save-and-restore-5.0.2.jar
[INFO] 
[INFO] --- maven-failsafe-plugin:3.2.5:integration-test (default) @ save-and-restore ---
[INFO] Tests are skipped.
[INFO] 
[INFO] --- maven-failsafe-plugin:3.2.5:verify (default) @ save-and-restore ---
[INFO] Tests are skipped.
[INFO] 
[INFO] --- maven-install-plugin:2.4:install (default-install) @ save-and-restore ---
[INFO] Installing C:\myLocalRepo\phoebus-fnal\lib\phoebus\app\save-and-restore\app\target\save-and-restore-5.0.2.jar to C:\Users\zyuan\.m2\repository\org\phoebus\save-and-restore\5.0.2\save-and-restore-5.0.2.jar
[INFO] Installing C:\myLocalRepo\phoebus-fnal\lib\phoebus\app\save-and-restore\app\pom.xml to C:\Users\zyuan\.m2\repository\org\phoebus\save-and-restore\5.0.2\save-and-restore-5.0.2.pom
[INFO] 
[INFO] ----------------< org.phoebus:save-and-restore-logging >----------------
[INFO] Building save-and-restore-logging 5.0.2                         [86/112]
[INFO]   from lib\phoebus\app\save-and-restore\logging\pom.xml
[INFO] --------------------------------[ jar ]---------------------------------
[INFO] 
[INFO] --- maven-clean-plugin:2.5:clean (default-clean) @ save-and-restore-logging ---
[INFO] Deleting C:\myLocalRepo\phoebus-fnal\lib\phoebus\app\save-and-restore\logging\target
[INFO] 
[INFO] --- git-commit-id-maven-plugin:9.0.1:revision (get-the-git-infos) @ save-and-restore-logging ---
[INFO] 
[INFO] --- maven-resources-plugin:2.6:resources (default-resources) @ save-and-restore-logging ---
[INFO] Using 'UTF-8' encoding to copy filtered resources.
[INFO] Copying 4 resources
[INFO] 
[INFO] --- maven-compiler-plugin:3.6.2:compile (default-compile) @ save-and-restore-logging ---
[INFO] Changes detected - recompiling the module!
[INFO] Compiling 7 source files to C:\myLocalRepo\phoebus-fnal\lib\phoebus\app\save-and-restore\logging\target\classes
[INFO] 
[INFO] --- maven-resources-plugin:2.6:testResources (default-testResources) @ save-and-restore-logging ---
[INFO] Using 'UTF-8' encoding to copy filtered resources.
[INFO] skip non existing resourceDirectory C:\myLocalRepo\phoebus-fnal\lib\phoebus\app\save-and-restore\logging\src\test\resources
[INFO] 
[INFO] --- maven-compiler-plugin:3.6.2:testCompile (default-testCompile) @ save-and-restore-logging ---
[INFO] Changes detected - recompiling the module!
[INFO] Compiling 2 source files to C:\myLocalRepo\phoebus-fnal\lib\phoebus\app\save-and-restore\logging\target\test-classes
[INFO] 
[INFO] --- maven-surefire-plugin:3.0.0-M7:test (default-test) @ save-and-restore-logging ---
[INFO] Tests are skipped.
[INFO] 
[INFO] --- maven-jar-plugin:3.3.0:jar (default-jar) @ save-and-restore-logging ---
[INFO] Building jar: C:\myLocalRepo\phoebus-fnal\lib\phoebus\app\save-and-restore\logging\target\save-and-restore-logging-5.0.2.jar
[INFO] 
[INFO] --- maven-failsafe-plugin:2.22.0:integration-test (default) @ save-and-restore-logging ---
[INFO] Tests are skipped.
[INFO] 
[INFO] --- maven-failsafe-plugin:2.22.0:verify (default) @ save-and-restore-logging ---
[INFO] Tests are skipped.
[INFO] 
[INFO] --- maven-install-plugin:2.4:install (default-install) @ save-and-restore-logging ---
[INFO] Installing C:\myLocalRepo\phoebus-fnal\lib\phoebus\app\save-and-restore\logging\target\save-and-restore-logging-5.0.2.jar to C:\Users\zyuan\.m2\repository\org\phoebus\save-and-restore-logging\5.0.2\save-and-restore-logging-5.0.2.jar
[INFO] Installing C:\myLocalRepo\phoebus-fnal\lib\phoebus\app\save-and-restore\logging\pom.xml to C:\Users\zyuan\.m2\repository\org\phoebus\save-and-restore-logging\5.0.2\save-and-restore-logging-5.0.2.pom
[INFO] 
[INFO] ----------------------< org.phoebus:app-console >-----------------------
[INFO] Building app-console 5.0.2                                      [87/112]
[INFO]   from lib\phoebus\app\console\pom.xml
[INFO] --------------------------------[ jar ]---------------------------------
[INFO] 
[INFO] --- maven-clean-plugin:2.5:clean (default-clean) @ app-console ---
[INFO] Deleting C:\myLocalRepo\phoebus-fnal\lib\phoebus\app\console\target
[INFO] 
[INFO] --- git-commit-id-maven-plugin:9.0.1:revision (get-the-git-infos) @ app-console ---
[INFO] 
[INFO] --- maven-resources-plugin:2.6:resources (default-resources) @ app-console ---
[INFO] Using 'UTF-8' encoding to copy filtered resources.
[INFO] Copying 4 resources
[INFO] 
[INFO] --- maven-compiler-plugin:3.6.2:compile (default-compile) @ app-console ---
[INFO] Changes detected - recompiling the module!
[INFO] Compiling 5 source files to C:\myLocalRepo\phoebus-fnal\lib\phoebus\app\console\target\classes
[INFO] 
[INFO] --- maven-resources-plugin:2.6:testResources (default-testResources) @ app-console ---
[INFO] Using 'UTF-8' encoding to copy filtered resources.
[INFO] Copying 1 resource
[INFO] 
[INFO] --- maven-compiler-plugin:3.6.2:testCompile (default-testCompile) @ app-console ---
[INFO] Changes detected - recompiling the module!
[INFO] Compiling 1 source file to C:\myLocalRepo\phoebus-fnal\lib\phoebus\app\console\target\test-classes
[INFO] 
[INFO] --- maven-surefire-plugin:3.0.0-M7:test (default-test) @ app-console ---
[INFO] Tests are skipped.
[INFO] 
[INFO] --- maven-jar-plugin:3.3.0:jar (default-jar) @ app-console ---
[INFO] Building jar: C:\myLocalRepo\phoebus-fnal\lib\phoebus\app\console\target\app-console-5.0.2.jar
[INFO] 
[INFO] --- maven-failsafe-plugin:2.22.0:integration-test (default) @ app-console ---
[INFO] Tests are skipped.
[INFO] 
[INFO] --- maven-failsafe-plugin:2.22.0:verify (default) @ app-console ---
[INFO] Tests are skipped.
[INFO] 
[INFO] --- maven-install-plugin:2.4:install (default-install) @ app-console ---
[INFO] Installing C:\myLocalRepo\phoebus-fnal\lib\phoebus\app\console\target\app-console-5.0.2.jar to C:\Users\zyuan\.m2\repository\org\phoebus\app-console\5.0.2\app-console-5.0.2.jar
[INFO] Installing C:\myLocalRepo\phoebus-fnal\lib\phoebus\app\console\pom.xml to C:\Users\zyuan\.m2\repository\org\phoebus\app-console\5.0.2\app-console-5.0.2.pom
[INFO] 
[INFO] ----------------< org.phoebus:app-trends-rich-adapters >----------------
[INFO] Building app-trends-rich-adapters 5.0.2                         [88/112]
[INFO]   from lib\phoebus\app\trends\rich-adapters\pom.xml
[INFO] --------------------------------[ jar ]---------------------------------
[INFO] 
[INFO] --- maven-clean-plugin:2.5:clean (default-clean) @ app-trends-rich-adapters ---
[INFO] Deleting C:\myLocalRepo\phoebus-fnal\lib\phoebus\app\trends\rich-adapters\target
[INFO] 
[INFO] --- git-commit-id-maven-plugin:9.0.1:revision (get-the-git-infos) @ app-trends-rich-adapters ---
[INFO] 
[INFO] --- maven-resources-plugin:2.6:resources (default-resources) @ app-trends-rich-adapters ---
[INFO] Using 'UTF-8' encoding to copy filtered resources.
[INFO] Copying 1 resource
[INFO] 
[INFO] --- maven-compiler-plugin:3.6.2:compile (default-compile) @ app-trends-rich-adapters ---
[INFO] Changes detected - recompiling the module!
[INFO] Compiling 1 source file to C:\myLocalRepo\phoebus-fnal\lib\phoebus\app\trends\rich-adapters\target\classes
[INFO] 
[INFO] --- maven-resources-plugin:2.6:testResources (default-testResources) @ app-trends-rich-adapters ---
[INFO] Using 'UTF-8' encoding to copy filtered resources.
[INFO] skip non existing resourceDirectory C:\myLocalRepo\phoebus-fnal\lib\phoebus\app\trends\rich-adapters\src\test\resources
[INFO] 
[INFO] --- maven-compiler-plugin:3.6.2:testCompile (default-testCompile) @ app-trends-rich-adapters ---
[INFO] Changes detected - recompiling the module!
[INFO] Compiling 1 source file to C:\myLocalRepo\phoebus-fnal\lib\phoebus\app\trends\rich-adapters\target\test-classes
[INFO] 
[INFO] --- maven-surefire-plugin:3.0.0-M7:test (default-test) @ app-trends-rich-adapters ---
[INFO] Tests are skipped.
[INFO] 
[INFO] --- maven-jar-plugin:3.3.0:jar (default-jar) @ app-trends-rich-adapters ---
[INFO] Building jar: C:\myLocalRepo\phoebus-fnal\lib\phoebus\app\trends\rich-adapters\target\app-trends-rich-adapters-5.0.2.jar
[INFO] 
[INFO] --- maven-failsafe-plugin:2.22.0:integration-test (default) @ app-trends-rich-adapters ---
[INFO] Tests are skipped.
[INFO] 
[INFO] --- maven-failsafe-plugin:2.22.0:verify (default) @ app-trends-rich-adapters ---
[INFO] Tests are skipped.
[INFO] 
[INFO] --- maven-install-plugin:2.4:install (default-install) @ app-trends-rich-adapters ---
[INFO] Installing C:\myLocalRepo\phoebus-fnal\lib\phoebus\app\trends\rich-adapters\target\app-trends-rich-adapters-5.0.2.jar to C:\Users\zyuan\.m2\repository\org\phoebus\app-trends-rich-adapters\5.0.2\app-trends-rich-adapters-5.0.2.jar
[INFO] Installing C:\myLocalRepo\phoebus-fnal\lib\phoebus\app\trends\rich-adapters\pom.xml to C:\Users\zyuan\.m2\repository\org\phoebus\app-trends-rich-adapters\5.0.2\app-trends-rich-adapters-5.0.2.pom
[INFO] 
[INFO] ---------------< org.phoebus:app-trends-simple-adapters >---------------
[INFO] Building app-trends-simple-adapters 5.0.2                       [89/112]
[INFO]   from lib\phoebus\app\trends\simple-adapters\pom.xml
[INFO] --------------------------------[ jar ]---------------------------------
[INFO] 
[INFO] --- maven-clean-plugin:2.5:clean (default-clean) @ app-trends-simple-adapters ---
[INFO] Deleting C:\myLocalRepo\phoebus-fnal\lib\phoebus\app\trends\simple-adapters\target
[INFO] 
[INFO] --- git-commit-id-maven-plugin:9.0.1:revision (get-the-git-infos) @ app-trends-simple-adapters ---
[INFO] 
[INFO] --- maven-resources-plugin:2.6:resources (default-resources) @ app-trends-simple-adapters ---
[INFO] Using 'UTF-8' encoding to copy filtered resources.
[INFO] Copying 3 resources
[INFO] 
[INFO] --- maven-compiler-plugin:3.6.2:compile (default-compile) @ app-trends-simple-adapters ---
[INFO] Changes detected - recompiling the module!
[INFO] Compiling 2 source files to C:\myLocalRepo\phoebus-fnal\lib\phoebus\app\trends\simple-adapters\target\classes
[INFO] 
[INFO] --- maven-resources-plugin:2.6:testResources (default-testResources) @ app-trends-simple-adapters ---
[INFO] Using 'UTF-8' encoding to copy filtered resources.
[INFO] skip non existing resourceDirectory C:\myLocalRepo\phoebus-fnal\lib\phoebus\app\trends\simple-adapters\src\test\resources
[INFO] 
[INFO] --- maven-compiler-plugin:3.6.2:testCompile (default-testCompile) @ app-trends-simple-adapters ---
[INFO] No sources to compile
[INFO] 
[INFO] --- maven-surefire-plugin:3.0.0-M7:test (default-test) @ app-trends-simple-adapters ---
[INFO] Tests are skipped.
[INFO] 
[INFO] --- maven-jar-plugin:3.3.0:jar (default-jar) @ app-trends-simple-adapters ---
[INFO] Building jar: C:\myLocalRepo\phoebus-fnal\lib\phoebus\app\trends\simple-adapters\target\app-trends-simple-adapters-5.0.2.jar
[INFO] 
[INFO] --- maven-failsafe-plugin:2.22.0:integration-test (default) @ app-trends-simple-adapters ---
[INFO] Tests are skipped.
[INFO] 
[INFO] --- maven-failsafe-plugin:2.22.0:verify (default) @ app-trends-simple-adapters ---
[INFO] Tests are skipped.
[INFO] 
[INFO] --- maven-install-plugin:2.4:install (default-install) @ app-trends-simple-adapters ---
[INFO] Installing C:\myLocalRepo\phoebus-fnal\lib\phoebus\app\trends\simple-adapters\target\app-trends-simple-adapters-5.0.2.jar to C:\Users\zyuan\.m2\repository\org\phoebus\app-trends-simple-adapters\5.0.2\app-trends-simple-adapters-5.0.2.jar
[INFO] Installing C:\myLocalRepo\phoebus-fnal\lib\phoebus\app\trends\simple-adapters\pom.xml to C:\Users\zyuan\.m2\repository\org\phoebus\app-trends-simple-adapters\5.0.2\app-trends-simple-adapters-5.0.2.pom
[INFO] 
[INFO] ----------------------< org.phoebus:app-utility >-----------------------
[INFO] Building app-utility 5.0.2                                      [90/112]
[INFO]   from lib\phoebus\app\utility\pom.xml
[INFO] --------------------------------[ pom ]---------------------------------
[INFO] 
[INFO] --- maven-clean-plugin:2.5:clean (default-clean) @ app-utility ---
[INFO] 
[INFO] --- git-commit-id-maven-plugin:9.0.1:revision (get-the-git-infos) @ app-utility ---
[INFO] 
[INFO] --- maven-failsafe-plugin:2.22.0:integration-test (default) @ app-utility ---
[INFO] Tests are skipped.
[INFO] 
[INFO] --- maven-failsafe-plugin:2.22.0:verify (default) @ app-utility ---
[INFO] Tests are skipped.
[INFO] 
[INFO] --- maven-install-plugin:2.4:install (default-install) @ app-utility ---
[INFO] Installing C:\myLocalRepo\phoebus-fnal\lib\phoebus\app\utility\pom.xml to C:\Users\zyuan\.m2\repository\org\phoebus\app-utility\5.0.2\app-utility-5.0.2.pom
[INFO] 
[INFO] -------------< org.phoebus:app-utility-preference-manager >-------------
[INFO] Building app-utility-preference-manager 5.0.2                   [91/112]
[INFO]   from lib\phoebus\app\utility\preference-manager\pom.xml
[INFO] --------------------------------[ jar ]---------------------------------
[INFO] 
[INFO] --- maven-clean-plugin:2.5:clean (default-clean) @ app-utility-preference-manager ---
[INFO] Deleting C:\myLocalRepo\phoebus-fnal\lib\phoebus\app\utility\preference-manager\target
[INFO] 
[INFO] --- git-commit-id-maven-plugin:9.0.1:revision (get-the-git-infos) @ app-utility-preference-manager ---
[INFO] 
[INFO] --- maven-resources-plugin:2.6:resources (default-resources) @ app-utility-preference-manager ---
[INFO] Using 'UTF-8' encoding to copy filtered resources.
[INFO] Copying 3 resources
[INFO] 
[INFO] --- maven-compiler-plugin:3.6.2:compile (default-compile) @ app-utility-preference-manager ---
[INFO] Changes detected - recompiling the module!
[INFO] Compiling 4 source files to C:\myLocalRepo\phoebus-fnal\lib\phoebus\app\utility\preference-manager\target\classes
[INFO] 
[INFO] --- maven-resources-plugin:2.6:testResources (default-testResources) @ app-utility-preference-manager ---
[INFO] Using 'UTF-8' encoding to copy filtered resources.
[INFO] skip non existing resourceDirectory C:\myLocalRepo\phoebus-fnal\lib\phoebus\app\utility\preference-manager\src\test\resources
[INFO] 
[INFO] --- maven-compiler-plugin:3.6.2:testCompile (default-testCompile) @ app-utility-preference-manager ---
[INFO] Changes detected - recompiling the module!
[INFO] Compiling 1 source file to C:\myLocalRepo\phoebus-fnal\lib\phoebus\app\utility\preference-manager\target\test-classes
[INFO] 
[INFO] --- maven-surefire-plugin:3.0.0-M7:test (default-test) @ app-utility-preference-manager ---
[INFO] Tests are skipped.
[INFO] 
[INFO] --- maven-jar-plugin:3.3.0:jar (default-jar) @ app-utility-preference-manager ---
[INFO] Building jar: C:\myLocalRepo\phoebus-fnal\lib\phoebus\app\utility\preference-manager\target\app-utility-preference-manager-5.0.2.jar
[INFO] 
[INFO] --- maven-failsafe-plugin:2.22.0:integration-test (default) @ app-utility-preference-manager ---
[INFO] Tests are skipped.
[INFO] 
[INFO] --- maven-failsafe-plugin:2.22.0:verify (default) @ app-utility-preference-manager ---
[INFO] Tests are skipped.
[INFO] 
[INFO] --- maven-install-plugin:2.4:install (default-install) @ app-utility-preference-manager ---
[INFO] Installing C:\myLocalRepo\phoebus-fnal\lib\phoebus\app\utility\preference-manager\target\app-utility-preference-manager-5.0.2.jar to C:\Users\zyuan\.m2\repository\org\phoebus\app-utility-preference-manager\5.0.2\app-utility-preference-manager-5.0.2.jar
[INFO] Installing C:\myLocalRepo\phoebus-fnal\lib\phoebus\app\utility\preference-manager\pom.xml to C:\Users\zyuan\.m2\repository\org\phoebus\app-utility-preference-manager\5.0.2\app-utility-preference-manager-5.0.2.pom
[INFO] 
[INFO] --------------------< org.phoebus:app-imageviewer >---------------------
[INFO] Building app-imageviewer 5.0.2                                  [92/112]
[INFO]   from lib\phoebus\app\imageviewer\pom.xml
[INFO] --------------------------------[ jar ]---------------------------------
[INFO] 
[INFO] --- maven-clean-plugin:2.5:clean (default-clean) @ app-imageviewer ---
[INFO] Deleting C:\myLocalRepo\phoebus-fnal\lib\phoebus\app\imageviewer\target
[INFO] 
[INFO] --- git-commit-id-maven-plugin:9.0.1:revision (get-the-git-infos) @ app-imageviewer ---
[INFO] 
[INFO] --- maven-resources-plugin:2.6:resources (default-resources) @ app-imageviewer ---
[INFO] Using 'UTF-8' encoding to copy filtered resources.
[INFO] Copying 7 resources
[INFO] 
[INFO] --- maven-compiler-plugin:3.6.2:compile (default-compile) @ app-imageviewer ---
[INFO] Changes detected - recompiling the module!
[INFO] Compiling 5 source files to C:\myLocalRepo\phoebus-fnal\lib\phoebus\app\imageviewer\target\classes
[INFO] 
[INFO] --- maven-resources-plugin:2.6:testResources (default-testResources) @ app-imageviewer ---
[INFO] Using 'UTF-8' encoding to copy filtered resources.
[INFO] skip non existing resourceDirectory C:\myLocalRepo\phoebus-fnal\lib\phoebus\app\imageviewer\src\test\resources
[INFO] 
[INFO] --- maven-compiler-plugin:3.6.2:testCompile (default-testCompile) @ app-imageviewer ---
[INFO] Changes detected - recompiling the module!
[INFO] Compiling 1 source file to C:\myLocalRepo\phoebus-fnal\lib\phoebus\app\imageviewer\target\test-classes
[INFO] 
[INFO] --- maven-surefire-plugin:3.0.0-M7:test (default-test) @ app-imageviewer ---
[INFO] Tests are skipped.
[INFO] 
[INFO] --- maven-jar-plugin:3.3.0:jar (default-jar) @ app-imageviewer ---
[INFO] Building jar: C:\myLocalRepo\phoebus-fnal\lib\phoebus\app\imageviewer\target\app-imageviewer-5.0.2.jar
[INFO] 
[INFO] --- maven-failsafe-plugin:2.22.0:integration-test (default) @ app-imageviewer ---
[INFO] Tests are skipped.
[INFO] 
[INFO] --- maven-failsafe-plugin:2.22.0:verify (default) @ app-imageviewer ---
[INFO] Tests are skipped.
[INFO] 
[INFO] --- maven-install-plugin:2.4:install (default-install) @ app-imageviewer ---
[INFO] Installing C:\myLocalRepo\phoebus-fnal\lib\phoebus\app\imageviewer\target\app-imageviewer-5.0.2.jar to C:\Users\zyuan\.m2\repository\org\phoebus\app-imageviewer\5.0.2\app-imageviewer-5.0.2.jar
[INFO] Installing C:\myLocalRepo\phoebus-fnal\lib\phoebus\app\imageviewer\pom.xml to C:\Users\zyuan\.m2\repository\org\phoebus\app-imageviewer\5.0.2\app-imageviewer-5.0.2.pom
[INFO] 
[INFO] ---------------< org.phoebus:app-credentials-management >---------------
[INFO] Building app-credentials-management 5.0.2                       [93/112]
[INFO]   from lib\phoebus\app\credentials-management\pom.xml
[INFO] --------------------------------[ jar ]---------------------------------
[INFO] 
[INFO] --- maven-clean-plugin:2.5:clean (default-clean) @ app-credentials-management ---
[INFO] Deleting C:\myLocalRepo\phoebus-fnal\lib\phoebus\app\credentials-management\target
[INFO] 
[INFO] --- git-commit-id-maven-plugin:9.0.1:revision (get-the-git-infos) @ app-credentials-management ---
[INFO] 
[INFO] --- maven-resources-plugin:2.6:resources (default-resources) @ app-credentials-management ---
[INFO] Using 'UTF-8' encoding to copy filtered resources.
[INFO] Copying 6 resources
[INFO] 
[INFO] --- maven-compiler-plugin:3.6.2:compile (default-compile) @ app-credentials-management ---
[INFO] Changes detected - recompiling the module!
[INFO] Compiling 5 source files to C:\myLocalRepo\phoebus-fnal\lib\phoebus\app\credentials-management\target\classes
[INFO] 
[INFO] --- maven-resources-plugin:2.6:testResources (default-testResources) @ app-credentials-management ---
[INFO] Using 'UTF-8' encoding to copy filtered resources.
[INFO] skip non existing resourceDirectory C:\myLocalRepo\phoebus-fnal\lib\phoebus\app\credentials-management\src\test\resources
[INFO] 
[INFO] --- maven-compiler-plugin:3.6.2:testCompile (default-testCompile) @ app-credentials-management ---
[INFO] No sources to compile
[INFO] 
[INFO] --- maven-surefire-plugin:3.0.0-M7:test (default-test) @ app-credentials-management ---
[INFO] Tests are skipped.
[INFO] 
[INFO] --- maven-jar-plugin:3.3.0:jar (default-jar) @ app-credentials-management ---
[INFO] Building jar: C:\myLocalRepo\phoebus-fnal\lib\phoebus\app\credentials-management\target\app-credentials-management-5.0.2.jar
[INFO] 
[INFO] --- maven-failsafe-plugin:2.22.0:integration-test (default) @ app-credentials-management ---
[INFO] Tests are skipped.
[INFO] 
[INFO] --- maven-failsafe-plugin:2.22.0:verify (default) @ app-credentials-management ---
[INFO] Tests are skipped.
[INFO] 
[INFO] --- maven-install-plugin:2.4:install (default-install) @ app-credentials-management ---
[INFO] Installing C:\myLocalRepo\phoebus-fnal\lib\phoebus\app\credentials-management\target\app-credentials-management-5.0.2.jar to C:\Users\zyuan\.m2\repository\org\phoebus\app-credentials-management\5.0.2\app-credentials-management-5.0.2.jar
[INFO] Installing C:\myLocalRepo\phoebus-fnal\lib\phoebus\app\credentials-management\pom.xml to C:\Users\zyuan\.m2\repository\org\phoebus\app-credentials-management\5.0.2\app-credentials-management-5.0.2.pom
[INFO] 
[INFO] -----------------------< org.phoebus:app-eslog >------------------------
[INFO] Building app-eslog 5.0.2                                        [94/112]
[INFO]   from lib\phoebus\app\eslog\pom.xml
[INFO] --------------------------------[ jar ]---------------------------------
[INFO] 
[INFO] --- maven-clean-plugin:2.5:clean (default-clean) @ app-eslog ---
[INFO] Deleting C:\myLocalRepo\phoebus-fnal\lib\phoebus\app\eslog\target
[INFO] 
[INFO] --- git-commit-id-maven-plugin:9.0.1:revision (get-the-git-infos) @ app-eslog ---
[INFO] 
[INFO] --- maven-resources-plugin:2.6:resources (default-resources) @ app-eslog ---
[INFO] Using 'UTF-8' encoding to copy filtered resources.
[INFO] Copying 4 resources
[INFO] 
[INFO] --- maven-compiler-plugin:3.6.2:compile (default-compile) @ app-eslog ---
[INFO] Changes detected - recompiling the module!
[INFO] Compiling 28 source files to C:\myLocalRepo\phoebus-fnal\lib\phoebus\app\eslog\target\classes
[INFO] 
[INFO] --- maven-resources-plugin:2.6:testResources (default-testResources) @ app-eslog ---
[INFO] Using 'UTF-8' encoding to copy filtered resources.
[INFO] skip non existing resourceDirectory C:\myLocalRepo\phoebus-fnal\lib\phoebus\app\eslog\src\test\resources
[INFO] 
[INFO] --- maven-compiler-plugin:3.6.2:testCompile (default-testCompile) @ app-eslog ---
[INFO] No sources to compile
[INFO] 
[INFO] --- maven-surefire-plugin:3.0.0-M7:test (default-test) @ app-eslog ---
[INFO] Tests are skipped.
[INFO] 
[INFO] --- maven-jar-plugin:3.3.0:jar (default-jar) @ app-eslog ---
[INFO] Building jar: C:\myLocalRepo\phoebus-fnal\lib\phoebus\app\eslog\target\app-eslog-5.0.2.jar
[INFO] 
[INFO] --- maven-failsafe-plugin:2.22.0:integration-test (default) @ app-eslog ---
[INFO] Tests are skipped.
[INFO] 
[INFO] --- maven-failsafe-plugin:2.22.0:verify (default) @ app-eslog ---
[INFO] Tests are skipped.
[INFO] 
[INFO] --- maven-install-plugin:2.4:install (default-install) @ app-eslog ---
[INFO] Installing C:\myLocalRepo\phoebus-fnal\lib\phoebus\app\eslog\target\app-eslog-5.0.2.jar to C:\Users\zyuan\.m2\repository\org\phoebus\app-eslog\5.0.2\app-eslog-5.0.2.jar
[INFO] Installing C:\myLocalRepo\phoebus-fnal\lib\phoebus\app\eslog\pom.xml to C:\Users\zyuan\.m2\repository\org\phoebus\app-eslog\5.0.2\app-eslog-5.0.2.pom
[INFO] 
[INFO] ------------------------< org.phoebus:product >-------------------------
[INFO] Building product 5.0.2                                          [95/112]
[INFO]   from lib\phoebus\phoebus-product\pom.xml
[INFO] --------------------------------[ jar ]---------------------------------
[INFO] 
[INFO] --- maven-clean-plugin:2.5:clean (default-clean) @ product ---
[INFO] Deleting C:\myLocalRepo\phoebus-fnal\lib\phoebus\phoebus-product\target
[INFO] 
[INFO] --- git-commit-id-maven-plugin:9.0.1:revision (get-the-git-infos) @ product ---
[INFO] 
[INFO] --- maven-resources-plugin:2.6:resources (default-resources) @ product ---
[INFO] Using 'UTF-8' encoding to copy filtered resources.
[INFO] skip non existing resourceDirectory C:\myLocalRepo\phoebus-fnal\lib\phoebus\phoebus-product\src\main\resources
[INFO] 
[INFO] --- maven-compiler-plugin:3.6.2:compile (default-compile) @ product ---
[INFO] No sources to compile
[INFO] 
[INFO] --- maven-resources-plugin:2.6:testResources (default-testResources) @ product ---
[INFO] Using 'UTF-8' encoding to copy filtered resources.
[INFO] skip non existing resourceDirectory C:\myLocalRepo\phoebus-fnal\lib\phoebus\phoebus-product\src\test\resources
[INFO] 
[INFO] --- maven-compiler-plugin:3.6.2:testCompile (default-testCompile) @ product ---
[INFO] No sources to compile
[INFO] 
[INFO] --- maven-surefire-plugin:3.0.0-M7:test (default-test) @ product ---
[INFO] Tests are skipped.
[INFO] 
[INFO] --- maven-dependency-plugin:2.8:copy-dependencies (copy-dependencies) @ product ---
[INFO] Copying spring-boot-starter-json-2.7.3.jar to C:\myLocalRepo\phoebus-fnal\lib\phoebus\phoebus-product\target\lib\spring-boot-starter-json-2.7.3.jar
[INFO] Copying core-ui-5.0.2.jar to C:\myLocalRepo\phoebus-fnal\lib\phoebus\phoebus-product\target\lib\core-ui-5.0.2.jar
[INFO] Copying commonmark-0.15.2.jar to C:\myLocalRepo\phoebus-fnal\lib\phoebus\phoebus-product\target\lib\commonmark-0.15.2.jar
[INFO] Copying app-console-5.0.2.jar to C:\myLocalRepo\phoebus-fnal\lib\phoebus\phoebus-product\target\lib\app-console-5.0.2.jar
[INFO] Copying cal10n-api-0.8.1.jar to C:\myLocalRepo\phoebus-fnal\lib\phoebus\phoebus-product\target\lib\cal10n-api-0.8.1.jar
[INFO] Copying nanocontainer-remoting-1.0-RC-1.jar to C:\myLocalRepo\phoebus-fnal\lib\phoebus\phoebus-product\target\lib\nanocontainer-remoting-1.0-RC-1.jar
[INFO] Copying javafx-fxml-21.0.3.jar to C:\myLocalRepo\phoebus-fnal\lib\phoebus\phoebus-product\target\lib\javafx-fxml-21.0.3.jar
[INFO] Copying jaxb-runtime-2.3.0.jar to C:\myLocalRepo\phoebus-fnal\lib\phoebus\phoebus-product\target\lib\jaxb-runtime-2.3.0.jar
[INFO] Copying app-imageviewer-5.0.2.jar to C:\myLocalRepo\phoebus-fnal\lib\phoebus\phoebus-product\target\lib\app-imageviewer-5.0.2.jar
[INFO] Copying javafx-swing-21.0.3.jar to C:\myLocalRepo\phoebus-fnal\lib\phoebus\phoebus-product\target\lib\javafx-swing-21.0.3.jar
[INFO] Copying parsson-1.0.0.jar to C:\myLocalRepo\phoebus-fnal\lib\phoebus\phoebus-product\target\lib\parsson-1.0.0.jar
[INFO] Copying javafx-web-21.0.3-win.jar to C:\myLocalRepo\phoebus-fnal\lib\phoebus\phoebus-product\target\lib\javafx-web-21.0.3-win.jar
[INFO] Copying mysql-connector-j-8.4.0.jar to C:\myLocalRepo\phoebus-fnal\lib\phoebus\phoebus-product\target\lib\mysql-connector-j-8.4.0.jar
[INFO] Copying swagger-annotations-2.2.9.jar to C:\myLocalRepo\phoebus-fnal\lib\phoebus\phoebus-product\target\lib\swagger-annotations-2.2.9.jar
[INFO] Copying core-launcher-5.0.2.jar to C:\myLocalRepo\phoebus-fnal\lib\phoebus\phoebus-product\target\lib\core-launcher-5.0.2.jar
[INFO] Copying httpasyncclient-4.1.4.jar to C:\myLocalRepo\phoebus-fnal\lib\phoebus\phoebus-product\target\lib\httpasyncclient-4.1.4.jar
[INFO] Copying springdoc-openapi-webmvc-core-1.7.0.jar to C:\myLocalRepo\phoebus-fnal\lib\phoebus\phoebus-product\target\lib\springdoc-openapi-webmvc-core-1.7.0.jar
[INFO] Copying j2objc-annotations-1.3.jar to C:\myLocalRepo\phoebus-fnal\lib\phoebus\phoebus-product\target\lib\j2objc-annotations-1.3.jar
[INFO] Copying xml-apis-ext-1.3.04.jar to C:\myLocalRepo\phoebus-fnal\lib\phoebus\phoebus-product\target\lib\xml-apis-ext-1.3.04.jar
[INFO] Copying core-pv-opva-5.0.2.jar to C:\myLocalRepo\phoebus-fnal\lib\phoebus\phoebus-product\target\lib\core-pv-opva-5.0.2.jar
[INFO] Copying javafx-media-21.0.3-win.jar to C:\myLocalRepo\phoebus-fnal\lib\phoebus\phoebus-product\target\lib\javafx-media-21.0.3-win.jar
[INFO] Copying jaxb-api-2.3.0.jar to C:\myLocalRepo\phoebus-fnal\lib\phoebus\phoebus-product\target\lib\jaxb-api-2.3.0.jar
[INFO] Copying jzlib-1.1.3.jar to C:\myLocalRepo\phoebus-fnal\lib\phoebus\phoebus-product\target\lib\jzlib-1.1.3.jar
[INFO] Copying javax.mail-1.6.1.jar to C:\myLocalRepo\phoebus-fnal\lib\phoebus\phoebus-product\target\lib\javax.mail-1.6.1.jar
[INFO] Copying jacorb-3.9.jar to C:\myLocalRepo\phoebus-fnal\lib\phoebus\phoebus-product\target\lib\jacorb-3.9.jar
[INFO] Copying javafx-swing-21.0.3-win.jar to C:\myLocalRepo\phoebus-fnal\lib\phoebus\phoebus-product\target\lib\javafx-swing-21.0.3-win.jar
[INFO] Copying jetty-util-9.4.30.v20200611.jar to C:\myLocalRepo\phoebus-fnal\lib\phoebus\phoebus-product\target\lib\jetty-util-9.4.30.v20200611.jar
[INFO] Copying pbrawclient-0.0.10.jar to C:\myLocalRepo\phoebus-fnal\lib\phoebus\phoebus-product\target\lib\pbrawclient-0.0.10.jar
[INFO] Copying commonmark-ext-image-attributes-0.15.2.jar to C:\myLocalRepo\phoebus-fnal\lib\phoebus\phoebus-product\target\lib\commonmark-ext-image-attributes-0.15.2.jar
[INFO] Copying core-types-5.0.2.jar to C:\myLocalRepo\phoebus-fnal\lib\phoebus\phoebus-product\target\lib\core-types-5.0.2.jar
[INFO] Copying app-display-fonts-5.0.2.jar to C:\myLocalRepo\phoebus-fnal\lib\phoebus\phoebus-product\target\lib\app-display-fonts-5.0.2.jar
[INFO] Copying spring-webmvc-5.3.22.jar to C:\myLocalRepo\phoebus-fnal\lib\phoebus\phoebus-product\target\lib\spring-webmvc-5.3.22.jar
[INFO] Copying ant-launcher-1.8.2.jar to C:\myLocalRepo\phoebus-fnal\lib\phoebus\phoebus-product\target\lib\ant-launcher-1.8.2.jar
[INFO] Copying postgresql-42.6.2.jar to C:\myLocalRepo\phoebus-fnal\lib\phoebus\phoebus-product\target\lib\postgresql-42.6.2.jar
[INFO] Copying javafx-graphics-21.0.3-win.jar to C:\myLocalRepo\phoebus-fnal\lib\phoebus\phoebus-product\target\lib\javafx-graphics-21.0.3-win.jar
[INFO] Copying javafx-web-21.0.3.jar to C:\myLocalRepo\phoebus-fnal\lib\phoebus\phoebus-product\target\lib\javafx-web-21.0.3.jar
[INFO] Copying sshd-osgi-2.12.0.jar to C:\myLocalRepo\phoebus-fnal\lib\phoebus\phoebus-product\target\lib\sshd-osgi-2.12.0.jar
[INFO] Copying app-display-adapters-5.0.2.jar to C:\myLocalRepo\phoebus-fnal\lib\phoebus\phoebus-product\target\lib\app-display-adapters-5.0.2.jar
[INFO] Copying springdoc-openapi-common-1.7.0.jar to C:\myLocalRepo\phoebus-fnal\lib\phoebus\phoebus-product\target\lib\springdoc-openapi-common-1.7.0.jar
[INFO] Copying rhino-1.7.12.jar to C:\myLocalRepo\phoebus-fnal\lib\phoebus\phoebus-product\target\lib\rhino-1.7.12.jar
[INFO] Copying org.eclipse.jgit.archive-6.9.0.202403050737-r.jar to C:\myLocalRepo\phoebus-fnal\lib\phoebus\phoebus-product\target\lib\org.eclipse.jgit.archive-6.9.0.202403050737-r.jar
[INFO] Copying jetty-http-9.4.30.v20200611.jar to C:\myLocalRepo\phoebus-fnal\lib\phoebus\phoebus-product\target\lib\jetty-http-9.4.30.v20200611.jar
[INFO] Copying epics-pvdata-6.1.9.jar to C:\myLocalRepo\phoebus-fnal\lib\phoebus\phoebus-product\target\lib\epics-pvdata-6.1.9.jar
[INFO] Copying stax-ex-1.7.8.jar to C:\myLocalRepo\phoebus-fnal\lib\phoebus\phoebus-product\target\lib\stax-ex-1.7.8.jar
[INFO] Copying jsch-0.1.55.jar to C:\myLocalRepo\phoebus-fnal\lib\phoebus\phoebus-product\target\lib\jsch-0.1.55.jar
[INFO] Copying app-alarm-ui-5.0.2.jar to C:\myLocalRepo\phoebus-fnal\lib\phoebus\phoebus-product\target\lib\app-alarm-ui-5.0.2.jar
[INFO] Copying txw2-2.3.0.jar to C:\myLocalRepo\phoebus-fnal\lib\phoebus\phoebus-product\target\lib\txw2-2.3.0.jar
[INFO] Copying core-pv-jackie-5.0.2.jar to C:\myLocalRepo\phoebus-fnal\lib\phoebus\phoebus-product\target\lib\core-pv-jackie-5.0.2.jar
[INFO] Copying antlr-2.7.2.jar to C:\myLocalRepo\phoebus-fnal\lib\phoebus\phoebus-product\target\lib\antlr-2.7.2.jar
[INFO] Copying spring-boot-starter-tomcat-2.7.3.jar to C:\myLocalRepo\phoebus-fnal\lib\phoebus\phoebus-product\target\lib\spring-boot-starter-tomcat-2.7.3.jar
[INFO] Copying epics-pvaccess-5.1.9.jar to C:\myLocalRepo\phoebus-fnal\lib\phoebus\phoebus-product\target\lib\epics-pvaccess-5.1.9.jar
[INFO] Copying c3p0-0.9.5.4.jar to C:\myLocalRepo\phoebus-fnal\lib\phoebus\phoebus-product\target\lib\c3p0-0.9.5.4.jar
[INFO] Copying jython-standalone-2.7.4b1.jar to C:\myLocalRepo\phoebus-fnal\lib\phoebus\phoebus-product\target\lib\jython-standalone-2.7.4b1.jar
[INFO] Copying core-pv-pva-5.0.2.jar to C:\myLocalRepo\phoebus-fnal\lib\phoebus\phoebus-product\target\lib\core-pv-pva-5.0.2.jar
[INFO] Copying slf4j-api-2.0.12.jar to C:\myLocalRepo\phoebus-fnal\lib\phoebus\phoebus-product\target\lib\slf4j-api-2.0.12.jar
[INFO] Copying org.osgi.core-6.0.0.jar to C:\myLocalRepo\phoebus-fnal\lib\phoebus\phoebus-product\target\lib\org.osgi.core-6.0.0.jar
[INFO] Copying jnacl-1.0.0.jar to C:\myLocalRepo\phoebus-fnal\lib\phoebus\phoebus-product\target\lib\jnacl-1.0.0.jar
[INFO] Copying app-logbook-olog-ui-5.0.2.jar to C:\myLocalRepo\phoebus-fnal\lib\phoebus\phoebus-product\target\lib\app-logbook-olog-ui-5.0.2.jar
[INFO] Copying core-pv-5.0.2.jar to C:\myLocalRepo\phoebus-fnal\lib\phoebus\phoebus-product\target\lib\core-pv-5.0.2.jar
[INFO] Copying app-logbook-inmemory-5.0.2.jar to C:\myLocalRepo\phoebus-fnal\lib\phoebus\phoebus-product\target\lib\app-logbook-inmemory-5.0.2.jar
[INFO] Copying mchange-commons-java-0.2.15.jar to C:\myLocalRepo\phoebus-fnal\lib\phoebus\phoebus-product\target\lib\mchange-commons-java-0.2.15.jar
[INFO] Copying rocksdbjni-7.9.2.jar to C:\myLocalRepo\phoebus-fnal\lib\phoebus\phoebus-product\target\lib\rocksdbjni-7.9.2.jar
[INFO] Copying save-and-restore-logging-5.0.2.jar to C:\myLocalRepo\phoebus-fnal\lib\phoebus\phoebus-product\target\lib\save-and-restore-logging-5.0.2.jar
[INFO] Copying JTangoCommons-9.7.0.jar to C:\myLocalRepo\phoebus-fnal\lib\phoebus\phoebus-product\target\lib\JTangoCommons-9.7.0.jar
[INFO] Copying jakarta.validation-api-2.0.2.jar to C:\myLocalRepo\phoebus-fnal\lib\phoebus\phoebus-product\target\lib\jakarta.validation-api-2.0.2.jar
[INFO] Copying JavaEWAH-1.2.3.jar to C:\myLocalRepo\phoebus-fnal\lib\phoebus\phoebus-product\target\lib\JavaEWAH-1.2.3.jar
[INFO] Copying jackson-module-jaxb-annotations-2.12.3.jar to C:\myLocalRepo\phoebus-fnal\lib\phoebus\phoebus-product\target\lib\jackson-module-jaxb-annotations-2.12.3.jar
[INFO] Copying org.eclipse.jgit.ssh.jsch-6.9.0.202403050737-r.jar to C:\myLocalRepo\phoebus-fnal\lib\phoebus\phoebus-product\target\lib\org.eclipse.jgit.ssh.jsch-6.9.0.202403050737-r.jar
[INFO] Copying httpclient-4.5.14.jar to C:\myLocalRepo\phoebus-fnal\lib\phoebus\phoebus-product\target\lib\httpclient-4.5.14.jar
[INFO] Copying py4j-0.10.2.1.jar to C:\myLocalRepo\phoebus-fnal\lib\phoebus\phoebus-product\target\lib\py4j-0.10.2.1.jar
[INFO] Copying jackson-databind-2.12.3.jar to C:\myLocalRepo\phoebus-fnal\lib\phoebus\phoebus-product\target\lib\jackson-databind-2.12.3.jar
[INFO] Copying app-eslog-5.0.2.jar to C:\myLocalRepo\phoebus-fnal\lib\phoebus\phoebus-product\target\lib\app-eslog-5.0.2.jar
[INFO] Copying mx4j-3.0.1.jar to C:\myLocalRepo\phoebus-fnal\lib\phoebus\phoebus-product\target\lib\mx4j-3.0.1.jar
[INFO] Copying javafx-controls-21.0.3-win.jar to C:\myLocalRepo\phoebus-fnal\lib\phoebus\phoebus-product\target\lib\javafx-controls-21.0.3-win.jar
[INFO] Copying TangORB-9.7.0.jar to C:\myLocalRepo\phoebus-fnal\lib\phoebus\phoebus-product\target\lib\TangORB-9.7.0.jar
[INFO] Copying spring-boot-2.7.3.jar to C:\myLocalRepo\phoebus-fnal\lib\phoebus\phoebus-product\target\lib\spring-boot-2.7.3.jar
[INFO] Copying listenablefuture-9999.0-empty-to-avoid-conflict-with-guava.jar to C:\myLocalRepo\phoebus-fnal\lib\phoebus\phoebus-product\target\lib\listenablefuture-9999.0-empty-to-avoid-conflict-with-guava.jar
[INFO] Copying HikariCP-java7-2.4.13.jar to C:\myLocalRepo\phoebus-fnal\lib\phoebus\phoebus-product\target\lib\HikariCP-java7-2.4.13.jar
[INFO] Copying spring-jcl-5.3.22.jar to C:\myLocalRepo\phoebus-fnal\lib\phoebus\phoebus-product\target\lib\spring-jcl-5.3.22.jar
[INFO] Copying reactive-streams-1.0.3.jar to C:\myLocalRepo\phoebus-fnal\lib\phoebus\phoebus-product\target\lib\reactive-streams-1.0.3.jar
[INFO] Copying validation-api-2.0.1.Final.jar to C:\myLocalRepo\phoebus-fnal\lib\phoebus\phoebus-product\target\lib\validation-api-2.0.1.Final.jar
[INFO] Copying JTangoClientLang-9.7.0.jar to C:\myLocalRepo\phoebus-fnal\lib\phoebus\phoebus-product\target\lib\JTangoClientLang-9.7.0.jar
[INFO] Copying cglib-full-2.0.jar to C:\myLocalRepo\phoebus-fnal\lib\phoebus\phoebus-product\target\lib\cglib-full-2.0.jar
[INFO] Copying spring-aop-5.3.22.jar to C:\myLocalRepo\phoebus-fnal\lib\phoebus\phoebus-product\target\lib\spring-aop-5.3.22.jar
[INFO] Copying jackson-jaxrs-json-provider-2.12.3.jar to C:\myLocalRepo\phoebus-fnal\lib\phoebus\phoebus-product\target\lib\jackson-jaxrs-json-provider-2.12.3.jar
[INFO] Copying core-logbook-5.0.2.jar to C:\myLocalRepo\phoebus-fnal\lib\phoebus\phoebus-product\target\lib\core-logbook-5.0.2.jar
[INFO] Copying app-display-convert-edm-5.0.2.jar to C:\myLocalRepo\phoebus-fnal\lib\phoebus\phoebus-product\target\lib\app-display-convert-edm-5.0.2.jar
[INFO] Copying ant-1.8.2.jar to C:\myLocalRepo\phoebus-fnal\lib\phoebus\phoebus-product\target\lib\ant-1.8.2.jar
[INFO] Copying commons-compress-1.26.1.jar to C:\myLocalRepo\phoebus-fnal\lib\phoebus\phoebus-product\target\lib\commons-compress-1.26.1.jar
[INFO] Copying failureaccess-1.0.1.jar to C:\myLocalRepo\phoebus-fnal\lib\phoebus\phoebus-product\target\lib\failureaccess-1.0.1.jar
[INFO] Copying snappy-java-1.1.10.5.jar to C:\myLocalRepo\phoebus-fnal\lib\phoebus\phoebus-product\target\lib\snappy-java-1.1.10.5.jar
[INFO] Copying jackson-module-parameter-names-2.13.3.jar to C:\myLocalRepo\phoebus-fnal\lib\phoebus\phoebus-product\target\lib\jackson-module-parameter-names-2.13.3.jar
[INFO] Copying core-pva-5.0.2.jar to C:\myLocalRepo\phoebus-fnal\lib\phoebus\phoebus-product\target\lib\core-pva-5.0.2.jar
[INFO] Copying javax.jms-api-2.0.1.jar to C:\myLocalRepo\phoebus-fnal\lib\phoebus\phoebus-product\target\lib\javax.jms-api-2.0.1.jar
[INFO] Copying jfxtras-agenda-9.0-r1.jar to C:\myLocalRepo\phoebus-fnal\lib\phoebus\phoebus-product\target\lib\jfxtras-agenda-9.0-r1.jar
[INFO] Copying zstd-jni-1.5.5-1.jar to C:\myLocalRepo\phoebus-fnal\lib\phoebus\phoebus-product\target\lib\zstd-jni-1.5.5-1.jar
[INFO] Copying jakarta.activation-api-1.2.1.jar to C:\myLocalRepo\phoebus-fnal\lib\phoebus\phoebus-product\target\lib\jakarta.activation-api-1.2.1.jar
[INFO] Copying mx4j-impl-2.1.1.jar to C:\myLocalRepo\phoebus-fnal\lib\phoebus\phoebus-product\target\lib\mx4j-impl-2.1.1.jar
[INFO] Copying app-filebrowser-5.0.2.jar to C:\myLocalRepo\phoebus-fnal\lib\phoebus\phoebus-product\target\lib\app-filebrowser-5.0.2.jar
[INFO] Copying app-channel-utility-5.0.2.jar to C:\myLocalRepo\phoebus-fnal\lib\phoebus\phoebus-product\target\lib\app-channel-utility-5.0.2.jar
[INFO] Copying jfxtras-controls-9.0-r1.jar to C:\myLocalRepo\phoebus-fnal\lib\phoebus\phoebus-product\target\lib\jfxtras-controls-9.0-r1.jar
[INFO] Copying ehcache-core-2.3.0.jar to C:\myLocalRepo\phoebus-fnal\lib\phoebus\phoebus-product\target\lib\ehcache-core-2.3.0.jar
[INFO] Copying jacorb-omgapi-3.8.jar to C:\myLocalRepo\phoebus-fnal\lib\phoebus\phoebus-product\target\lib\jacorb-omgapi-3.8.jar
[INFO] Copying jsr305-3.0.2.jar to C:\myLocalRepo\phoebus-fnal\lib\phoebus\phoebus-product\target\lib\jsr305-3.0.2.jar
[INFO] Copying save-and-restore-util-5.0.2.jar to C:\myLocalRepo\phoebus-fnal\lib\phoebus\phoebus-product\target\lib\save-and-restore-util-5.0.2.jar
[INFO] Copying java_cup-0.9e.jar to C:\myLocalRepo\phoebus-fnal\lib\phoebus\phoebus-product\target\lib\java_cup-0.9e.jar
[INFO] Copying proxytoys-0.1.jar to C:\myLocalRepo\phoebus-fnal\lib\phoebus\phoebus-product\target\lib\proxytoys-0.1.jar
[INFO] Copying vtype-gson-1.0.7.jar to C:\myLocalRepo\phoebus-fnal\lib\phoebus\phoebus-product\target\lib\vtype-gson-1.0.7.jar
[INFO] Copying jacorb-services-3.9.jar to C:\myLocalRepo\phoebus-fnal\lib\phoebus\phoebus-product\target\lib\jacorb-services-3.9.jar
[INFO] Copying commons-8.1.0.jar to C:\myLocalRepo\phoebus-fnal\lib\phoebus\phoebus-product\target\lib\commons-8.1.0.jar
[INFO] Copying app-logbook-olog-client-5.0.2.jar to C:\myLocalRepo\phoebus-fnal\lib\phoebus\phoebus-product\target\lib\app-logbook-olog-client-5.0.2.jar
[INFO] Copying app-display-editor-5.0.2.jar to C:\myLocalRepo\phoebus-fnal\lib\phoebus\phoebus-product\target\lib\app-display-editor-5.0.2.jar
[INFO] Copying requests-5.0.8.jar to C:\myLocalRepo\phoebus-fnal\lib\phoebus\phoebus-product\target\lib\requests-5.0.8.jar
[INFO] Copying spring-boot-autoconfigure-2.7.3.jar to C:\myLocalRepo\phoebus-fnal\lib\phoebus\phoebus-product\target\lib\spring-boot-autoconfigure-2.7.3.jar
[INFO] Copying app-errlog-5.0.2.jar to C:\myLocalRepo\phoebus-fnal\lib\phoebus\phoebus-product\target\lib\app-errlog-5.0.2.jar
[INFO] Copying app-pvtree-5.0.2.jar to C:\myLocalRepo\phoebus-fnal\lib\phoebus\phoebus-product\target\lib\app-pvtree-5.0.2.jar
[INFO] Copying sshd-sftp-2.12.0.jar to C:\myLocalRepo\phoebus-fnal\lib\phoebus\phoebus-product\target\lib\sshd-sftp-2.12.0.jar
[INFO] Copying tango-idl-java-5.jar to C:\myLocalRepo\phoebus-fnal\lib\phoebus\phoebus-product\target\lib\tango-idl-java-5.jar
[INFO] Copying core-formula-5.0.2.jar to C:\myLocalRepo\phoebus-fnal\lib\phoebus\phoebus-product\target\lib\core-formula-5.0.2.jar
[INFO] Copying core-pv-tango-5.0.2.jar to C:\myLocalRepo\phoebus-fnal\lib\phoebus\phoebus-product\target\lib\core-pv-tango-5.0.2.jar
[INFO] Copying spring-expression-5.3.22.jar to C:\myLocalRepo\phoebus-fnal\lib\phoebus\phoebus-product\target\lib\spring-expression-5.3.22.jar
[INFO] Copying snakeyaml-1.30.jar to C:\myLocalRepo\phoebus-fnal\lib\phoebus\phoebus-product\target\lib\snakeyaml-1.30.jar
[INFO] Copying app-display-runtime-5.0.2.jar to C:\myLocalRepo\phoebus-fnal\lib\phoebus\phoebus-product\target\lib\app-display-runtime-5.0.2.jar
[INFO] Copying javafx-fxml-21.0.3-win.jar to C:\myLocalRepo\phoebus-fnal\lib\phoebus\phoebus-product\target\lib\javafx-fxml-21.0.3-win.jar
[INFO] Copying htmlcleaner-2.29.jar to C:\myLocalRepo\phoebus-fnal\lib\phoebus\phoebus-product\target\lib\htmlcleaner-2.29.jar
[INFO] Copying core-pv-mqtt-5.0.2.jar to C:\myLocalRepo\phoebus-fnal\lib\phoebus\phoebus-product\target\lib\core-pv-mqtt-5.0.2.jar
[INFO] Copying org.eclipse.paho.client.mqttv3-1.2.2.jar to C:\myLocalRepo\phoebus-fnal\lib\phoebus\phoebus-product\target\lib\org.eclipse.paho.client.mqttv3-1.2.2.jar
[INFO] Copying app-credentials-management-5.0.2.jar to C:\myLocalRepo\phoebus-fnal\lib\phoebus\phoebus-product\target\lib\app-credentials-management-5.0.2.jar
[INFO] Copying xmlgraphics-commons-2.4.jar to C:\myLocalRepo\phoebus-fnal\lib\phoebus\phoebus-product\target\lib\xmlgraphics-commons-2.4.jar
[INFO] Copying app-email-ui-5.0.2.jar to C:\myLocalRepo\phoebus-fnal\lib\phoebus\phoebus-product\target\lib\app-email-ui-5.0.2.jar
[INFO] Copying javafx-media-21.0.3.jar to C:\myLocalRepo\phoebus-fnal\lib\phoebus\phoebus-product\target\lib\javafx-media-21.0.3.jar
[INFO] Copying app-display-thumbwheel-5.0.2.jar to C:\myLocalRepo\phoebus-fnal\lib\phoebus\phoebus-product\target\lib\app-display-thumbwheel-5.0.2.jar
[INFO] Copying app-trends-archive-datasource-5.0.2.jar to C:\myLocalRepo\phoebus-fnal\lib\phoebus\phoebus-product\target\lib\app-trends-archive-datasource-5.0.2.jar
[INFO] Copying istack-commons-runtime-3.0.5.jar to C:\myLocalRepo\phoebus-fnal\lib\phoebus\phoebus-product\target\lib\istack-commons-runtime-3.0.5.jar
[INFO] Copying app-trends-rich-adapters-5.0.2.jar to C:\myLocalRepo\phoebus-fnal\lib\phoebus\phoebus-product\target\lib\app-trends-rich-adapters-5.0.2.jar
[INFO] Copying geronimo-spec-ejb-2.1-rc2.jar to C:\myLocalRepo\phoebus-fnal\lib\phoebus\phoebus-product\target\lib\geronimo-spec-ejb-2.1-rc2.jar
[INFO] Copying wrapper-3.1.0.jar to C:\myLocalRepo\phoebus-fnal\lib\phoebus\phoebus-product\target\lib\wrapper-3.1.0.jar
[INFO] Copying app-channel-channelfinder-5.0.2.jar to C:\myLocalRepo\phoebus-fnal\lib\phoebus\phoebus-product\target\lib\app-channel-channelfinder-5.0.2.jar
[INFO] Copying transmorph-3.1.3.jar to C:\myLocalRepo\phoebus-fnal\lib\phoebus\phoebus-product\target\lib\transmorph-3.1.3.jar
[INFO] Copying jacorb-idl-compiler-3.8.jar to C:\myLocalRepo\phoebus-fnal\lib\phoebus\phoebus-product\target\lib\jacorb-idl-compiler-3.8.jar
[INFO] Copying commons-io-2.15.1.jar to C:\myLocalRepo\phoebus-fnal\lib\phoebus\phoebus-product\target\lib\commons-io-2.15.1.jar
[INFO] Copying slf4j-jdk14-1.7.28.jar to C:\myLocalRepo\phoebus-fnal\lib\phoebus\phoebus-product\target\lib\slf4j-jdk14-1.7.28.jar
[INFO] Copying core-pv-ca-5.0.2.jar to C:\myLocalRepo\phoebus-fnal\lib\phoebus\phoebus-product\target\lib\core-pv-ca-5.0.2.jar
[INFO] Copying JTango-9.7.0.pom to C:\myLocalRepo\phoebus-fnal\lib\phoebus\phoebus-product\target\lib\JTango-9.7.0.pom
[INFO] Copying commons-math3-3.6.1.jar to C:\myLocalRepo\phoebus-fnal\lib\phoebus\phoebus-product\target\lib\commons-math3-3.6.1.jar
[INFO] Copying jackson-datatype-jdk8-2.13.3.jar to C:\myLocalRepo\phoebus-fnal\lib\phoebus\phoebus-product\target\lib\jackson-datatype-jdk8-2.13.3.jar
[INFO] Copying jackson-core-2.12.3.jar to C:\myLocalRepo\phoebus-fnal\lib\phoebus\phoebus-product\target\lib\jackson-core-2.12.3.jar
[INFO] Copying app-scan-model-5.0.2.jar to C:\myLocalRepo\phoebus-fnal\lib\phoebus\phoebus-product\target\lib\app-scan-model-5.0.2.jar
[INFO] Copying commons-lang3-3.5.jar to C:\myLocalRepo\phoebus-fnal\lib\phoebus\phoebus-product\target\lib\commons-lang3-3.5.jar
[INFO] Copying app-log-configuration-5.0.2.jar to C:\myLocalRepo\phoebus-fnal\lib\phoebus\phoebus-product\target\lib\app-log-configuration-5.0.2.jar
[INFO] Copying hawtbuf-1.11.jar to C:\myLocalRepo\phoebus-fnal\lib\phoebus\phoebus-product\target\lib\hawtbuf-1.11.jar
[INFO] Copying org.eclipse.jgit-6.9.0.202403050737-r.jar to C:\myLocalRepo\phoebus-fnal\lib\phoebus\phoebus-product\target\lib\org.eclipse.jgit-6.9.0.202403050737-r.jar
[INFO] Copying javax.json-1.1.4.jar to C:\myLocalRepo\phoebus-fnal\lib\phoebus\phoebus-product\target\lib\javax.json-1.1.4.jar
[INFO] Copying activemq-client-5.18.4.jar to C:\myLocalRepo\phoebus-fnal\lib\phoebus\phoebus-product\target\lib\activemq-client-5.18.4.jar
[INFO] Copying commons-logging-1.2.jar to C:\myLocalRepo\phoebus-fnal\lib\phoebus\phoebus-product\target\lib\commons-logging-1.2.jar
[INFO] Copying app-channel-views-5.0.2.jar to C:\myLocalRepo\phoebus-fnal\lib\phoebus\phoebus-product\target\lib\app-channel-views-5.0.2.jar
[INFO] Copying app-display-representation-5.0.2.jar to C:\myLocalRepo\phoebus-fnal\lib\phoebus\phoebus-product\target\lib\app-display-representation-5.0.2.jar
[INFO] Copying jfxtras-fxml-9.0-r1.jar to C:\myLocalRepo\phoebus-fnal\lib\phoebus\phoebus-product\target\lib\jfxtras-fxml-9.0-r1.jar
[INFO] Copying app-databrowser-timescale-5.0.2.jar to C:\myLocalRepo\phoebus-fnal\lib\phoebus\phoebus-product\target\lib\app-databrowser-timescale-5.0.2.jar
[INFO] Copying epics-jackie-common-3.1.0.jar to C:\myLocalRepo\phoebus-fnal\lib\phoebus\phoebus-product\target\lib\epics-jackie-common-3.1.0.jar
[INFO] Copying app-display-navigation-5.0.2.jar to C:\myLocalRepo\phoebus-fnal\lib\phoebus\phoebus-product\target\lib\app-display-navigation-5.0.2.jar
[INFO] Copying app-trends-archive-reader-5.0.2.jar to C:\myLocalRepo\phoebus-fnal\lib\phoebus\phoebus-product\target\lib\app-trends-archive-reader-5.0.2.jar
[INFO] Copying jfxtras-common-9.0-r1.jar to C:\myLocalRepo\phoebus-fnal\lib\phoebus\phoebus-product\target\lib\jfxtras-common-9.0-r1.jar
[INFO] Copying jackson-annotations-2.12.3.jar to C:\myLocalRepo\phoebus-fnal\lib\phoebus\phoebus-product\target\lib\jackson-annotations-2.12.3.jar
[INFO] Copying log4j-to-slf4j-2.17.1.jar to C:\myLocalRepo\phoebus-fnal\lib\phoebus\phoebus-product\target\lib\log4j-to-slf4j-2.17.1.jar
[INFO] Copying spring-boot-starter-2.7.3.jar to C:\myLocalRepo\phoebus-fnal\lib\phoebus\phoebus-product\target\lib\spring-boot-starter-2.7.3.jar
[INFO] Copying kafka-streams-3.6.1.jar to C:\myLocalRepo\phoebus-fnal\lib\phoebus\phoebus-product\target\lib\kafka-streams-3.6.1.jar
[INFO] Copying app-pvtable-5.0.2.jar to C:\myLocalRepo\phoebus-fnal\lib\phoebus\phoebus-product\target\lib\app-pvtable-5.0.2.jar
[INFO] Copying epics-jackie-client-3.1.0.jar to C:\myLocalRepo\phoebus-fnal\lib\phoebus\phoebus-product\target\lib\epics-jackie-client-3.1.0.jar
[INFO] Copying gson-2.8.6.jar to C:\myLocalRepo\phoebus-fnal\lib\phoebus\phoebus-product\target\lib\gson-2.8.6.jar
[INFO] Copying junit-3.8.1.jar to C:\myLocalRepo\phoebus-fnal\lib\phoebus\phoebus-product\target\lib\junit-3.8.1.jar
[INFO] Copying controlsfx-11.1.2.jar to C:\myLocalRepo\phoebus-fnal\lib\phoebus\phoebus-product\target\lib\controlsfx-11.1.2.jar
[INFO] Copying javafx-base-21.0.3.jar to C:\myLocalRepo\phoebus-fnal\lib\phoebus\phoebus-product\target\lib\javafx-base-21.0.3.jar
[INFO] Copying activation-1.1.jar to C:\myLocalRepo\phoebus-fnal\lib\phoebus\phoebus-product\target\lib\activation-1.1.jar
[INFO] Copying jmock-cglib-1.0.1.jar to C:\myLocalRepo\phoebus-fnal\lib\phoebus\phoebus-product\target\lib\jmock-cglib-1.0.1.jar
[INFO] Copying core-security-5.0.2.jar to C:\myLocalRepo\phoebus-fnal\lib\phoebus\phoebus-product\target\lib\core-security-5.0.2.jar
[INFO] Copying elasticsearch-rest-client-8.2.0.jar to C:\myLocalRepo\phoebus-fnal\lib\phoebus\phoebus-product\target\lib\elasticsearch-rest-client-8.2.0.jar
[INFO] Copying derbytools-10.16.1.1.jar to C:\myLocalRepo\phoebus-fnal\lib\phoebus\phoebus-product\target\lib\derbytools-10.16.1.1.jar
[INFO] Copying commons-codec-1.16.1.jar to C:\myLocalRepo\phoebus-fnal\lib\phoebus\phoebus-product\target\lib\commons-codec-1.16.1.jar
[INFO] Copying checker-qual-3.31.0.jar to C:\myLocalRepo\phoebus-fnal\lib\phoebus\phoebus-product\target\lib\checker-qual-3.31.0.jar
[INFO] Copying core-vtype-5.0.2.jar to C:\myLocalRepo\phoebus-fnal\lib\phoebus\phoebus-product\target\lib\core-vtype-5.0.2.jar
[INFO] Copying app-logbook-elog-5.0.2.jar to C:\myLocalRepo\phoebus-fnal\lib\phoebus\phoebus-product\target\lib\app-logbook-elog-5.0.2.jar
[INFO] Copying app-alarm-model-5.0.2.jar to C:\myLocalRepo\phoebus-fnal\lib\phoebus\phoebus-product\target\lib\app-alarm-model-5.0.2.jar
[INFO] Copying javafx-controls-21.0.3.jar to C:\myLocalRepo\phoebus-fnal\lib\phoebus\phoebus-product\target\lib\javafx-controls-21.0.3.jar
[INFO] Copying eddsa-0.3.0.jar to C:\myLocalRepo\phoebus-fnal\lib\phoebus\phoebus-product\target\lib\eddsa-0.3.0.jar
[INFO] Copying jackson-datatype-jsr310-2.12.3.jar to C:\myLocalRepo\phoebus-fnal\lib\phoebus\phoebus-product\target\lib\jackson-datatype-jsr310-2.12.3.jar
[INFO] Copying javax.servlet-api-3.1.0.jar to C:\myLocalRepo\phoebus-fnal\lib\phoebus\phoebus-product\target\lib\javax.servlet-api-3.1.0.jar
[INFO] Copying javafx-base-21.0.3-win.jar to C:\myLocalRepo\phoebus-fnal\lib\phoebus\phoebus-product\target\lib\javafx-base-21.0.3-win.jar
[INFO] Copying app-alarm-freetts-annunciator-5.0.2.jar to C:\myLocalRepo\phoebus-fnal\lib\phoebus\phoebus-product\target\lib\app-alarm-freetts-annunciator-5.0.2.jar
[INFO] Copying tomcat-embed-websocket-9.0.65.jar to C:\myLocalRepo\phoebus-fnal\lib\phoebus\phoebus-product\target\lib\tomcat-embed-websocket-9.0.65.jar
[INFO] Copying spring-context-5.3.22.jar to C:\myLocalRepo\phoebus-fnal\lib\phoebus\phoebus-product\target\lib\spring-context-5.3.22.jar
[INFO] Copying jboss-rmi-api_1.0_spec-1.0.6.Final.jar to C:\myLocalRepo\phoebus-fnal\lib\phoebus\phoebus-product\target\lib\jboss-rmi-api_1.0_spec-1.0.6.Final.jar
[INFO] Copying mx4j-jmx-2.1.1.jar to C:\myLocalRepo\phoebus-fnal\lib\phoebus\phoebus-product\target\lib\mx4j-jmx-2.1.1.jar
[INFO] Copying app-display-model-5.0.2.jar to C:\myLocalRepo\phoebus-fnal\lib\phoebus\phoebus-product\target\lib\app-display-model-5.0.2.jar
[INFO] Copying jackson-jaxrs-base-2.12.3.jar to C:\myLocalRepo\phoebus-fnal\lib\phoebus\phoebus-product\target\lib\jackson-jaxrs-base-2.12.3.jar
[INFO] Copying derbyshared-10.16.1.1.jar to C:\myLocalRepo\phoebus-fnal\lib\phoebus\phoebus-product\target\lib\derbyshared-10.16.1.1.jar
[INFO] Copying app-rtplot-5.0.2.jar to C:\myLocalRepo\phoebus-fnal\lib\phoebus\phoebus-product\target\lib\app-rtplot-5.0.2.jar
[INFO] Copying quartz-2.3.2.jar to C:\myLocalRepo\phoebus-fnal\lib\phoebus\phoebus-product\target\lib\quartz-2.3.2.jar
[INFO] Copying app-databrowser-5.0.2.jar to C:\myLocalRepo\phoebus-fnal\lib\phoebus\phoebus-product\target\lib\app-databrowser-5.0.2.jar
[INFO] Copying spring-web-5.3.22.jar to C:\myLocalRepo\phoebus-fnal\lib\phoebus\phoebus-product\target\lib\spring-web-5.3.22.jar
[INFO] Copying lz4-java-1.8.0.jar to C:\myLocalRepo\phoebus-fnal\lib\phoebus\phoebus-product\target\lib\lz4-java-1.8.0.jar
[INFO] Copying springdoc-openapi-ui-1.7.0.jar to C:\myLocalRepo\phoebus-fnal\lib\phoebus\phoebus-product\target\lib\springdoc-openapi-ui-1.7.0.jar
[INFO] Copying app-update-5.0.2.jar to C:\myLocalRepo\phoebus-fnal\lib\phoebus\phoebus-product\target\lib\app-update-5.0.2.jar
[INFO] Copying app-scan-ui-5.0.2.jar to C:\myLocalRepo\phoebus-fnal\lib\phoebus\phoebus-product\target\lib\app-scan-ui-5.0.2.jar
[INFO] Copying jakarta.jms-api-2.0.3.jar to C:\myLocalRepo\phoebus-fnal\lib\phoebus\phoebus-product\target\lib\jakarta.jms-api-2.0.3.jar
[INFO] Copying swagger-models-2.2.9.jar to C:\myLocalRepo\phoebus-fnal\lib\phoebus\phoebus-product\target\lib\swagger-models-2.2.9.jar
[INFO] Copying javax.ws.rs-api-2.1.jar to C:\myLocalRepo\phoebus-fnal\lib\phoebus\phoebus-product\target\lib\javax.ws.rs-api-2.1.jar
[INFO] Copying spring-core-5.3.22.jar to C:\myLocalRepo\phoebus-fnal\lib\phoebus\phoebus-product\target\lib\spring-core-5.3.22.jar
[INFO] Copying freetts-1.2.2.jar to C:\myLocalRepo\phoebus-fnal\lib\phoebus\phoebus-product\target\lib\freetts-1.2.2.jar
[INFO] Copying vtype-json-1.0.7.jar to C:\myLocalRepo\phoebus-fnal\lib\phoebus\phoebus-product\target\lib\vtype-json-1.0.7.jar
[INFO] Copying javax.json-api-1.1.4.jar to C:\myLocalRepo\phoebus-fnal\lib\phoebus\phoebus-product\target\lib\javax.json-api-1.1.4.jar
[INFO] Copying kafka-clients-3.6.1.jar to C:\myLocalRepo\phoebus-fnal\lib\phoebus\phoebus-product\target\lib\kafka-clients-3.6.1.jar
[INFO] Copying org.eclipse.jgit.ssh.apache-6.9.0.202403050737-r.jar to C:\myLocalRepo\phoebus-fnal\lib\phoebus\phoebus-product\target\lib\org.eclipse.jgit.ssh.apache-6.9.0.202403050737-r.jar
[INFO] Copying install-jars-5.0.2.jar to C:\myLocalRepo\phoebus-fnal\lib\phoebus\phoebus-product\target\lib\install-jars-5.0.2.jar
[INFO] Copying jakarta.annotation-api-1.3.5.jar to C:\myLocalRepo\phoebus-fnal\lib\phoebus\phoebus-product\target\lib\jakarta.annotation-api-1.3.5.jar
[INFO] Copying save-and-restore-model-5.0.2.jar to C:\myLocalRepo\phoebus-fnal\lib\phoebus\phoebus-product\target\lib\save-and-restore-model-5.0.2.jar
[INFO] Copying jcl-over-slf4j-1.7.32.jar to C:\myLocalRepo\phoebus-fnal\lib\phoebus\phoebus-product\target\lib\jcl-over-slf4j-1.7.32.jar
[INFO] Copying tomcat-embed-el-9.0.65.jar to C:\myLocalRepo\phoebus-fnal\lib\phoebus\phoebus-product\target\lib\tomcat-embed-el-9.0.65.jar
[INFO] Copying elasticsearch-rest-client-sniffer-8.2.0.jar to C:\myLocalRepo\phoebus-fnal\lib\phoebus\phoebus-product\target\lib\elasticsearch-rest-client-sniffer-8.2.0.jar
[INFO] Copying jmock-1.0.1.jar to C:\myLocalRepo\phoebus-fnal\lib\phoebus\phoebus-product\target\lib\jmock-1.0.1.jar
[INFO] Copying spring-boot-starter-web-2.7.3.jar to C:\myLocalRepo\phoebus-fnal\lib\phoebus\phoebus-product\target\lib\spring-boot-starter-web-2.7.3.jar
[INFO] Copying app-databrowser-json-5.0.2.jar to C:\myLocalRepo\phoebus-fnal\lib\phoebus\phoebus-product\target\lib\app-databrowser-json-5.0.2.jar
[INFO] Copying app-perfmon-5.0.2.jar to C:\myLocalRepo\phoebus-fnal\lib\phoebus\phoebus-product\target\lib\app-perfmon-5.0.2.jar
[INFO] Copying guava-29.0-jre.jar to C:\myLocalRepo\phoebus-fnal\lib\phoebus\phoebus-product\target\lib\guava-29.0-jre.jar
[INFO] Copying bsh-2.0b5.jar to C:\myLocalRepo\phoebus-fnal\lib\phoebus\phoebus-product\target\lib\bsh-2.0b5.jar
[INFO] Copying jeromq-0.5.1.jar to C:\myLocalRepo\phoebus-fnal\lib\phoebus\phoebus-product\target\lib\jeromq-0.5.1.jar
[INFO] Copying httpcore-nio-4.4.12.jar to C:\myLocalRepo\phoebus-fnal\lib\phoebus\phoebus-product\target\lib\httpcore-nio-4.4.12.jar
[INFO] Copying JTangoServer-9.7.0.jar to C:\myLocalRepo\phoebus-fnal\lib\phoebus\phoebus-product\target\lib\JTangoServer-9.7.0.jar
[INFO] Copying spring-beans-5.3.22.jar to C:\myLocalRepo\phoebus-fnal\lib\phoebus\phoebus-product\target\lib\spring-beans-5.3.22.jar
[INFO] Copying httpcore-4.4.16.jar to C:\myLocalRepo\phoebus-fnal\lib\phoebus\phoebus-product\target\lib\httpcore-4.4.16.jar
[INFO] Copying jdom2-2.0.6.1.jar to C:\myLocalRepo\phoebus-fnal\lib\phoebus\phoebus-product\target\lib\jdom2-2.0.6.1.jar
[INFO] Copying javax.activation-1.2.0.jar to C:\myLocalRepo\phoebus-fnal\lib\phoebus\phoebus-product\target\lib\javax.activation-1.2.0.jar
[INFO] Copying core-email-5.0.2.jar to C:\myLocalRepo\phoebus-fnal\lib\phoebus\phoebus-product\target\lib\core-email-5.0.2.jar
[INFO] Copying app-alarm-logging-ui-5.0.2.jar to C:\myLocalRepo\phoebus-fnal\lib\phoebus\phoebus-product\target\lib\app-alarm-logging-ui-5.0.2.jar
[INFO] Copying swagger-ui-4.18.2.jar to C:\myLocalRepo\phoebus-fnal\lib\phoebus\phoebus-product\target\lib\swagger-ui-4.18.2.jar
[INFO] Copying slf4j-ext-1.7.6.jar to C:\myLocalRepo\phoebus-fnal\lib\phoebus\phoebus-product\target\lib\slf4j-ext-1.7.6.jar
[INFO] Copying jetty-servlet-9.4.30.v20200611.jar to C:\myLocalRepo\phoebus-fnal\lib\phoebus\phoebus-product\target\lib\jetty-servlet-9.4.30.v20200611.jar
[INFO] Copying epics-ntypes-0.3.9.jar to C:\myLocalRepo\phoebus-fnal\lib\phoebus\phoebus-product\target\lib\epics-ntypes-0.3.9.jar
[INFO] Copying picocontainer-1.2.jar to C:\myLocalRepo\phoebus-fnal\lib\phoebus\phoebus-product\target\lib\picocontainer-1.2.jar
[INFO] Copying jaxb-core-2.3.0.jar to C:\myLocalRepo\phoebus-fnal\lib\phoebus\phoebus-product\target\lib\jaxb-core-2.3.0.jar
[INFO] Copying app-scan-client-5.0.2.jar to C:\myLocalRepo\phoebus-fnal\lib\phoebus\phoebus-product\target\lib\app-scan-client-5.0.2.jar
[INFO] Copying app-logbook-olog-client-es-5.0.2.jar to C:\myLocalRepo\phoebus-fnal\lib\phoebus\phoebus-product\target\lib\app-logbook-olog-client-es-5.0.2.jar
[INFO] Copying epics-util-1.0.7.jar to C:\myLocalRepo\phoebus-fnal\lib\phoebus\phoebus-product\target\lib\epics-util-1.0.7.jar
[INFO] Copying jetty-io-9.4.30.v20200611.jar to C:\myLocalRepo\phoebus-fnal\lib\phoebus\phoebus-product\target\lib\jetty-io-9.4.30.v20200611.jar
[INFO] Copying app-display-linearmeter-5.0.2.jar to C:\myLocalRepo\phoebus-fnal\lib\phoebus\phoebus-product\target\lib\app-display-linearmeter-5.0.2.jar
[INFO] Copying app-display-convert-medm-5.0.2.jar to C:\myLocalRepo\phoebus-fnal\lib\phoebus\phoebus-product\target\lib\app-display-convert-medm-5.0.2.jar
[INFO] Copying jetty-security-9.4.30.v20200611.jar to C:\myLocalRepo\phoebus-fnal\lib\phoebus\phoebus-product\target\lib\jetty-security-9.4.30.v20200611.jar
[INFO] Copying error_prone_annotations-2.3.4.jar to C:\myLocalRepo\phoebus-fnal\lib\phoebus\phoebus-product\target\lib\error_prone_annotations-2.3.4.jar
[INFO] Copying app-display-representation-javafx-5.0.2.jar to C:\myLocalRepo\phoebus-fnal\lib\phoebus\phoebus-product\target\lib\app-display-representation-javafx-5.0.2.jar
[INFO] Copying save-and-restore-5.0.2.jar to C:\myLocalRepo\phoebus-fnal\lib\phoebus\phoebus-product\target\lib\save-and-restore-5.0.2.jar
[INFO] Copying jackson-dataformat-yaml-2.14.2.jar to C:\myLocalRepo\phoebus-fnal\lib\phoebus\phoebus-product\target\lib\jackson-dataformat-yaml-2.14.2.jar
[INFO] Copying elasticsearch-java-8.2.0.jar to C:\myLocalRepo\phoebus-fnal\lib\phoebus\phoebus-product\target\lib\elasticsearch-java-8.2.0.jar
[INFO] Copying tomcat-embed-core-9.0.65.jar to C:\myLocalRepo\phoebus-fnal\lib\phoebus\phoebus-product\target\lib\tomcat-embed-core-9.0.65.jar
[INFO] Copying app-3d-viewer-5.0.2.jar to C:\myLocalRepo\phoebus-fnal\lib\phoebus\phoebus-product\target\lib\app-3d-viewer-5.0.2.jar
[INFO] Copying swagger-core-2.2.9.jar to C:\myLocalRepo\phoebus-fnal\lib\phoebus\phoebus-product\target\lib\swagger-core-2.2.9.jar
[INFO] Copying jakarta.xml.bind-api-2.3.2.jar to C:\myLocalRepo\phoebus-fnal\lib\phoebus\phoebus-product\target\lib\jakarta.xml.bind-api-2.3.2.jar
[INFO] Copying vtype-1.0.7.jar to C:\myLocalRepo\phoebus-fnal\lib\phoebus\phoebus-product\target\lib\vtype-1.0.7.jar
[INFO] Copying log4j-api-2.17.1.jar to C:\myLocalRepo\phoebus-fnal\lib\phoebus\phoebus-product\target\lib\log4j-api-2.17.1.jar
[INFO] Copying core-util-5.0.2.jar to C:\myLocalRepo\phoebus-fnal\lib\phoebus\phoebus-product\target\lib\core-util-5.0.2.jar
[INFO] Copying phoebus-target-5.0.2.jar to C:\myLocalRepo\phoebus-fnal\lib\phoebus\phoebus-product\target\lib\phoebus-target-5.0.2.jar
[INFO] Copying javafx-graphics-21.0.3.jar to C:\myLocalRepo\phoebus-fnal\lib\phoebus\phoebus-product\target\lib\javafx-graphics-21.0.3.jar
[INFO] Copying rxjava-3.0.9.jar to C:\myLocalRepo\phoebus-fnal\lib\phoebus\phoebus-product\target\lib\rxjava-3.0.9.jar
[INFO] Copying jca-2.4.9.jar to C:\myLocalRepo\phoebus-fnal\lib\phoebus\phoebus-product\target\lib\jca-2.4.9.jar
[INFO] Copying protobuf-java-3.21.9.jar to C:\myLocalRepo\phoebus-fnal\lib\phoebus\phoebus-product\target\lib\protobuf-java-3.21.9.jar
[INFO] Copying jakarta.json-api-2.0.1.jar to C:\myLocalRepo\phoebus-fnal\lib\phoebus\phoebus-product\target\lib\jakarta.json-api-2.0.1.jar
[INFO] Copying derby-10.16.1.1.jar to C:\myLocalRepo\phoebus-fnal\lib\phoebus\phoebus-product\target\lib\derby-10.16.1.1.jar
[INFO] Copying jmatio-1.2.jar to C:\myLocalRepo\phoebus-fnal\lib\phoebus\phoebus-product\target\lib\jmatio-1.2.jar
[INFO] Copying app-alarm-datasouce-5.0.2.jar to C:\myLocalRepo\phoebus-fnal\lib\phoebus\phoebus-product\target\lib\app-alarm-datasouce-5.0.2.jar
[INFO] Copying jetty-server-9.4.30.v20200611.jar to C:\myLocalRepo\phoebus-fnal\lib\phoebus\phoebus-product\target\lib\jetty-server-9.4.30.v20200611.jar
[INFO] Copying epics-core-7.0.10.pom to C:\myLocalRepo\phoebus-fnal\lib\phoebus\phoebus-product\target\lib\epics-core-7.0.10.pom
[INFO] Copying app-diag-5.0.2.jar to C:\myLocalRepo\phoebus-fnal\lib\phoebus\phoebus-product\target\lib\app-diag-5.0.2.jar
[INFO] Copying FastInfoset-1.2.13.jar to C:\myLocalRepo\phoebus-fnal\lib\phoebus\phoebus-product\target\lib\FastInfoset-1.2.13.jar
[INFO] Copying app-display-actions-5.0.2.jar to C:\myLocalRepo\phoebus-fnal\lib\phoebus\phoebus-product\target\lib\app-display-actions-5.0.2.jar
[INFO] Copying core-framework-5.0.2.jar to C:\myLocalRepo\phoebus-fnal\lib\phoebus\phoebus-product\target\lib\core-framework-5.0.2.jar
[INFO] Copying app-probe-5.0.2.jar to C:\myLocalRepo\phoebus-fnal\lib\phoebus\phoebus-product\target\lib\app-probe-5.0.2.jar
[INFO] Copying commonmark-ext-gfm-tables-0.15.2.jar to C:\myLocalRepo\phoebus-fnal\lib\phoebus\phoebus-product\target\lib\commonmark-ext-gfm-tables-0.15.2.jar
[INFO] Copying batik-all-1.17.jar to C:\myLocalRepo\phoebus-fnal\lib\phoebus\phoebus-product\target\lib\batik-all-1.17.jar
[INFO] 
[INFO] --- maven-jar-plugin:3.3.0:jar (default-jar) @ product ---
[INFO] Building jar: C:\myLocalRepo\phoebus-fnal\lib\phoebus\phoebus-product\target\product-5.0.2.jar
[INFO] 
[INFO] --- maven-assembly-plugin:3.2.0:single (make-assembly) @ product ---
[INFO] Reading assembly descriptor: src/assembly/package.xml
[ERROR] OS=Windows and the assembly descriptor contains a *nix-specific root-relative reference (starting with slash): /
[ERROR] OS=Windows and the assembly descriptor contains a *nix-specific root-relative reference (starting with slash): /
[ERROR] OS=Windows and the assembly descriptor contains a *nix-specific root-relative reference (starting with slash): /doc
[ERROR] OS=Windows and the assembly descriptor contains a *nix-specific root-relative reference (starting with slash): /lib
[INFO] Building zip: C:\myLocalRepo\phoebus-fnal\lib\phoebus\phoebus-product\target\product-5.0.2.zip
[INFO] 
[INFO] --- maven-failsafe-plugin:2.22.0:integration-test (default) @ product ---
[INFO] Tests are skipped.
[INFO] 
[INFO] --- maven-failsafe-plugin:2.22.0:verify (default) @ product ---
[INFO] Tests are skipped.
[INFO] 
[INFO] --- maven-antrun-plugin:3.0.0:run (default) @ product ---
[INFO] Executing tasks
[WARNING]      [echo] Copying doc/
[INFO] Executed tasks
[INFO] 
[INFO] --- maven-install-plugin:2.4:install (default-install) @ product ---
[INFO] Installing C:\myLocalRepo\phoebus-fnal\lib\phoebus\phoebus-product\target\product-5.0.2.jar to C:\Users\zyuan\.m2\repository\org\phoebus\product\5.0.2\product-5.0.2.jar
[INFO] Installing C:\myLocalRepo\phoebus-fnal\lib\phoebus\phoebus-product\pom.xml to C:\Users\zyuan\.m2\repository\org\phoebus\product\5.0.2\product-5.0.2.pom
[INFO] Installing C:\myLocalRepo\phoebus-fnal\lib\phoebus\phoebus-product\target\product-5.0.2.zip to C:\Users\zyuan\.m2\repository\org\phoebus\product\5.0.2\product-5.0.2.zip
[INFO] 
[INFO] ------------------------< org.phoebus:services >------------------------
[INFO] Building services 5.0.2                                         [96/112]
[INFO]   from lib\phoebus\services\pom.xml
[INFO] --------------------------------[ pom ]---------------------------------
[INFO] 
[INFO] --- maven-clean-plugin:2.5:clean (default-clean) @ services ---
[INFO] 
[INFO] --- git-commit-id-maven-plugin:9.0.1:revision (get-the-git-infos) @ services ---
[INFO] 
[INFO] --- maven-failsafe-plugin:2.22.0:integration-test (default) @ services ---
[INFO] Tests are skipped.
[INFO] 
[INFO] --- maven-failsafe-plugin:2.22.0:verify (default) @ services ---
[INFO] Tests are skipped.
[INFO] 
[INFO] --- maven-install-plugin:2.4:install (default-install) @ services ---
[INFO] Installing C:\myLocalRepo\phoebus-fnal\lib\phoebus\services\pom.xml to C:\Users\zyuan\.m2\repository\org\phoebus\services\5.0.2\services-5.0.2.pom
[INFO] 
[INFO] ------------------< org.phoebus:service-alarm-server >------------------
[INFO] Building service-alarm-server 5.0.2                             [97/112]
[INFO]   from lib\phoebus\services\alarm-server\pom.xml
[INFO] --------------------------------[ jar ]---------------------------------
[INFO] 
[INFO] --- maven-clean-plugin:2.5:clean (default-clean) @ service-alarm-server ---
[INFO] Deleting C:\myLocalRepo\phoebus-fnal\lib\phoebus\services\alarm-server\target
[INFO] 
[INFO] --- git-commit-id-maven-plugin:9.0.1:revision (get-the-git-infos) @ service-alarm-server ---
[INFO] 
[INFO] --- maven-resources-plugin:2.6:resources (default-resources) @ service-alarm-server ---
[INFO] Using 'UTF-8' encoding to copy filtered resources.
[INFO] Copying 1 resource
[INFO] 
[INFO] --- maven-compiler-plugin:3.6.2:compile (default-compile) @ service-alarm-server ---
[INFO] Changes detected - recompiling the module!
[INFO] Compiling 22 source files to C:\myLocalRepo\phoebus-fnal\lib\phoebus\services\alarm-server\target\classes
[INFO] 
[INFO] --- maven-resources-plugin:2.6:testResources (default-testResources) @ service-alarm-server ---
[INFO] Using 'UTF-8' encoding to copy filtered resources.
[INFO] Copying 1 resource
[INFO] 
[INFO] --- maven-compiler-plugin:3.6.2:testCompile (default-testCompile) @ service-alarm-server ---
[INFO] Changes detected - recompiling the module!
[INFO] Compiling 7 source files to C:\myLocalRepo\phoebus-fnal\lib\phoebus\services\alarm-server\target\test-classes
[INFO] 
[INFO] --- maven-surefire-plugin:3.0.0-M7:test (default-test) @ service-alarm-server ---
[INFO] Tests are skipped.
[INFO] 
[INFO] --- maven-dependency-plugin:2.8:copy-dependencies (copy-dependencies) @ service-alarm-server ---
[INFO] Copying epics-pvdata-6.1.9.jar to C:\myLocalRepo\phoebus-fnal\lib\phoebus\services\alarm-server\target\lib\epics-pvdata-6.1.9.jar
[INFO] Copying hamcrest-all-1.3.jar to C:\myLocalRepo\phoebus-fnal\lib\phoebus\services\alarm-server\target\lib\hamcrest-all-1.3.jar
[INFO] Copying epics-util-1.0.7.jar to C:\myLocalRepo\phoebus-fnal\lib\phoebus\services\alarm-server\target\lib\epics-util-1.0.7.jar
[INFO] Copying jackson-annotations-2.12.3.jar to C:\myLocalRepo\phoebus-fnal\lib\phoebus\services\alarm-server\target\lib\jackson-annotations-2.12.3.jar
[INFO] Copying junit-platform-commons-1.8.2.jar to C:\myLocalRepo\phoebus-fnal\lib\phoebus\services\alarm-server\target\lib\junit-platform-commons-1.8.2.jar
[INFO] Copying lz4-java-1.8.0.jar to C:\myLocalRepo\phoebus-fnal\lib\phoebus\services\alarm-server\target\lib\lz4-java-1.8.0.jar
[INFO] Copying junit-platform-engine-1.8.2.jar to C:\myLocalRepo\phoebus-fnal\lib\phoebus\services\alarm-server\target\lib\junit-platform-engine-1.8.2.jar
[INFO] Copying kafka-streams-3.6.1.jar to C:\myLocalRepo\phoebus-fnal\lib\phoebus\services\alarm-server\target\lib\kafka-streams-3.6.1.jar
[INFO] Copying javax.ws.rs-api-2.1.jar to C:\myLocalRepo\phoebus-fnal\lib\phoebus\services\alarm-server\target\lib\javax.ws.rs-api-2.1.jar
[INFO] Copying reactive-streams-1.0.3.jar to C:\myLocalRepo\phoebus-fnal\lib\phoebus\services\alarm-server\target\lib\reactive-streams-1.0.3.jar
[INFO] Copying commons-lang3-3.14.0.jar to C:\myLocalRepo\phoebus-fnal\lib\phoebus\services\alarm-server\target\lib\commons-lang3-3.14.0.jar
[INFO] Copying activation-1.1.jar to C:\myLocalRepo\phoebus-fnal\lib\phoebus\services\alarm-server\target\lib\activation-1.1.jar
[INFO] Copying junit-jupiter-5.8.2.jar to C:\myLocalRepo\phoebus-fnal\lib\phoebus\services\alarm-server\target\lib\junit-jupiter-5.8.2.jar
[INFO] Copying opentest4j-1.2.0.jar to C:\myLocalRepo\phoebus-fnal\lib\phoebus\services\alarm-server\target\lib\opentest4j-1.2.0.jar
[INFO] Copying epics-pvaccess-5.1.9.jar to C:\myLocalRepo\phoebus-fnal\lib\phoebus\services\alarm-server\target\lib\epics-pvaccess-5.1.9.jar
[INFO] Copying kafka-clients-3.6.1.jar to C:\myLocalRepo\phoebus-fnal\lib\phoebus\services\alarm-server\target\lib\kafka-clients-3.6.1.jar
[INFO] Copying core-pv-pva-5.0.2.jar to C:\myLocalRepo\phoebus-fnal\lib\phoebus\services\alarm-server\target\lib\core-pv-pva-5.0.2.jar
[INFO] Copying commons-codec-1.16.1.jar to C:\myLocalRepo\phoebus-fnal\lib\phoebus\services\alarm-server\target\lib\commons-codec-1.16.1.jar
[INFO] Copying core-vtype-5.0.2.jar to C:\myLocalRepo\phoebus-fnal\lib\phoebus\services\alarm-server\target\lib\core-vtype-5.0.2.jar
[INFO] Copying junit-jupiter-api-5.8.2.jar to C:\myLocalRepo\phoebus-fnal\lib\phoebus\services\alarm-server\target\lib\junit-jupiter-api-5.8.2.jar
[INFO] Copying commons-io-2.15.1.jar to C:\myLocalRepo\phoebus-fnal\lib\phoebus\services\alarm-server\target\lib\commons-io-2.15.1.jar
[INFO] Copying app-alarm-model-5.0.2.jar to C:\myLocalRepo\phoebus-fnal\lib\phoebus\services\alarm-server\target\lib\app-alarm-model-5.0.2.jar
[INFO] Copying slf4j-jdk14-1.7.28.jar to C:\myLocalRepo\phoebus-fnal\lib\phoebus\services\alarm-server\target\lib\slf4j-jdk14-1.7.28.jar
[INFO] Copying core-pv-5.0.2.jar to C:\myLocalRepo\phoebus-fnal\lib\phoebus\services\alarm-server\target\lib\core-pv-5.0.2.jar
[INFO] Copying vtype-1.0.7.jar to C:\myLocalRepo\phoebus-fnal\lib\phoebus\services\alarm-server\target\lib\vtype-1.0.7.jar
[INFO] Copying core-pv-ca-5.0.2.jar to C:\myLocalRepo\phoebus-fnal\lib\phoebus\services\alarm-server\target\lib\core-pv-ca-5.0.2.jar
[INFO] Copying jackson-datatype-jsr310-2.12.3.jar to C:\myLocalRepo\phoebus-fnal\lib\phoebus\services\alarm-server\target\lib\jackson-datatype-jsr310-2.12.3.jar
[INFO] Copying core-util-5.0.2.jar to C:\myLocalRepo\phoebus-fnal\lib\phoebus\services\alarm-server\target\lib\core-util-5.0.2.jar
[INFO] Copying javax.mail-1.6.1.jar to C:\myLocalRepo\phoebus-fnal\lib\phoebus\services\alarm-server\target\lib\javax.mail-1.6.1.jar
[INFO] Copying jackson-core-2.12.3.jar to C:\myLocalRepo\phoebus-fnal\lib\phoebus\services\alarm-server\target\lib\jackson-core-2.12.3.jar
[INFO] Copying core-formula-5.0.2.jar to C:\myLocalRepo\phoebus-fnal\lib\phoebus\services\alarm-server\target\lib\core-formula-5.0.2.jar
[INFO] Copying commons-compress-1.26.1.jar to C:\myLocalRepo\phoebus-fnal\lib\phoebus\services\alarm-server\target\lib\commons-compress-1.26.1.jar
[INFO] Copying snappy-java-1.1.10.5.jar to C:\myLocalRepo\phoebus-fnal\lib\phoebus\services\alarm-server\target\lib\snappy-java-1.1.10.5.jar
[INFO] Copying rocksdbjni-7.9.2.jar to C:\myLocalRepo\phoebus-fnal\lib\phoebus\services\alarm-server\target\lib\rocksdbjni-7.9.2.jar
[INFO] Copying rxjava-3.0.9.jar to C:\myLocalRepo\phoebus-fnal\lib\phoebus\services\alarm-server\target\lib\rxjava-3.0.9.jar
[INFO] Copying slf4j-api-1.7.28.jar to C:\myLocalRepo\phoebus-fnal\lib\phoebus\services\alarm-server\target\lib\slf4j-api-1.7.28.jar
[INFO] Copying jca-2.4.9.jar to C:\myLocalRepo\phoebus-fnal\lib\phoebus\services\alarm-server\target\lib\jca-2.4.9.jar
[INFO] Copying core-pva-5.0.2.jar to C:\myLocalRepo\phoebus-fnal\lib\phoebus\services\alarm-server\target\lib\core-pva-5.0.2.jar
[INFO] Copying apiguardian-api-1.1.2.jar to C:\myLocalRepo\phoebus-fnal\lib\phoebus\services\alarm-server\target\lib\apiguardian-api-1.1.2.jar
[INFO] Copying core-email-5.0.2.jar to C:\myLocalRepo\phoebus-fnal\lib\phoebus\services\alarm-server\target\lib\core-email-5.0.2.jar
[INFO] Copying zstd-jni-1.5.5-1.jar to C:\myLocalRepo\phoebus-fnal\lib\phoebus\services\alarm-server\target\lib\zstd-jni-1.5.5-1.jar
[INFO] Copying junit-jupiter-params-5.8.2.jar to C:\myLocalRepo\phoebus-fnal\lib\phoebus\services\alarm-server\target\lib\junit-jupiter-params-5.8.2.jar
[INFO] Copying epics-core-7.0.10.pom to C:\myLocalRepo\phoebus-fnal\lib\phoebus\services\alarm-server\target\lib\epics-core-7.0.10.pom
[INFO] Copying junit-jupiter-engine-5.8.2.jar to C:\myLocalRepo\phoebus-fnal\lib\phoebus\services\alarm-server\target\lib\junit-jupiter-engine-5.8.2.jar
[INFO] Copying core-framework-5.0.2.jar to C:\myLocalRepo\phoebus-fnal\lib\phoebus\services\alarm-server\target\lib\core-framework-5.0.2.jar
[INFO] Copying jackson-databind-2.12.3.jar to C:\myLocalRepo\phoebus-fnal\lib\phoebus\services\alarm-server\target\lib\jackson-databind-2.12.3.jar
[INFO] Copying epics-ntypes-0.3.9.jar to C:\myLocalRepo\phoebus-fnal\lib\phoebus\services\alarm-server\target\lib\epics-ntypes-0.3.9.jar
[INFO] 
[INFO] --- maven-jar-plugin:3.3.0:jar (default-jar) @ service-alarm-server ---
[INFO] Building jar: C:\myLocalRepo\phoebus-fnal\lib\phoebus\services\alarm-server\target\service-alarm-server-5.0.2.jar
[INFO] 
[INFO] --- maven-assembly-plugin:3.5.0:single (make-assembly) @ service-alarm-server ---
[INFO] Reading assembly descriptor: src/main/assembly/assembly.xml
[INFO] Building tar: C:\myLocalRepo\phoebus-fnal\lib\phoebus\services\alarm-server\target\service-alarm-server-5.0.2-bin.tar.gz
[INFO] 
[INFO] --- maven-failsafe-plugin:2.22.0:integration-test (default) @ service-alarm-server ---
[INFO] Tests are skipped.
[INFO] 
[INFO] --- maven-failsafe-plugin:2.22.0:verify (default) @ service-alarm-server ---
[INFO] Tests are skipped.
[INFO] 
[INFO] --- maven-install-plugin:2.4:install (default-install) @ service-alarm-server ---
[INFO] Installing C:\myLocalRepo\phoebus-fnal\lib\phoebus\services\alarm-server\target\service-alarm-server-5.0.2.jar to C:\Users\zyuan\.m2\repository\org\phoebus\service-alarm-server\5.0.2\service-alarm-server-5.0.2.jar
[INFO] Installing C:\myLocalRepo\phoebus-fnal\lib\phoebus\services\alarm-server\pom.xml to C:\Users\zyuan\.m2\repository\org\phoebus\service-alarm-server\5.0.2\service-alarm-server-5.0.2.pom
[INFO] Installing C:\myLocalRepo\phoebus-fnal\lib\phoebus\services\alarm-server\target\service-alarm-server-5.0.2-bin.tar.gz to C:\Users\zyuan\.m2\repository\org\phoebus\service-alarm-server\5.0.2\service-alarm-server-5.0.2-bin.tar.gz
[INFO] 
[INFO] -----------------< org.phoebus:service-archive-engine >-----------------
[INFO] Building service-archive-engine 5.0.2                           [98/112]
[INFO]   from lib\phoebus\services\archive-engine\pom.xml
[INFO] --------------------------------[ jar ]---------------------------------
[INFO] 
[INFO] --- maven-clean-plugin:2.5:clean (default-clean) @ service-archive-engine ---
[INFO] Deleting C:\myLocalRepo\phoebus-fnal\lib\phoebus\services\archive-engine\target
[INFO] 
[INFO] --- git-commit-id-maven-plugin:9.0.1:revision (get-the-git-infos) @ service-archive-engine ---
[INFO] 
[INFO] --- maven-resources-plugin:2.6:resources (default-resources) @ service-archive-engine ---
[INFO] Using 'UTF-8' encoding to copy filtered resources.
[INFO] Copying 8 resources
[INFO] 
[INFO] --- maven-compiler-plugin:3.6.2:compile (default-compile) @ service-archive-engine ---
[INFO] Changes detected - recompiling the module!
[INFO] Compiling 50 source files to C:\myLocalRepo\phoebus-fnal\lib\phoebus\services\archive-engine\target\classes
[INFO] 
[INFO] --- maven-resources-plugin:2.6:testResources (default-testResources) @ service-archive-engine ---
[INFO] Using 'UTF-8' encoding to copy filtered resources.
[INFO] skip non existing resourceDirectory C:\myLocalRepo\phoebus-fnal\lib\phoebus\services\archive-engine\src\test\resources
[INFO] 
[INFO] --- maven-compiler-plugin:3.6.2:testCompile (default-testCompile) @ service-archive-engine ---
[INFO] Changes detected - recompiling the module!
[INFO] Compiling 1 source file to C:\myLocalRepo\phoebus-fnal\lib\phoebus\services\archive-engine\target\test-classes
[INFO] 
[INFO] --- maven-surefire-plugin:3.0.0-M7:test (default-test) @ service-archive-engine ---
[INFO] Tests are skipped.
[INFO] 
[INFO] --- maven-dependency-plugin:2.8:copy-dependencies (copy-dependencies) @ service-archive-engine ---
[INFO] Copying jetty-http-9.4.30.v20200611.jar to C:\myLocalRepo\phoebus-fnal\lib\phoebus\services\archive-engine\target\lib\jetty-http-9.4.30.v20200611.jar
[INFO] Copying epics-pvdata-6.1.9.jar to C:\myLocalRepo\phoebus-fnal\lib\phoebus\services\archive-engine\target\lib\epics-pvdata-6.1.9.jar
[INFO] Copying hamcrest-all-1.3.jar to C:\myLocalRepo\phoebus-fnal\lib\phoebus\services\archive-engine\target\lib\hamcrest-all-1.3.jar
[INFO] Copying epics-util-1.0.7.jar to C:\myLocalRepo\phoebus-fnal\lib\phoebus\services\archive-engine\target\lib\epics-util-1.0.7.jar
[INFO] Copying jetty-io-9.4.30.v20200611.jar to C:\myLocalRepo\phoebus-fnal\lib\phoebus\services\archive-engine\target\lib\jetty-io-9.4.30.v20200611.jar
[INFO] Copying jackson-annotations-2.12.3.jar to C:\myLocalRepo\phoebus-fnal\lib\phoebus\services\archive-engine\target\lib\jackson-annotations-2.12.3.jar
[INFO] Copying junit-platform-commons-1.8.2.jar to C:\myLocalRepo\phoebus-fnal\lib\phoebus\services\archive-engine\target\lib\junit-platform-commons-1.8.2.jar
[INFO] Copying junit-platform-engine-1.8.2.jar to C:\myLocalRepo\phoebus-fnal\lib\phoebus\services\archive-engine\target\lib\junit-platform-engine-1.8.2.jar
[INFO] Copying jetty-security-9.4.30.v20200611.jar to C:\myLocalRepo\phoebus-fnal\lib\phoebus\services\archive-engine\target\lib\jetty-security-9.4.30.v20200611.jar
[INFO] Copying javax.ws.rs-api-2.1.jar to C:\myLocalRepo\phoebus-fnal\lib\phoebus\services\archive-engine\target\lib\javax.ws.rs-api-2.1.jar
[INFO] Copying reactive-streams-1.0.3.jar to C:\myLocalRepo\phoebus-fnal\lib\phoebus\services\archive-engine\target\lib\reactive-streams-1.0.3.jar
[INFO] Copying mysql-connector-j-8.4.0.jar to C:\myLocalRepo\phoebus-fnal\lib\phoebus\services\archive-engine\target\lib\mysql-connector-j-8.4.0.jar
[INFO] Copying commons-lang3-3.14.0.jar to C:\myLocalRepo\phoebus-fnal\lib\phoebus\services\archive-engine\target\lib\commons-lang3-3.14.0.jar
[INFO] Copying junit-jupiter-5.8.2.jar to C:\myLocalRepo\phoebus-fnal\lib\phoebus\services\archive-engine\target\lib\junit-jupiter-5.8.2.jar
[INFO] Copying opentest4j-1.2.0.jar to C:\myLocalRepo\phoebus-fnal\lib\phoebus\services\archive-engine\target\lib\opentest4j-1.2.0.jar
[INFO] Copying epics-pvaccess-5.1.9.jar to C:\myLocalRepo\phoebus-fnal\lib\phoebus\services\archive-engine\target\lib\epics-pvaccess-5.1.9.jar
[INFO] Copying core-pv-pva-5.0.2.jar to C:\myLocalRepo\phoebus-fnal\lib\phoebus\services\archive-engine\target\lib\core-pv-pva-5.0.2.jar
[INFO] Copying checker-qual-3.31.0.jar to C:\myLocalRepo\phoebus-fnal\lib\phoebus\services\archive-engine\target\lib\checker-qual-3.31.0.jar
[INFO] Copying commons-codec-1.16.1.jar to C:\myLocalRepo\phoebus-fnal\lib\phoebus\services\archive-engine\target\lib\commons-codec-1.16.1.jar
[INFO] Copying core-vtype-5.0.2.jar to C:\myLocalRepo\phoebus-fnal\lib\phoebus\services\archive-engine\target\lib\core-vtype-5.0.2.jar
[INFO] Copying junit-jupiter-api-5.8.2.jar to C:\myLocalRepo\phoebus-fnal\lib\phoebus\services\archive-engine\target\lib\junit-jupiter-api-5.8.2.jar
[INFO] Copying commons-io-2.15.1.jar to C:\myLocalRepo\phoebus-fnal\lib\phoebus\services\archive-engine\target\lib\commons-io-2.15.1.jar
[INFO] Copying core-pv-5.0.2.jar to C:\myLocalRepo\phoebus-fnal\lib\phoebus\services\archive-engine\target\lib\core-pv-5.0.2.jar
[INFO] Copying vtype-1.0.7.jar to C:\myLocalRepo\phoebus-fnal\lib\phoebus\services\archive-engine\target\lib\vtype-1.0.7.jar
[INFO] Copying core-pv-ca-5.0.2.jar to C:\myLocalRepo\phoebus-fnal\lib\phoebus\services\archive-engine\target\lib\core-pv-ca-5.0.2.jar
[INFO] Copying core-util-5.0.2.jar to C:\myLocalRepo\phoebus-fnal\lib\phoebus\services\archive-engine\target\lib\core-util-5.0.2.jar
[INFO] Copying jackson-core-2.12.3.jar to C:\myLocalRepo\phoebus-fnal\lib\phoebus\services\archive-engine\target\lib\jackson-core-2.12.3.jar
[INFO] Copying core-formula-5.0.2.jar to C:\myLocalRepo\phoebus-fnal\lib\phoebus\services\archive-engine\target\lib\core-formula-5.0.2.jar
[INFO] Copying commons-compress-1.26.1.jar to C:\myLocalRepo\phoebus-fnal\lib\phoebus\services\archive-engine\target\lib\commons-compress-1.26.1.jar
[INFO] Copying rxjava-3.0.9.jar to C:\myLocalRepo\phoebus-fnal\lib\phoebus\services\archive-engine\target\lib\rxjava-3.0.9.jar
[INFO] Copying javax.servlet-api-3.1.0.jar to C:\myLocalRepo\phoebus-fnal\lib\phoebus\services\archive-engine\target\lib\javax.servlet-api-3.1.0.jar
[INFO] Copying jetty-util-9.4.30.v20200611.jar to C:\myLocalRepo\phoebus-fnal\lib\phoebus\services\archive-engine\target\lib\jetty-util-9.4.30.v20200611.jar
[INFO] Copying jca-2.4.9.jar to C:\myLocalRepo\phoebus-fnal\lib\phoebus\services\archive-engine\target\lib\jca-2.4.9.jar
[INFO] Copying core-pva-5.0.2.jar to C:\myLocalRepo\phoebus-fnal\lib\phoebus\services\archive-engine\target\lib\core-pva-5.0.2.jar
[INFO] Copying apiguardian-api-1.1.2.jar to C:\myLocalRepo\phoebus-fnal\lib\phoebus\services\archive-engine\target\lib\apiguardian-api-1.1.2.jar
[INFO] Copying junit-jupiter-params-5.8.2.jar to C:\myLocalRepo\phoebus-fnal\lib\phoebus\services\archive-engine\target\lib\junit-jupiter-params-5.8.2.jar
[INFO] Copying protobuf-java-3.25.1.jar to C:\myLocalRepo\phoebus-fnal\lib\phoebus\services\archive-engine\target\lib\protobuf-java-3.25.1.jar
[INFO] Copying jetty-server-9.4.30.v20200611.jar to C:\myLocalRepo\phoebus-fnal\lib\phoebus\services\archive-engine\target\lib\jetty-server-9.4.30.v20200611.jar
[INFO] Copying epics-core-7.0.10.pom to C:\myLocalRepo\phoebus-fnal\lib\phoebus\services\archive-engine\target\lib\epics-core-7.0.10.pom
[INFO] Copying junit-jupiter-engine-5.8.2.jar to C:\myLocalRepo\phoebus-fnal\lib\phoebus\services\archive-engine\target\lib\junit-jupiter-engine-5.8.2.jar
[INFO] Copying postgresql-42.6.2.jar to C:\myLocalRepo\phoebus-fnal\lib\phoebus\services\archive-engine\target\lib\postgresql-42.6.2.jar
[INFO] Copying core-framework-5.0.2.jar to C:\myLocalRepo\phoebus-fnal\lib\phoebus\services\archive-engine\target\lib\core-framework-5.0.2.jar
[INFO] Copying jackson-databind-2.12.3.jar to C:\myLocalRepo\phoebus-fnal\lib\phoebus\services\archive-engine\target\lib\jackson-databind-2.12.3.jar
[INFO] Copying jetty-servlet-9.4.30.v20200611.jar to C:\myLocalRepo\phoebus-fnal\lib\phoebus\services\archive-engine\target\lib\jetty-servlet-9.4.30.v20200611.jar
[INFO] Copying epics-ntypes-0.3.9.jar to C:\myLocalRepo\phoebus-fnal\lib\phoebus\services\archive-engine\target\lib\epics-ntypes-0.3.9.jar
[INFO] 
[INFO] --- maven-jar-plugin:3.3.0:jar (default-jar) @ service-archive-engine ---
[INFO] Building jar: C:\myLocalRepo\phoebus-fnal\lib\phoebus\services\archive-engine\target\service-archive-engine-5.0.2.jar
[INFO] 
[INFO] --- maven-failsafe-plugin:2.22.0:integration-test (default) @ service-archive-engine ---
[INFO] Tests are skipped.
[INFO] 
[INFO] --- maven-failsafe-plugin:2.22.0:verify (default) @ service-archive-engine ---
[INFO] Tests are skipped.
[INFO] 
[INFO] --- maven-install-plugin:2.4:install (default-install) @ service-archive-engine ---
[INFO] Installing C:\myLocalRepo\phoebus-fnal\lib\phoebus\services\archive-engine\target\service-archive-engine-5.0.2.jar to C:\Users\zyuan\.m2\repository\org\phoebus\service-archive-engine\5.0.2\service-archive-engine-5.0.2.jar
[INFO] Installing C:\myLocalRepo\phoebus-fnal\lib\phoebus\services\archive-engine\pom.xml to C:\Users\zyuan\.m2\repository\org\phoebus\service-archive-engine\5.0.2\service-archive-engine-5.0.2.pom
[INFO] 
[INFO] ------------------< org.phoebus:service-scan-server >-------------------
[INFO] Building service-scan-server 5.0.2                              [99/112]
[INFO]   from lib\phoebus\services\scan-server\pom.xml
[INFO] --------------------------------[ jar ]---------------------------------
[INFO] 
[INFO] --- maven-clean-plugin:2.5:clean (default-clean) @ service-scan-server ---
[INFO] Deleting C:\myLocalRepo\phoebus-fnal\lib\phoebus\services\scan-server\target
[INFO] 
[INFO] --- git-commit-id-maven-plugin:9.0.1:revision (get-the-git-infos) @ service-scan-server ---
[INFO] 
[INFO] --- maven-resources-plugin:2.6:resources (default-resources) @ service-scan-server ---
[INFO] Using 'UTF-8' encoding to copy filtered resources.
[INFO] Copying 30 resources
[INFO] 
[INFO] --- maven-compiler-plugin:3.6.2:compile (default-compile) @ service-scan-server ---
[INFO] Changes detected - recompiling the module!
[INFO] Compiling 63 source files to C:\myLocalRepo\phoebus-fnal\lib\phoebus\services\scan-server\target\classes
[INFO] 
[INFO] --- maven-resources-plugin:2.6:testResources (default-testResources) @ service-scan-server ---
[INFO] Using 'UTF-8' encoding to copy filtered resources.
[INFO] skip non existing resourceDirectory C:\myLocalRepo\phoebus-fnal\lib\phoebus\services\scan-server\src\test\resources
[INFO] 
[INFO] --- maven-compiler-plugin:3.6.2:testCompile (default-testCompile) @ service-scan-server ---
[INFO] Changes detected - recompiling the module!
[INFO] Compiling 7 source files to C:\myLocalRepo\phoebus-fnal\lib\phoebus\services\scan-server\target\test-classes
[INFO] 
[INFO] --- maven-surefire-plugin:3.0.0-M7:test (default-test) @ service-scan-server ---
[INFO] Tests are skipped.
[INFO] 
[INFO] --- maven-dependency-plugin:2.8:copy-dependencies (copy-dependencies) @ service-scan-server ---
[INFO] Copying jetty-http-9.4.30.v20200611.jar to C:\myLocalRepo\phoebus-fnal\lib\phoebus\services\scan-server\target\lib\jetty-http-9.4.30.v20200611.jar
[INFO] Copying epics-pvdata-6.1.9.jar to C:\myLocalRepo\phoebus-fnal\lib\phoebus\services\scan-server\target\lib\epics-pvdata-6.1.9.jar
[INFO] Copying hamcrest-all-1.3.jar to C:\myLocalRepo\phoebus-fnal\lib\phoebus\services\scan-server\target\lib\hamcrest-all-1.3.jar
[INFO] Copying epics-util-1.0.7.jar to C:\myLocalRepo\phoebus-fnal\lib\phoebus\services\scan-server\target\lib\epics-util-1.0.7.jar
[INFO] Copying jetty-io-9.4.30.v20200611.jar to C:\myLocalRepo\phoebus-fnal\lib\phoebus\services\scan-server\target\lib\jetty-io-9.4.30.v20200611.jar
[INFO] Copying junit-platform-commons-1.8.2.jar to C:\myLocalRepo\phoebus-fnal\lib\phoebus\services\scan-server\target\lib\junit-platform-commons-1.8.2.jar
[INFO] Copying junit-platform-engine-1.8.2.jar to C:\myLocalRepo\phoebus-fnal\lib\phoebus\services\scan-server\target\lib\junit-platform-engine-1.8.2.jar
[INFO] Copying jetty-security-9.4.30.v20200611.jar to C:\myLocalRepo\phoebus-fnal\lib\phoebus\services\scan-server\target\lib\jetty-security-9.4.30.v20200611.jar
[INFO] Copying javax.ws.rs-api-2.1.jar to C:\myLocalRepo\phoebus-fnal\lib\phoebus\services\scan-server\target\lib\javax.ws.rs-api-2.1.jar
[INFO] Copying rxjava-2.1.14.jar to C:\myLocalRepo\phoebus-fnal\lib\phoebus\services\scan-server\target\lib\rxjava-2.1.14.jar
[INFO] Copying commons-lang3-3.14.0.jar to C:\myLocalRepo\phoebus-fnal\lib\phoebus\services\scan-server\target\lib\commons-lang3-3.14.0.jar
[INFO] Copying junit-jupiter-5.8.2.jar to C:\myLocalRepo\phoebus-fnal\lib\phoebus\services\scan-server\target\lib\junit-jupiter-5.8.2.jar
[INFO] Copying opentest4j-1.2.0.jar to C:\myLocalRepo\phoebus-fnal\lib\phoebus\services\scan-server\target\lib\opentest4j-1.2.0.jar
[INFO] Copying jython-standalone-2.7.4b1.jar to C:\myLocalRepo\phoebus-fnal\lib\phoebus\services\scan-server\target\lib\jython-standalone-2.7.4b1.jar
[INFO] Copying derbytools-10.16.1.1.jar to C:\myLocalRepo\phoebus-fnal\lib\phoebus\services\scan-server\target\lib\derbytools-10.16.1.1.jar
[INFO] Copying epics-pvaccess-5.1.9.jar to C:\myLocalRepo\phoebus-fnal\lib\phoebus\services\scan-server\target\lib\epics-pvaccess-5.1.9.jar
[INFO] Copying core-pv-pva-5.0.2.jar to C:\myLocalRepo\phoebus-fnal\lib\phoebus\services\scan-server\target\lib\core-pv-pva-5.0.2.jar
[INFO] Copying commons-codec-1.16.1.jar to C:\myLocalRepo\phoebus-fnal\lib\phoebus\services\scan-server\target\lib\commons-codec-1.16.1.jar
[INFO] Copying core-vtype-5.0.2.jar to C:\myLocalRepo\phoebus-fnal\lib\phoebus\services\scan-server\target\lib\core-vtype-5.0.2.jar
[INFO] Copying junit-jupiter-api-5.8.2.jar to C:\myLocalRepo\phoebus-fnal\lib\phoebus\services\scan-server\target\lib\junit-jupiter-api-5.8.2.jar
[INFO] Copying commons-io-2.15.1.jar to C:\myLocalRepo\phoebus-fnal\lib\phoebus\services\scan-server\target\lib\commons-io-2.15.1.jar
[INFO] Copying core-pv-5.0.2.jar to C:\myLocalRepo\phoebus-fnal\lib\phoebus\services\scan-server\target\lib\core-pv-5.0.2.jar
[INFO] Copying vtype-1.0.7.jar to C:\myLocalRepo\phoebus-fnal\lib\phoebus\services\scan-server\target\lib\vtype-1.0.7.jar
[INFO] Copying core-pv-ca-5.0.2.jar to C:\myLocalRepo\phoebus-fnal\lib\phoebus\services\scan-server\target\lib\core-pv-ca-5.0.2.jar
[INFO] Copying core-util-5.0.2.jar to C:\myLocalRepo\phoebus-fnal\lib\phoebus\services\scan-server\target\lib\core-util-5.0.2.jar
[INFO] Copying core-formula-5.0.2.jar to C:\myLocalRepo\phoebus-fnal\lib\phoebus\services\scan-server\target\lib\core-formula-5.0.2.jar
[INFO] Copying commons-compress-1.26.1.jar to C:\myLocalRepo\phoebus-fnal\lib\phoebus\services\scan-server\target\lib\commons-compress-1.26.1.jar
[INFO] Copying rxjava-3.0.9.jar to C:\myLocalRepo\phoebus-fnal\lib\phoebus\services\scan-server\target\lib\rxjava-3.0.9.jar
[INFO] Copying javax.servlet-api-3.1.0.jar to C:\myLocalRepo\phoebus-fnal\lib\phoebus\services\scan-server\target\lib\javax.servlet-api-3.1.0.jar
[INFO] Copying jetty-util-9.4.30.v20200611.jar to C:\myLocalRepo\phoebus-fnal\lib\phoebus\services\scan-server\target\lib\jetty-util-9.4.30.v20200611.jar
[INFO] Copying app-scan-model-5.0.2.jar to C:\myLocalRepo\phoebus-fnal\lib\phoebus\services\scan-server\target\lib\app-scan-model-5.0.2.jar
[INFO] Copying jca-2.4.9.jar to C:\myLocalRepo\phoebus-fnal\lib\phoebus\services\scan-server\target\lib\jca-2.4.9.jar
[INFO] Copying derby-10.16.1.1.jar to C:\myLocalRepo\phoebus-fnal\lib\phoebus\services\scan-server\target\lib\derby-10.16.1.1.jar
[INFO] Copying core-pva-5.0.2.jar to C:\myLocalRepo\phoebus-fnal\lib\phoebus\services\scan-server\target\lib\core-pva-5.0.2.jar
[INFO] Copying apiguardian-api-1.1.2.jar to C:\myLocalRepo\phoebus-fnal\lib\phoebus\services\scan-server\target\lib\apiguardian-api-1.1.2.jar
[INFO] Copying reactive-streams-1.0.2.jar to C:\myLocalRepo\phoebus-fnal\lib\phoebus\services\scan-server\target\lib\reactive-streams-1.0.2.jar
[INFO] Copying junit-jupiter-params-5.8.2.jar to C:\myLocalRepo\phoebus-fnal\lib\phoebus\services\scan-server\target\lib\junit-jupiter-params-5.8.2.jar
[INFO] Copying jetty-server-9.4.30.v20200611.jar to C:\myLocalRepo\phoebus-fnal\lib\phoebus\services\scan-server\target\lib\jetty-server-9.4.30.v20200611.jar
[INFO] Copying epics-core-7.0.10.pom to C:\myLocalRepo\phoebus-fnal\lib\phoebus\services\scan-server\target\lib\epics-core-7.0.10.pom
[INFO] Copying junit-jupiter-engine-5.8.2.jar to C:\myLocalRepo\phoebus-fnal\lib\phoebus\services\scan-server\target\lib\junit-jupiter-engine-5.8.2.jar
[INFO] Copying derbyshared-10.16.1.1.jar to C:\myLocalRepo\phoebus-fnal\lib\phoebus\services\scan-server\target\lib\derbyshared-10.16.1.1.jar
[INFO] Copying core-framework-5.0.2.jar to C:\myLocalRepo\phoebus-fnal\lib\phoebus\services\scan-server\target\lib\core-framework-5.0.2.jar
[INFO] Copying jetty-servlet-9.4.30.v20200611.jar to C:\myLocalRepo\phoebus-fnal\lib\phoebus\services\scan-server\target\lib\jetty-servlet-9.4.30.v20200611.jar
[INFO] Copying epics-ntypes-0.3.9.jar to C:\myLocalRepo\phoebus-fnal\lib\phoebus\services\scan-server\target\lib\epics-ntypes-0.3.9.jar
[INFO] 
[INFO] --- maven-jar-plugin:3.3.0:jar (default-jar) @ service-scan-server ---
[INFO] Building jar: C:\myLocalRepo\phoebus-fnal\lib\phoebus\services\scan-server\target\service-scan-server-5.0.2.jar
[INFO] 
[INFO] --- maven-failsafe-plugin:2.22.0:integration-test (default) @ service-scan-server ---
[INFO] Tests are skipped.
[INFO] 
[INFO] --- maven-failsafe-plugin:2.22.0:verify (default) @ service-scan-server ---
[INFO] Tests are skipped.
[INFO] 
[INFO] --- maven-install-plugin:2.4:install (default-install) @ service-scan-server ---
[INFO] Installing C:\myLocalRepo\phoebus-fnal\lib\phoebus\services\scan-server\target\service-scan-server-5.0.2.jar to C:\Users\zyuan\.m2\repository\org\phoebus\service-scan-server\5.0.2\service-scan-server-5.0.2.jar
[INFO] Installing C:\myLocalRepo\phoebus-fnal\lib\phoebus\services\scan-server\pom.xml to C:\Users\zyuan\.m2\repository\org\phoebus\service-scan-server\5.0.2\service-scan-server-5.0.2.pom
[INFO] 
[INFO] ------------------< org.phoebus:service-alarm-logger >------------------
[INFO] Building service-alarm-logger 5.0.2                            [100/112]
[INFO]   from lib\phoebus\services\alarm-logger\pom.xml
[INFO] --------------------------------[ jar ]---------------------------------
[INFO] 
[INFO] --- maven-clean-plugin:2.5:clean (default-clean) @ service-alarm-logger ---
[INFO] Deleting C:\myLocalRepo\phoebus-fnal\lib\phoebus\services\alarm-logger\target
[INFO] 
[INFO] --- git-commit-id-maven-plugin:9.0.1:revision (get-the-git-infos) @ service-alarm-logger ---
[INFO] 
[INFO] --- maven-resources-plugin:2.6:resources (default-resources) @ service-alarm-logger ---
[INFO] Using 'UTF-8' encoding to copy filtered resources.
[INFO] Copying 1 resource
[INFO] Copying 5 resources
[INFO] 
[INFO] --- maven-compiler-plugin:3.6.2:compile (default-compile) @ service-alarm-logger ---
[INFO] Changes detected - recompiling the module!
[INFO] Compiling 11 source files to C:\myLocalRepo\phoebus-fnal\lib\phoebus\services\alarm-logger\target\classes
[INFO] 
[INFO] --- maven-resources-plugin:2.6:testResources (default-testResources) @ service-alarm-logger ---
[INFO] Using 'UTF-8' encoding to copy filtered resources.
[INFO] Copying 1 resource
[INFO] 
[INFO] --- maven-compiler-plugin:3.6.2:testCompile (default-testCompile) @ service-alarm-logger ---
[INFO] Changes detected - recompiling the module!
[INFO] Compiling 1 source file to C:\myLocalRepo\phoebus-fnal\lib\phoebus\services\alarm-logger\target\test-classes
[INFO] 
[INFO] --- maven-surefire-plugin:3.0.0-M7:test (default-test) @ service-alarm-logger ---
[INFO] Tests are skipped.
[INFO] 
[INFO] --- maven-jar-plugin:3.3.0:jar (default-jar) @ service-alarm-logger ---
[INFO] Building jar: C:\myLocalRepo\phoebus-fnal\lib\phoebus\services\alarm-logger\target\service-alarm-logger-5.0.2.jar
[INFO] 
[INFO] --- maven-assembly-plugin:3.2.0:single (make-assembly) @ service-alarm-logger ---
[INFO] Reading assembly descriptor: src/assembly/src.xml
[ERROR] OS=Windows and the assembly descriptor contains a *nix-specific root-relative reference (starting with slash): /
[ERROR] OS=Windows and the assembly descriptor contains a *nix-specific root-relative reference (starting with slash): /
[INFO] Building tar: C:\myLocalRepo\phoebus-fnal\lib\phoebus\services\alarm-logger\target\service-alarm-logger-5.0.2.tar.gz
[ERROR] OS=Windows and the assembly descriptor contains a *nix-specific root-relative reference (starting with slash): /
[ERROR] OS=Windows and the assembly descriptor contains a *nix-specific root-relative reference (starting with slash): /
[INFO] Building zip: C:\myLocalRepo\phoebus-fnal\lib\phoebus\services\alarm-logger\target\service-alarm-logger-5.0.2.zip
[INFO] 
[INFO] --- spring-boot-maven-plugin:2.7.9:repackage (default) @ service-alarm-logger ---
[INFO] Replacing main artifact with repackaged archive
[INFO] 
[INFO] --- maven-failsafe-plugin:2.22.0:integration-test (default) @ service-alarm-logger ---
[INFO] Tests are skipped.
[INFO] 
[INFO] --- maven-failsafe-plugin:2.22.0:verify (default) @ service-alarm-logger ---
[INFO] Tests are skipped.
[INFO] 
[INFO] --- maven-install-plugin:2.4:install (default-install) @ service-alarm-logger ---
[INFO] Installing C:\myLocalRepo\phoebus-fnal\lib\phoebus\services\alarm-logger\target\service-alarm-logger-5.0.2.jar to C:\Users\zyuan\.m2\repository\org\phoebus\service-alarm-logger\5.0.2\service-alarm-logger-5.0.2.jar
[INFO] Installing C:\myLocalRepo\phoebus-fnal\lib\phoebus\services\alarm-logger\pom.xml to C:\Users\zyuan\.m2\repository\org\phoebus\service-alarm-logger\5.0.2\service-alarm-logger-5.0.2.pom
[INFO] Installing C:\myLocalRepo\phoebus-fnal\lib\phoebus\services\alarm-logger\target\service-alarm-logger-5.0.2.tar.gz to C:\Users\zyuan\.m2\repository\org\phoebus\service-alarm-logger\5.0.2\service-alarm-logger-5.0.2.tar.gz
[INFO] Installing C:\myLocalRepo\phoebus-fnal\lib\phoebus\services\alarm-logger\target\service-alarm-logger-5.0.2.zip to C:\Users\zyuan\.m2\repository\org\phoebus\service-alarm-logger\5.0.2\service-alarm-logger-5.0.2.zip
[INFO] 
[INFO] --------------< org.phoebus:service-alarm-config-logger >---------------
[INFO] Building service-alarm-config-logger 5.0.2                     [101/112]
[INFO]   from lib\phoebus\services\alarm-config-logger\pom.xml
[INFO] --------------------------------[ jar ]---------------------------------
[INFO] 
[INFO] --- maven-clean-plugin:2.5:clean (default-clean) @ service-alarm-config-logger ---
[INFO] Deleting C:\myLocalRepo\phoebus-fnal\lib\phoebus\services\alarm-config-logger\target
[INFO] 
[INFO] --- git-commit-id-maven-plugin:9.0.1:revision (get-the-git-infos) @ service-alarm-config-logger ---
[INFO] 
[INFO] --- maven-resources-plugin:2.6:resources (default-resources) @ service-alarm-config-logger ---
[INFO] Using 'UTF-8' encoding to copy filtered resources.
[INFO] Copying 1 resource
[INFO] 
[INFO] --- maven-compiler-plugin:3.6.2:compile (default-compile) @ service-alarm-config-logger ---
[INFO] Changes detected - recompiling the module!
[INFO] Compiling 3 source files to C:\myLocalRepo\phoebus-fnal\lib\phoebus\services\alarm-config-logger\target\classes
[INFO] 
[INFO] --- maven-resources-plugin:2.6:testResources (default-testResources) @ service-alarm-config-logger ---
[INFO] Using 'UTF-8' encoding to copy filtered resources.
[INFO] skip non existing resourceDirectory C:\myLocalRepo\phoebus-fnal\lib\phoebus\services\alarm-config-logger\src\test\resources
[INFO] 
[INFO] --- maven-compiler-plugin:3.6.2:testCompile (default-testCompile) @ service-alarm-config-logger ---
[INFO] No sources to compile
[INFO] 
[INFO] --- maven-surefire-plugin:3.0.0-M7:test (default-test) @ service-alarm-config-logger ---
[INFO] Tests are skipped.
[INFO] 
[INFO] --- maven-jar-plugin:3.3.0:jar (default-jar) @ service-alarm-config-logger ---
[INFO] Building jar: C:\myLocalRepo\phoebus-fnal\lib\phoebus\services\alarm-config-logger\target\service-alarm-config-logger-5.0.2.jar
[INFO] 
[INFO] --- maven-assembly-plugin:3.2.0:single (make-assembly) @ service-alarm-config-logger ---
[INFO] Reading assembly descriptor: src/assembly/src.xml
[ERROR] OS=Windows and the assembly descriptor contains a *nix-specific root-relative reference (starting with slash): /
[ERROR] OS=Windows and the assembly descriptor contains a *nix-specific root-relative reference (starting with slash): /
[INFO] Building tar: C:\myLocalRepo\phoebus-fnal\lib\phoebus\services\alarm-config-logger\target\service-alarm-config-logger-5.0.2.tar.gz
[ERROR] OS=Windows and the assembly descriptor contains a *nix-specific root-relative reference (starting with slash): /
[ERROR] OS=Windows and the assembly descriptor contains a *nix-specific root-relative reference (starting with slash): /
[INFO] Building zip: C:\myLocalRepo\phoebus-fnal\lib\phoebus\services\alarm-config-logger\target\service-alarm-config-logger-5.0.2.zip
[INFO] 
[INFO] --- spring-boot-maven-plugin:2.7.9:repackage (default) @ service-alarm-config-logger ---
[INFO] Replacing main artifact with repackaged archive
[INFO] 
[INFO] --- maven-failsafe-plugin:2.22.0:integration-test (default) @ service-alarm-config-logger ---
[INFO] Tests are skipped.
[INFO] 
[INFO] --- maven-failsafe-plugin:2.22.0:verify (default) @ service-alarm-config-logger ---
[INFO] Tests are skipped.
[INFO] 
[INFO] --- maven-install-plugin:2.4:install (default-install) @ service-alarm-config-logger ---
[INFO] Installing C:\myLocalRepo\phoebus-fnal\lib\phoebus\services\alarm-config-logger\target\service-alarm-config-logger-5.0.2.jar to C:\Users\zyuan\.m2\repository\org\phoebus\service-alarm-config-logger\5.0.2\service-alarm-config-logger-5.0.2.jar
[INFO] Installing C:\myLocalRepo\phoebus-fnal\lib\phoebus\services\alarm-config-logger\pom.xml to C:\Users\zyuan\.m2\repository\org\phoebus\service-alarm-config-logger\5.0.2\service-alarm-config-logger-5.0.2.pom
[INFO] Installing C:\myLocalRepo\phoebus-fnal\lib\phoebus\services\alarm-config-logger\target\service-alarm-config-logger-5.0.2.tar.gz to C:\Users\zyuan\.m2\repository\org\phoebus\service-alarm-config-logger\5.0.2\service-alarm-config-logger-5.0.2.tar.gz
[INFO] Installing C:\myLocalRepo\phoebus-fnal\lib\phoebus\services\alarm-config-logger\target\service-alarm-config-logger-5.0.2.zip to C:\Users\zyuan\.m2\repository\org\phoebus\service-alarm-config-logger\5.0.2\service-alarm-config-logger-5.0.2.zip
[INFO] 
[INFO] ----------------< org.phoebus:service-save-and-restore >----------------
[INFO] Building service-save-and-restore 5.0.2                        [102/112]
[INFO]   from lib\phoebus\services\save-and-restore\pom.xml
[INFO] --------------------------------[ jar ]---------------------------------
[INFO] 
[INFO] --- maven-clean-plugin:2.5:clean (default-clean) @ service-save-and-restore ---
[INFO] Deleting C:\myLocalRepo\phoebus-fnal\lib\phoebus\services\save-and-restore\target
[INFO] 
[INFO] --- git-commit-id-maven-plugin:9.0.1:revision (get-the-git-infos) @ service-save-and-restore ---
[INFO] 
[INFO] --- maven-resources-plugin:2.6:resources (default-resources) @ service-save-and-restore ---
[INFO] Using 'UTF-8' encoding to copy filtered resources.
[INFO] Copying 9 resources
[INFO] 
[INFO] --- maven-compiler-plugin:3.6.2:compile (default-compile) @ service-save-and-restore ---
[INFO] Changes detected - recompiling the module!
[INFO] Compiling 41 source files to C:\myLocalRepo\phoebus-fnal\lib\phoebus\services\save-and-restore\target\classes
[INFO] 
[INFO] --- maven-resources-plugin:2.6:testResources (default-testResources) @ service-save-and-restore ---
[INFO] Using 'UTF-8' encoding to copy filtered resources.
[INFO] Copying 2 resources
[INFO] 
[INFO] --- maven-compiler-plugin:3.6.2:testCompile (default-testCompile) @ service-save-and-restore ---
[INFO] Changes detected - recompiling the module!
[INFO] Compiling 28 source files to C:\myLocalRepo\phoebus-fnal\lib\phoebus\services\save-and-restore\target\test-classes
[INFO] 
[INFO] --- maven-surefire-plugin:3.0.0-M7:test (default-test) @ service-save-and-restore ---
[INFO] Tests are skipped.
[INFO] 
[INFO] --- maven-jar-plugin:3.3.0:jar (default-jar) @ service-save-and-restore ---
[INFO] Building jar: C:\myLocalRepo\phoebus-fnal\lib\phoebus\services\save-and-restore\target\service-save-and-restore-5.0.2.jar
[INFO] 
[INFO] --- spring-boot-maven-plugin:2.7.9:repackage (default) @ service-save-and-restore ---
[INFO] Replacing main artifact with repackaged archive
[INFO] 
[INFO] --- maven-failsafe-plugin:2.22.0:integration-test (default) @ service-save-and-restore ---
[INFO] Tests are skipped.
[INFO] 
[INFO] --- maven-failsafe-plugin:2.22.0:verify (default) @ service-save-and-restore ---
[INFO] Tests are skipped.
[INFO] 
[INFO] --- maven-install-plugin:2.4:install (default-install) @ service-save-and-restore ---
[INFO] Installing C:\myLocalRepo\phoebus-fnal\lib\phoebus\services\save-and-restore\target\service-save-and-restore-5.0.2.jar to C:\Users\zyuan\.m2\repository\org\phoebus\service-save-and-restore\5.0.2\service-save-and-restore-5.0.2.jar
[INFO] Installing C:\myLocalRepo\phoebus-fnal\lib\phoebus\services\save-and-restore\pom.xml to C:\Users\zyuan\.m2\repository\org\phoebus\service-save-and-restore\5.0.2\service-save-and-restore-5.0.2.pom
[INFO] 
[INFO] --------------------------< org.phoebus:fnal >--------------------------
[INFO] Building FNAL Phoebus Product 5.0.2-85                         [103/112]
[INFO]   from pom.xml
[INFO] --------------------------------[ pom ]---------------------------------
[INFO] 
[INFO] --- maven-clean-plugin:2.5:clean (default-clean) @ fnal ---
[INFO] 
[INFO] --- maven-install-plugin:2.4:install (default-install) @ fnal ---
[INFO] Installing C:\myLocalRepo\phoebus-fnal\pom.xml to C:\Users\zyuan\.m2\repository\org\phoebus\fnal\5.0.2-85\fnal-5.0.2-85.pom
[INFO] 
[INFO] ---------------------< org.phoebus:acnet-setting >----------------------
[INFO] Building acnet-setting 5.0.2-85                                [104/112]
[INFO]   from acnet-setting\pom.xml
[INFO] --------------------------------[ jar ]---------------------------------
[INFO] 
[INFO] --- maven-clean-plugin:2.5:clean (default-clean) @ acnet-setting ---
[INFO] Deleting C:\myLocalRepo\phoebus-fnal\acnet-setting\target
[INFO] 
[INFO] --- maven-resources-plugin:2.6:resources (default-resources) @ acnet-setting ---
[INFO] Using 'UTF-8' encoding to copy filtered resources.
[INFO] Copying 4 resources
[INFO] 
[INFO] --- maven-compiler-plugin:3.11.0:compile (default-compile) @ acnet-setting ---
[INFO] Changes detected - recompiling the module! :dependency
[INFO] Compiling 3 source files with javac [debug target 21] to target\classes
[INFO] 
[INFO] --- maven-resources-plugin:2.6:testResources (default-testResources) @ acnet-setting ---
[INFO] Using 'UTF-8' encoding to copy filtered resources.
[INFO] skip non existing resourceDirectory C:\myLocalRepo\phoebus-fnal\acnet-setting\src\test\resources
[INFO] 
[INFO] --- maven-compiler-plugin:3.11.0:testCompile (default-testCompile) @ acnet-setting ---
[INFO] No sources to compile
[INFO] 
[INFO] --- maven-surefire-plugin:3.2.5:test (default-test) @ acnet-setting ---
[INFO] Tests are skipped.
[INFO] 
[INFO] --- maven-jar-plugin:2.4:jar (default-jar) @ acnet-setting ---
[INFO] Building jar: C:\myLocalRepo\phoebus-fnal\acnet-setting\target\acnet-setting-5.0.2-85.jar
[INFO] 
[INFO] --- maven-install-plugin:2.4:install (default-install) @ acnet-setting ---
[INFO] Installing C:\myLocalRepo\phoebus-fnal\acnet-setting\target\acnet-setting-5.0.2-85.jar to C:\Users\zyuan\.m2\repository\org\phoebus\acnet-setting\5.0.2-85\acnet-setting-5.0.2-85.jar
[INFO] Installing C:\myLocalRepo\phoebus-fnal\acnet-setting\pom.xml to C:\Users\zyuan\.m2\repository\org\phoebus\acnet-setting\5.0.2-85\acnet-setting-5.0.2-85.pom
[INFO] 
[INFO] ------------------< org.phoebus:byte-monitor-labels >-------------------
[INFO] Building byte-monitor-labels 5.0.2-85                          [105/112]
[INFO]   from byte-monitor-labels\pom.xml
[INFO] --------------------------------[ jar ]---------------------------------
[INFO] 
[INFO] --- maven-clean-plugin:2.5:clean (default-clean) @ byte-monitor-labels ---
[INFO] Deleting C:\myLocalRepo\phoebus-fnal\byte-monitor-labels\target
[INFO] 
[INFO] --- maven-resources-plugin:2.6:resources (default-resources) @ byte-monitor-labels ---
[INFO] Using 'UTF-8' encoding to copy filtered resources.
[INFO] Copying 1 resource
[INFO] 
[INFO] --- maven-compiler-plugin:3.11.0:compile (default-compile) @ byte-monitor-labels ---
[INFO] Changes detected - recompiling the module! :dependency
[INFO] Compiling 3 source files with javac [debug target 21] to target\classes
[INFO] 
[INFO] --- maven-resources-plugin:2.6:testResources (default-testResources) @ byte-monitor-labels ---
[INFO] Using 'UTF-8' encoding to copy filtered resources.
[INFO] skip non existing resourceDirectory C:\myLocalRepo\phoebus-fnal\byte-monitor-labels\src\test\resources
[INFO] 
[INFO] --- maven-compiler-plugin:3.11.0:testCompile (default-testCompile) @ byte-monitor-labels ---
[INFO] No sources to compile
[INFO] 
[INFO] --- maven-surefire-plugin:3.2.5:test (default-test) @ byte-monitor-labels ---
[INFO] Tests are skipped.
[INFO] 
[INFO] --- maven-jar-plugin:2.4:jar (default-jar) @ byte-monitor-labels ---
[INFO] Building jar: C:\myLocalRepo\phoebus-fnal\byte-monitor-labels\target\byte-monitor-labels-5.0.2-85.jar
[INFO] 
[INFO] --- maven-install-plugin:2.4:install (default-install) @ byte-monitor-labels ---
[INFO] Installing C:\myLocalRepo\phoebus-fnal\byte-monitor-labels\target\byte-monitor-labels-5.0.2-85.jar to C:\Users\zyuan\.m2\repository\org\phoebus\byte-monitor-labels\5.0.2-85\byte-monitor-labels-5.0.2-85.jar
[INFO] Installing C:\myLocalRepo\phoebus-fnal\byte-monitor-labels\pom.xml to C:\Users\zyuan\.m2\repository\org\phoebus\byte-monitor-labels\5.0.2-85\byte-monitor-labels-5.0.2-85.pom
[INFO] 
[INFO] ----------------------< org.phoebus:fnal-product >----------------------
[INFO] Building FNAL Phoebus Product 5.0.2-85                         [106/112]
[INFO]   from product-fnal\pom.xml
[INFO] --------------------------------[ jar ]---------------------------------
[INFO] 
[INFO] --- maven-clean-plugin:2.5:clean (default-clean) @ fnal-product ---
[INFO] Deleting C:\myLocalRepo\phoebus-fnal\product-fnal\target
[INFO] ------------------------------------------------------------------------
[INFO] Reactor Summary:
[INFO] 
[INFO] phoebus (parent) 5.0.2 ............................. SUCCESS [  1.624 s]
[INFO] dependencies 5.0.2 ................................. SUCCESS [  0.039 s]
[INFO] install-jars 5.0.2 ................................. SUCCESS [  7.101 s]
[INFO] phoebus-target 5.0.2 ............................... SUCCESS [ 10.612 s]
[INFO] core 5.0.2 ......................................... SUCCESS [  0.172 s]
[INFO] core-pva 5.0.2 ..................................... SUCCESS [ 19.053 s]
[INFO] core-vtype 5.0.2 ................................... SUCCESS [  7.525 s]
[INFO] core-util 5.0.2 .................................... SUCCESS [  8.417 s]
[INFO] core-formula 5.0.2 ................................. SUCCESS [ 11.505 s]
[INFO] core-framework 5.0.2 ............................... SUCCESS [ 10.588 s]
[INFO] core-types 5.0.2 ................................... SUCCESS [  3.438 s]
[INFO] core-pv 5.0.2 ...................................... SUCCESS [  8.899 s]
[INFO] core-pv-ca 5.0.2 ................................... SUCCESS [  6.345 s]
[INFO] core-pv-jackie 5.0.2 ............................... SUCCESS [  8.090 s]
[INFO] core-pv-mqtt 5.0.2 ................................. SUCCESS [  4.296 s]
[INFO] core-pv-opva 5.0.2 ................................. SUCCESS [  5.148 s]
[INFO] core-pv-pva 5.0.2 .................................. SUCCESS [  7.301 s]
[INFO] core-pv-tango 5.0.2 ................................ SUCCESS [  5.025 s]
[INFO] core-security 5.0.2 ................................ SUCCESS [  6.946 s]
[INFO] core-ui 5.0.2 ...................................... SUCCESS [ 18.253 s]
[INFO] core-logbook 5.0.2 ................................. SUCCESS [  4.339 s]
[INFO] core-email 5.0.2 ................................... SUCCESS [  3.528 s]
[INFO] core-launcher 5.0.2 ................................ SUCCESS [  4.562 s]
[INFO] app 5.0.2 .......................................... SUCCESS [  0.014 s]
[INFO] app-diag 5.0.2 ..................................... SUCCESS [  7.417 s]
[INFO] app-log-configuration 5.0.2 ........................ SUCCESS [  4.794 s]
[INFO] app-probe 5.0.2 .................................... SUCCESS [  5.235 s]
[INFO] app-pvtable 5.0.2 .................................. SUCCESS [  6.181 s]
[INFO] app-pvtree 5.0.2 ................................... SUCCESS [  7.814 s]
[INFO] app-update 5.0.2 ................................... SUCCESS [  7.053 s]
[INFO] app-email 5.0.2 .................................... SUCCESS [  0.019 s]
[INFO] app-email-ui 5.0.2 ................................. SUCCESS [  7.565 s]
[INFO] app-errlog 5.0.2 ................................... SUCCESS [  6.658 s]
[INFO] app-filebrowser 5.0.2 .............................. SUCCESS [  5.727 s]
[INFO] app-logbook 5.0.2 .................................. SUCCESS [  0.021 s]
[INFO] app-logbook-inmemory 5.0.2 ......................... SUCCESS [  3.812 s]
[INFO] app-logbook-ui 5.0.2 ............................... SUCCESS [ 10.802 s]
[INFO] app-logbook-olog 5.0.2 ............................. SUCCESS [  0.021 s]
[INFO] app-logbook-olog-client 5.0.2 ...................... SUCCESS [  6.078 s]
[INFO] app-logbook-olog-client-es 5.0.2 ................... SUCCESS [  7.412 s]
[INFO] app-logbook-olog-ui 5.0.2 .......................... SUCCESS [ 13.092 s]
[INFO] app-logbook-elog 5.0.2 ............................. SUCCESS [  5.362 s]
[INFO] app-rtplot 5.0.2 ................................... SUCCESS [ 12.735 s]
[INFO] app-trends 5.0.2 ................................... SUCCESS [  0.040 s]
[INFO] app-trends-archive-reader 5.0.2 .................... SUCCESS [  9.654 s]
[INFO] app-databrowser 5.0.2 .............................. SUCCESS [ 15.097 s]
[INFO] app-databrowser-json 5.0.2 ......................... SUCCESS [  8.196 s]
[INFO] app-databrowser-timescale 5.0.2 .................... SUCCESS [  5.075 s]
[INFO] app-display 5.0.2 .................................. SUCCESS [  0.023 s]
[INFO] app-display-model 5.0.2 ............................ SUCCESS [ 24.641 s]
[INFO] app-display-representation 5.0.2 ................... SUCCESS [  6.884 s]
[INFO] app-3d-viewer 5.0.2 ................................ SUCCESS [  7.266 s]
[INFO] app-display-representation-javafx 5.0.2 ............ SUCCESS [ 17.530 s]
[INFO] app-display-fonts 5.0.2 ............................ SUCCESS [  4.151 s]
[INFO] app-display-actions 5.0.2 .......................... SUCCESS [  8.592 s]
[INFO] app-display-runtime 5.0.2 .......................... SUCCESS [ 13.307 s]
[INFO] app-display-editor 5.0.2 ........................... SUCCESS [ 12.835 s]
[INFO] app-display-convert-medm 5.0.2 ..................... SUCCESS [ 10.146 s]
[INFO] app-display-convert-edm 5.0.2 ...................... SUCCESS [ 11.215 s]
[INFO] app-display-navigation 5.0.2 ....................... SUCCESS [  7.631 s]
[INFO] app-display-adapters 5.0.2 ......................... SUCCESS [  4.570 s]
[INFO] app-display-thumbwheel 5.0.2 ....................... SUCCESS [  5.864 s]
[INFO] app-display-linearmeter 5.0.2 ...................... SUCCESS [  5.942 s]
[INFO] app-alarm 5.0.2 .................................... SUCCESS [  0.020 s]
[INFO] app-alarm-model 5.0.2 .............................. SUCCESS [  9.188 s]
[INFO] app-alarm-ui 5.0.2 ................................. SUCCESS [ 12.052 s]
[INFO] app-alarm-logging-ui 5.0.2 ......................... SUCCESS [  7.279 s]
[INFO] app-alarm-datasouce 5.0.2 .......................... SUCCESS [  7.818 s]
[INFO] app-alarm-freetts-annunciator 5.0.2 ................ SUCCESS [  6.534 s]
[INFO] app-alarm-audio-annunciator 5.0.2 .................. SUCCESS [  4.892 s]
[INFO] app-scan 5.0.2 ..................................... SUCCESS [  0.022 s]
[INFO] app-scan-model 5.0.2 ............................... SUCCESS [  8.973 s]
[INFO] app-scan-client 5.0.2 .............................. SUCCESS [  5.991 s]
[INFO] app-scan-ui 5.0.2 .................................. SUCCESS [ 10.431 s]
[INFO] app-channel 5.0.2 .................................. SUCCESS [  0.021 s]
[INFO] app-channel-channelfinder 5.0.2 .................... SUCCESS [  5.603 s]
[INFO] app-channel-utility 5.0.2 .......................... SUCCESS [  4.832 s]
[INFO] app-channel-views 5.0.2 ............................ SUCCESS [  8.535 s]
[INFO] app-perfmon 5.0.2 .................................. SUCCESS [  4.160 s]
[INFO] app-pace 5.0.2 ..................................... SUCCESS [  7.640 s]
[INFO] app-save-and-restore 5.0.2 ......................... SUCCESS [  0.033 s]
[INFO] save-and-restore-model 5.0.2 ....................... SUCCESS [  7.775 s]
[INFO] save-and-restore-util 5.0.2 ........................ SUCCESS [  8.564 s]
[INFO] app-trends-archive-datasource 5.0.2 ................ SUCCESS [  4.620 s]
[INFO] save-and-restore 5.0.2 ............................. SUCCESS [ 17.662 s]
[INFO] save-and-restore-logging 5.0.2 ..................... SUCCESS [  6.653 s]
[INFO] app-console 5.0.2 .................................. SUCCESS [  6.616 s]
[INFO] app-trends-rich-adapters 5.0.2 ..................... SUCCESS [  6.581 s]
[INFO] app-trends-simple-adapters 5.0.2 ................... SUCCESS [  4.469 s]
[INFO] app-utility 5.0.2 .................................. SUCCESS [  0.017 s]
[INFO] app-utility-preference-manager 5.0.2 ............... SUCCESS [  6.898 s]
[INFO] app-imageviewer 5.0.2 .............................. SUCCESS [  6.847 s]
[INFO] app-credentials-management 5.0.2 ................... SUCCESS [  4.694 s]
[INFO] app-eslog 5.0.2 .................................... SUCCESS [  6.334 s]
[INFO] product 5.0.2 ...................................... SUCCESS [ 16.409 s]
[INFO] services 5.0.2 ..................................... SUCCESS [  0.016 s]
[INFO] service-alarm-server 5.0.2 ......................... SUCCESS [ 17.544 s]
[INFO] service-archive-engine 5.0.2 ....................... SUCCESS [ 10.086 s]
[INFO] service-scan-server 5.0.2 .......................... SUCCESS [ 12.388 s]
[INFO] service-alarm-logger 5.0.2 ......................... SUCCESS [ 10.527 s]
[INFO] service-alarm-config-logger 5.0.2 .................. SUCCESS [  5.774 s]
[INFO] service-save-and-restore 5.0.2 ..................... SUCCESS [ 17.500 s]
[INFO] FNAL Phoebus Product 5.0.2-85 ...................... SUCCESS [  0.010 s]
[INFO] acnet-setting 5.0.2-85 ............................. SUCCESS [  2.380 s]
[INFO] byte-monitor-labels 5.0.2-85 ....................... SUCCESS [  1.627 s]
[INFO] FNAL Phoebus Product 5.0.2-85 ...................... FAILURE [  1.356 s]
[INFO] fnal-alarm-server 5.0.2-85 ......................... SKIPPED
[INFO] org.phoebus:app-scan 5.0.2-85 ...................... SKIPPED
[INFO] org.phoebus:app-scan-model 5.0.2-85 ................ SKIPPED
[INFO] org.phoebus:app-scan-client 5.0.2-85 ............... SKIPPED
[INFO] org.phoebus:app-scan-ui 5.0.2-85 ................... SKIPPED
[INFO] fnal-scan-server 5.0.2-85 .......................... SKIPPED
[INFO] ------------------------------------------------------------------------
[INFO] BUILD FAILURE
[INFO] ------------------------------------------------------------------------
[INFO] Total time:  12:27 min
[INFO] Finished at: 2026-02-23T16:31:32-06:00
[INFO] ------------------------------------------------------------------------
[ERROR] Failed to execute goal org.apache.maven.plugins:maven-clean-plugin:2.5:clean (default-clean) on project fnal-product: Failed to clean project: Failed to delete C:\myLocalRepo\phoebus-fnal\product-fnal\target\site_splash.png -> [Help 1]
[ERROR] 
[ERROR] To see the full stack trace of the errors, re-run Maven with the -e switch.
[ERROR] Re-run Maven using the -X switch to enable full debug logging.
[ERROR] 
[ERROR] For more information about the errors and possible solutions, please read the following articles:
[ERROR] [Help 1] http://cwiki.apache.org/confluence/display/MAVEN/MojoExecutionException
[ERROR] 
[ERROR] After correcting the problems, you can resume the build with the command
[ERROR]   mvn <args> -rf :fnal-product
